Archive member included to satisfy reference by file (symbol)

c:/progra~1/raspbe~1/picosd~1.1/gcc-ar~1/bin/../lib/gcc/arm-none-eabi/10.3.1/thumb/v6-m/nofp\libgcc.a(_dvmd_tls.o)
                              CMakeFiles/myBlink_w.dir/C_/Program_Files/Raspberry_Pi/Pico_SDK_v1.5.1/pico-sdk/src/rp2_common/pico_divider/divider.S.obj (__aeabi_idiv0)
c:/progra~1/raspbe~1/picosd~1.1/gcc-ar~1/bin/../lib/gcc/arm-none-eabi/10.3.1/../../../../arm-none-eabi/lib/thumb/v6-m/nofp\libg.a(lib_a-calloc.o)
                              CMakeFiles/myBlink_w.dir/C_/Program_Files/Raspberry_Pi/Pico_SDK_v1.5.1/pico-sdk/src/rp2_common/pico_malloc/pico_malloc.c.obj (calloc)
c:/progra~1/raspbe~1/picosd~1.1/gcc-ar~1/bin/../lib/gcc/arm-none-eabi/10.3.1/../../../../arm-none-eabi/lib/thumb/v6-m/nofp\libg.a(lib_a-callocr.o)
                              c:/progra~1/raspbe~1/picosd~1.1/gcc-ar~1/bin/../lib/gcc/arm-none-eabi/10.3.1/../../../../arm-none-eabi/lib/thumb/v6-m/nofp\libg.a(lib_a-calloc.o) (_calloc_r)
c:/progra~1/raspbe~1/picosd~1.1/gcc-ar~1/bin/../lib/gcc/arm-none-eabi/10.3.1/../../../../arm-none-eabi/lib/thumb/v6-m/nofp\libg.a(lib_a-errno.o)
                              c:/progra~1/raspbe~1/picosd~1.1/gcc-ar~1/bin/../lib/gcc/arm-none-eabi/10.3.1/../../../../arm-none-eabi/lib/thumb/v6-m/nofp\libg.a(lib_a-callocr.o) (__errno)
c:/progra~1/raspbe~1/picosd~1.1/gcc-ar~1/bin/../lib/gcc/arm-none-eabi/10.3.1/../../../../arm-none-eabi/lib/thumb/v6-m/nofp\libg.a(lib_a-impure.o)
                              c:/progra~1/raspbe~1/picosd~1.1/gcc-ar~1/bin/../lib/gcc/arm-none-eabi/10.3.1/../../../../arm-none-eabi/lib/thumb/v6-m/nofp\libg.a(lib_a-calloc.o) (_impure_ptr)
c:/progra~1/raspbe~1/picosd~1.1/gcc-ar~1/bin/../lib/gcc/arm-none-eabi/10.3.1/../../../../arm-none-eabi/lib/thumb/v6-m/nofp\libg.a(lib_a-init.o)
                              c:/progra~1/raspbe~1/picosd~1.1/gcc-ar~1/bin/../lib/gcc/arm-none-eabi/10.3.1/../../../../arm-none-eabi/lib/thumb/v6-m/nofp/crt0.o (__libc_init_array)
c:/progra~1/raspbe~1/picosd~1.1/gcc-ar~1/bin/../lib/gcc/arm-none-eabi/10.3.1/../../../../arm-none-eabi/lib/thumb/v6-m/nofp\libg.a(lib_a-malloc.o)
                              CMakeFiles/myBlink_w.dir/C_/Program_Files/Raspberry_Pi/Pico_SDK_v1.5.1/pico-sdk/src/rp2_common/pico_malloc/pico_malloc.c.obj (malloc)
c:/progra~1/raspbe~1/picosd~1.1/gcc-ar~1/bin/../lib/gcc/arm-none-eabi/10.3.1/../../../../arm-none-eabi/lib/thumb/v6-m/nofp\libg.a(lib_a-mallocr.o)
                              c:/progra~1/raspbe~1/picosd~1.1/gcc-ar~1/bin/../lib/gcc/arm-none-eabi/10.3.1/../../../../arm-none-eabi/lib/thumb/v6-m/nofp\libg.a(lib_a-callocr.o) (_malloc_r)
c:/progra~1/raspbe~1/picosd~1.1/gcc-ar~1/bin/../lib/gcc/arm-none-eabi/10.3.1/../../../../arm-none-eabi/lib/thumb/v6-m/nofp\libg.a(lib_a-memcmp.o)
                              CMakeFiles/myBlink_w.dir/C_/Program_Files/Raspberry_Pi/Pico_SDK_v1.5.1/pico-sdk/lib/cyw43-driver/src/cyw43_ll.c.obj (memcmp)
c:/progra~1/raspbe~1/picosd~1.1/gcc-ar~1/bin/../lib/gcc/arm-none-eabi/10.3.1/../../../../arm-none-eabi/lib/thumb/v6-m/nofp\libg.a(lib_a-memmove.o)
                              CMakeFiles/myBlink_w.dir/C_/Program_Files/Raspberry_Pi/Pico_SDK_v1.5.1/pico-sdk/lib/cyw43-driver/src/cyw43_ll.c.obj (memmove)
c:/progra~1/raspbe~1/picosd~1.1/gcc-ar~1/bin/../lib/gcc/arm-none-eabi/10.3.1/../../../../arm-none-eabi/lib/thumb/v6-m/nofp\libg.a(lib_a-mlock.o)
                              c:/progra~1/raspbe~1/picosd~1.1/gcc-ar~1/bin/../lib/gcc/arm-none-eabi/10.3.1/../../../../arm-none-eabi/lib/thumb/v6-m/nofp\libg.a(lib_a-mallocr.o) (__malloc_lock)
c:/progra~1/raspbe~1/picosd~1.1/gcc-ar~1/bin/../lib/gcc/arm-none-eabi/10.3.1/../../../../arm-none-eabi/lib/thumb/v6-m/nofp\libg.a(lib_a-rand.o)
                              CMakeFiles/myBlink_w.dir/myBlink_w.c.obj (srand)
c:/progra~1/raspbe~1/picosd~1.1/gcc-ar~1/bin/../lib/gcc/arm-none-eabi/10.3.1/../../../../arm-none-eabi/lib/thumb/v6-m/nofp\libg.a(lib_a-realloc.o)
                              CMakeFiles/myBlink_w.dir/C_/Program_Files/Raspberry_Pi/Pico_SDK_v1.5.1/pico-sdk/src/rp2_common/pico_malloc/pico_malloc.c.obj (realloc)
c:/progra~1/raspbe~1/picosd~1.1/gcc-ar~1/bin/../lib/gcc/arm-none-eabi/10.3.1/../../../../arm-none-eabi/lib/thumb/v6-m/nofp\libg.a(lib_a-reallocr.o)
                              c:/progra~1/raspbe~1/picosd~1.1/gcc-ar~1/bin/../lib/gcc/arm-none-eabi/10.3.1/../../../../arm-none-eabi/lib/thumb/v6-m/nofp\libg.a(lib_a-realloc.o) (_realloc_r)
c:/progra~1/raspbe~1/picosd~1.1/gcc-ar~1/bin/../lib/gcc/arm-none-eabi/10.3.1/../../../../arm-none-eabi/lib/thumb/v6-m/nofp\libg.a(lib_a-sbrkr.o)
                              c:/progra~1/raspbe~1/picosd~1.1/gcc-ar~1/bin/../lib/gcc/arm-none-eabi/10.3.1/../../../../arm-none-eabi/lib/thumb/v6-m/nofp\libg.a(lib_a-mallocr.o) (_sbrk_r)
c:/progra~1/raspbe~1/picosd~1.1/gcc-ar~1/bin/../lib/gcc/arm-none-eabi/10.3.1/../../../../arm-none-eabi/lib/thumb/v6-m/nofp\libg.a(lib_a-strlen-stub.o)
[...]
Memory Configuration

Name             Origin             Length             Attributes
FLASH            0x10000000         0x00200000         xr
RAM              0x20000000         0x00040000         xrw
SCRATCH_X        0x20040000         0x00001000         xrw
SCRATCH_Y        0x20041000         0x00001000         xrw
*default*        0x00000000         0xffffffff

Linker script and memory map

LOAD c:/progra~1/raspbe~1/picosd~1.1/gcc-ar~1/bin/../lib/gcc/arm-none-eabi/10.3.1/thumb/v6-m/nofp/crti.o
LOAD c:/progra~1/raspbe~1/picosd~1.1/gcc-ar~1/bin/../lib/gcc/arm-none-eabi/10.3.1/thumb/v6-m/nofp/crtbegin.o
LOAD c:/progra~1/raspbe~1/picosd~1.1/gcc-ar~1/bin/../lib/gcc/arm-none-eabi/10.3.1/../../../../arm-none-eabi/lib/thumb/v6-m/nofp/crt0.o

.flash_begin    0x10000000        0x0
                0x10000000                __flash_binary_start = .

.boot2          0x10000000      0x100
                0x10000000                __boot2_start__ = .
 *(.boot2)
 .boot2         0x10000000      0x100 C:\Users\ACER\AppData\Local\Temp\ccwjkyGe.o
                0x10000100                __boot2_end__ = .
                0x00000001                ASSERT (((__boot2_end__ - __boot2_start__) == 0x100), ERROR: Pico second stage bootloader must be 256 bytes in size)

.text           0x10000100     0x4960
                0x10000100                __logical_binary_start = .
 *(.vectors)
 .vectors       0x10000100       0xd4 CMakeFiles/myBlink_w.dir/C_/Program_Files/Raspberry_Pi/Pico_SDK_v1.5.1/pico-sdk/src/rp2_common/pico_standard_link/crt0.S.obj
                0x10000100                __VECTOR_TABLE
                0x10000100                __vectors
                0x100001c0                isr_invalid
                0x100001c0                __default_isrs_start
                0x100001c2                isr_nmi
                0x100001c4                isr_hardfault
                0x100001c6                isr_svcall
                0x100001c8                isr_pendsv
                0x100001ca                isr_systick
                0x100001cc                isr_irq23
                0x100001cc                isr_irq18
                0x100001cc                isr_irq11
                0x100001cc                isr_irq28
                0x100001cc                isr_irq19
                0x100001cc                isr_irq0
                0x100001cc                isr_irq6
                0x100001cc                isr_irq5
                0x100001cc                isr_irq12
                0x100001cc                isr_irq22
                0x100001cc                isr_irq31
                0x100001cc                isr_irq17
                0x100001cc                isr_irq27
                0x100001cc                isr_irq30
                0x100001cc                isr_irq2
                0x100001cc                isr_irq10
                0x100001cc                isr_irq8
                0x100001cc                isr_irq24
                0x100001cc                isr_irq1
                0x100001cc                isr_irq7
                0x100001cc                isr_irq21
                0x100001cc                isr_irq20
                0x100001cc                isr_irq15
                0x100001cc                isr_irq25
                0x100001cc                isr_irq13
                0x100001cc                __unhandled_user_irq
                0x100001cc                isr_irq4
                0x100001cc                isr_irq16
                0x100001cc                isr_irq29
                0x100001cc                isr_irq26
                0x100001cc                __default_isrs_end
                0x100001cc                isr_irq3
                0x100001cc                isr_irq14
                0x100001cc                isr_irq9
                0x100001d2                unhandled_user_irq_num_in_r0
 *(.binary_info_header)
 .binary_info_header
                0x100001d4       0x14 CMakeFiles/myBlink_w.dir/C_/Program_Files/Raspberry_Pi/Pico_SDK_v1.5.1/pico-sdk/src/rp2_common/pico_standard_link/crt0.S.obj
                0x100001e8                __binary_info_header_end = .
 *(.reset)
 .reset         0x100001e8       0xa0 CMakeFiles/myBlink_w.dir/C_/Program_Files/Raspberry_Pi/Pico_SDK_v1.5.1/pico-sdk/src/rp2_common/pico_standard_link/crt0.S.obj
                0x100001e8                _entry_point
 .reset         0x10000288       0x30 CMakeFiles/myBlink_w.dir/C_/Program_Files/Raspberry_Pi/Pico_SDK_v1.5.1/pico-sdk/src/rp2_common/pico_standard_link/binary_info.c.obj
 *(.init)
 .init          0x100002b8        0x4 c:/progra~1/raspbe~1/picosd~1.1/gcc-ar~1/bin/../lib/gcc/arm-none-eabi/10.3.1/thumb/v6-m/nofp/crti.o
                0x100002b8                _init
 *(EXCLUDE_FILE(*libm.a: *libc.a:*lib_a-mem*.o *libgcc.a:) .text*)
 .text          0x100002bc       0x48 c:/progra~1/raspbe~1/picosd~1.1/gcc-ar~1/bin/../lib/gcc/arm-none-eabi/10.3.1/thumb/v6-m/nofp/crtbegin.o
 .text.timer_callback_1
                0x10000304       0x10 CMakeFiles/myBlink_w.dir/myBlink_w.c.obj
                0x10000304                timer_callback_1
 .text.timer_callback_2
                0x10000314       0x20 CMakeFiles/myBlink_w.dir/myBlink_w.c.obj
                0x10000314                timer_callback_2
 .text.timer_callback_3
                0x10000334       0x20 CMakeFiles/myBlink_w.dir/myBlink_w.c.obj
                0x10000334                timer_callback_3
 .text.add_repeating_timer_ms
                0x10000354       0x3c CMakeFiles/myBlink_w.dir/myBlink_w.c.obj
 .text.to_do_sequence
                0x10000390       0x9c CMakeFiles/myBlink_w.dir/myBlink_w.c.obj
                0x10000390                to_do_sequence
 .text.random_number
                0x1000042c       0x2a CMakeFiles/myBlink_w.dir/myBlink_w.c.obj
                0x1000042c                random_number
 .text.turn_LED
                0x10000456       0x6c CMakeFiles/myBlink_w.dir/myBlink_w.c.obj
                0x10000456                turn_LED
 .text.descompose_number
                0x100004c2       0x40 CMakeFiles/myBlink_w.dir/myBlink_w.c.obj
                0x100004c2                descompose_number
 *fill*         0x10000502        0x2 
 .text.sieteSegmentos
                0x10000504      0x1b4 CMakeFiles/myBlink_w.dir/myBlink_w.c.obj
                0x10000504                sieteSegmentos
 .text.main     0x100006b8      0x34c CMakeFiles/myBlink_w.dir/myBlink_w.c.obj
                0x100006b8                main
 .text.gpio_set_function
                0x10000a04       0x30 CMakeFiles/myBlink_w.dir/C_/Program_Files/Raspberry_Pi/Pico_SDK_v1.5.1/pico-sdk/src/rp2_common/hardware_gpio/gpio.c.obj
                0x10000a04                gpio_set_function
 .text.gpio_set_pulls
                0x10000a34       0x34 CMakeFiles/myBlink_w.dir/C_/Program_Files/Raspberry_Pi/Pico_SDK_v1.5.1/pico-sdk/src/rp2_common/hardware_gpio/gpio.c.obj
                0x10000a34                gpio_set_pulls
 .text.gpio_init
                0x10000a68       0x16 CMakeFiles/myBlink_w.dir/C_/Program_Files/Raspberry_Pi/Pico_SDK_v1.5.1/pico-sdk/src/rp2_common/hardware_gpio/gpio.c.obj
                0x10000a68                gpio_init
 *fill*         0x10000a7e        0x2 
 .text.running_on_fpga
                0x10000a80       0x14 CMakeFiles/myBlink_w.dir/C_/Program_Files/Raspberry_Pi/Pico_SDK_v1.5.1/pico-sdk/src/rp2_common/pico_platform/platform.c.obj
                0x10000a80                running_on_fpga
 .text.hw_claim_lock
                0x10000a94       0x18 CMakeFiles/myBlink_w.dir/C_/Program_Files/Raspberry_Pi/Pico_SDK_v1.5.1/pico-sdk/src/rp2_common/hardware_claim/claim.c.obj
                0x10000a94                hw_claim_lock
 .text.hw_claim_unlock
                0x10000aac       0x14 CMakeFiles/myBlink_w.dir/C_/Program_Files/Raspberry_Pi/Pico_SDK_v1.5.1/pico-sdk/src/rp2_common/hardware_claim/claim.c.obj
                0x10000aac                hw_claim_unlock
 .text.hw_claim_or_assert
                0x10000ac0       0x32 CMakeFiles/myBlink_w.dir/C_/Program_Files/Raspberry_Pi/Pico_SDK_v1.5.1/pico-sdk/src/rp2_common/hardware_claim/claim.c.obj
                0x10000ac0                hw_claim_or_assert
 *fill*         0x10000af2        0x2 
 .text.spin_locks_reset
                0x10000af4       0x20 CMakeFiles/myBlink_w.dir/C_/Program_Files/Raspberry_Pi/Pico_SDK_v1.5.1/pico-sdk/src/rp2_common/hardware_sync/sync.c.obj
                0x10000af4                spin_locks_reset
 .text.next_striped_spin_lock_num
                0x10000b14       0x1c CMakeFiles/myBlink_w.dir/C_/Program_Files/Raspberry_Pi/Pico_SDK_v1.5.1/pico-sdk/src/rp2_common/hardware_sync/sync.c.obj
                0x10000b14                next_striped_spin_lock_num
 .text.set_raw_irq_handler_and_unlock
                0x10000b30       0x28 CMakeFiles/myBlink_w.dir/C_/Program_Files/Raspberry_Pi/Pico_SDK_v1.5.1/pico-sdk/src/rp2_common/hardware_irq/irq.c.obj
 .text.make_branch
                0x10000b58       0x48 CMakeFiles/myBlink_w.dir/C_/Program_Files/Raspberry_Pi/Pico_SDK_v1.5.1/pico-sdk/src/rp2_common/hardware_irq/irq.c.obj
 .text.insert_branch_and_link
                0x10000ba0       0x40 CMakeFiles/myBlink_w.dir/C_/Program_Files/Raspberry_Pi/Pico_SDK_v1.5.1/pico-sdk/src/rp2_common/hardware_irq/irq.c.obj
 .text.irq_is_enabled
                0x10000be0       0x18 CMakeFiles/myBlink_w.dir/C_/Program_Files/Raspberry_Pi/Pico_SDK_v1.5.1/pico-sdk/src/rp2_common/hardware_irq/irq.c.obj
                0x10000be0                irq_is_enabled
 .text.irq_set_mask_enabled
                0x10000bf8       0x20 CMakeFiles/myBlink_w.dir/C_/Program_Files/Raspberry_Pi/Pico_SDK_v1.5.1/pico-sdk/src/rp2_common/hardware_irq/irq.c.obj
                0x10000bf8                irq_set_mask_enabled
 .text.irq_set_enabled
                0x10000c18        0xe CMakeFiles/myBlink_w.dir/C_/Program_Files/Raspberry_Pi/Pico_SDK_v1.5.1/pico-sdk/src/rp2_common/hardware_irq/irq.c.obj
                0x10000c18                irq_set_enabled
 *fill*         0x10000c26        0x2 
 .text.irq_get_vtable_handler
                0x10000c28       0x10 CMakeFiles/myBlink_w.dir/C_/Program_Files/Raspberry_Pi/Pico_SDK_v1.5.1/pico-sdk/src/rp2_common/hardware_irq/irq.c.obj
                0x10000c28                irq_get_vtable_handler
 .text.irq_set_exclusive_handler
                0x10000c38       0x54 CMakeFiles/myBlink_w.dir/C_/Program_Files/Raspberry_Pi/Pico_SDK_v1.5.1/pico-sdk/src/rp2_common/hardware_irq/irq.c.obj
                0x10000c38                irq_set_exclusive_handler
 .text.irq_remove_handler
                0x10000c8c      0x1ac CMakeFiles/myBlink_w.dir/C_/Program_Files/Raspberry_Pi/Pico_SDK_v1.5.1/pico-sdk/src/rp2_common/hardware_irq/irq.c.obj
                0x10000c8c                irq_remove_handler
 .text.irq_add_tail_to_free_list
                0x10000e38       0xf0 CMakeFiles/myBlink_w.dir/C_/Program_Files/Raspberry_Pi/Pico_SDK_v1.5.1/pico-sdk/src/rp2_common/hardware_irq/irq.c.obj
                0x10000e38                irq_add_tail_to_free_list
 .text.irq_init_priorities
                0x10000f28       0x1c CMakeFiles/myBlink_w.dir/C_/Program_Files/Raspberry_Pi/Pico_SDK_v1.5.1/pico-sdk/src/rp2_common/hardware_irq/irq.c.obj
                0x10000f28                irq_init_priorities
 .text.lock_init
                0x10000f44       0x10 CMakeFiles/myBlink_w.dir/C_/Program_Files/Raspberry_Pi/Pico_SDK_v1.5.1/pico-sdk/src/common/pico_sync/lock_core.c.obj
                0x10000f44                lock_init
 .text.mutex_init
                0x10000f54       0x1a CMakeFiles/myBlink_w.dir/C_/Program_Files/Raspberry_Pi/Pico_SDK_v1.5.1/pico-sdk/src/common/pico_sync/mutex.c.obj
                0x10000f54                mutex_init
 .text.recursive_mutex_init
                0x10000f6e       0x1e CMakeFiles/myBlink_w.dir/C_/Program_Files/Raspberry_Pi/Pico_SDK_v1.5.1/pico-sdk/src/common/pico_sync/mutex.c.obj
                0x10000f6e                recursive_mutex_init
 .text.repeating_timer_callback
                0x10000f8c       0x40 CMakeFiles/myBlink_w.dir/C_/Program_Files/Raspberry_Pi/Pico_SDK_v1.5.1/pico-sdk/src/common/pico_time/time.c.obj
 .text.alarm_pool_post_alloc_init
                0x10000fcc       0x40 CMakeFiles/myBlink_w.dir/C_/Program_Files/Raspberry_Pi/Pico_SDK_v1.5.1/pico-sdk/src/common/pico_time/time.c.obj
 .text.sleep_until_callback
                0x1000100c       0x30 CMakeFiles/myBlink_w.dir/C_/Program_Files/Raspberry_Pi/Pico_SDK_v1.5.1/pico-sdk/src/common/pico_time/time.c.obj
 .text.timer_pool_entry_comparator
                0x1000103c       0x7c CMakeFiles/myBlink_w.dir/C_/Program_Files/Raspberry_Pi/Pico_SDK_v1.5.1/pico-sdk/src/common/pico_time/time.c.obj
                0x1000103c                timer_pool_entry_comparator
 .text.ph_add_child_node
                0x100010b8       0xa4 CMakeFiles/myBlink_w.dir/C_/Program_Files/Raspberry_Pi/Pico_SDK_v1.5.1/pico-sdk/src/common/pico_time/time.c.obj
 .text.ph_merge_nodes
                0x1000115c       0x3e CMakeFiles/myBlink_w.dir/C_/Program_Files/Raspberry_Pi/Pico_SDK_v1.5.1/pico-sdk/src/common/pico_time/time.c.obj
 *fill*         0x1000119a        0x2 
 .text.add_alarm_under_lock
                0x1000119c      0x174 CMakeFiles/myBlink_w.dir/C_/Program_Files/Raspberry_Pi/Pico_SDK_v1.5.1/pico-sdk/src/common/pico_time/time.c.obj
 .text.alarm_pool_alarm_callback
                0x10001310      0x33c CMakeFiles/myBlink_w.dir/C_/Program_Files/Raspberry_Pi/Pico_SDK_v1.5.1/pico-sdk/src/common/pico_time/time.c.obj
 .text.alarm_pool_init_default
                0x1000164c       0x40 CMakeFiles/myBlink_w.dir/C_/Program_Files/Raspberry_Pi/Pico_SDK_v1.5.1/pico-sdk/src/common/pico_time/time.c.obj
                0x1000164c                alarm_pool_init_default
 .text.alarm_pool_get_default
                0x1000168c       0x2c CMakeFiles/myBlink_w.dir/C_/Program_Files/Raspberry_Pi/Pico_SDK_v1.5.1/pico-sdk/src/common/pico_time/time.c.obj
                0x1000168c                alarm_pool_get_default
 .text.alarm_pool_add_alarm_at
                0x100016b8      0x168 CMakeFiles/myBlink_w.dir/C_/Program_Files/Raspberry_Pi/Pico_SDK_v1.5.1/pico-sdk/src/common/pico_time/time.c.obj
                0x100016b8                alarm_pool_add_alarm_at
 .text.alarm_pool_cancel_alarm
                0x10001820       0xf8 CMakeFiles/myBlink_w.dir/C_/Program_Files/Raspberry_Pi/Pico_SDK_v1.5.1/pico-sdk/src/common/pico_time/time.c.obj
                0x10001820                alarm_pool_cancel_alarm
 .text.alarm_pool_add_repeating_timer_us
                0x10001918       0x98 CMakeFiles/myBlink_w.dir/C_/Program_Files/Raspberry_Pi/Pico_SDK_v1.5.1/pico-sdk/src/common/pico_time/time.c.obj
                0x10001918                alarm_pool_add_repeating_timer_us
 .text.sleep_until
                0x100019b0       0xfc CMakeFiles/myBlink_w.dir/C_/Program_Files/Raspberry_Pi/Pico_SDK_v1.5.1/pico-sdk/src/common/pico_time/time.c.obj
                0x100019b0                sleep_until
 .text.sleep_us
                0x10001aac       0x58 CMakeFiles/myBlink_w.dir/C_/Program_Files/Raspberry_Pi/Pico_SDK_v1.5.1/pico-sdk/src/common/pico_time/time.c.obj
                0x10001aac                sleep_us
 .text.sleep_ms
                0x10001b04       0x14 CMakeFiles/myBlink_w.dir/C_/Program_Files/Raspberry_Pi/Pico_SDK_v1.5.1/pico-sdk/src/common/pico_time/time.c.obj
                0x10001b04                sleep_ms
 .text.best_effort_wfe_or_timeout
                0x10001b18       0xac CMakeFiles/myBlink_w.dir/C_/Program_Files/Raspberry_Pi/Pico_SDK_v1.5.1/pico-sdk/src/common/pico_time/time.c.obj
                0x10001b18                best_effort_wfe_or_timeout
 .text.hardware_alarm_irq_handler
                0x10001bc4       0x90 CMakeFiles/myBlink_w.dir/C_/Program_Files/Raspberry_Pi/Pico_SDK_v1.5.1/pico-sdk/src/rp2_common/hardware_timer/timer.c.obj
 .text.hardware_alarm_claim
                0x10001c54       0x18 CMakeFiles/myBlink_w.dir/C_/Program_Files/Raspberry_Pi/Pico_SDK_v1.5.1/pico-sdk/src/rp2_common/hardware_timer/timer.c.obj
                0x10001c54                hardware_alarm_claim
 .text.time_us_64
                0x10001c6c       0x18 CMakeFiles/myBlink_w.dir/C_/Program_Files/Raspberry_Pi/Pico_SDK_v1.5.1/pico-sdk/src/rp2_common/hardware_timer/timer.c.obj
                0x10001c6c                time_us_64
 .text.busy_wait_until
                0x10001c84       0x28 CMakeFiles/myBlink_w.dir/C_/Program_Files/Raspberry_Pi/Pico_SDK_v1.5.1/pico-sdk/src/rp2_common/hardware_timer/timer.c.obj
                0x10001c84                busy_wait_until
 .text.busy_wait_us
                0x10001cac       0x48 CMakeFiles/myBlink_w.dir/C_/Program_Files/Raspberry_Pi/Pico_SDK_v1.5.1/pico-sdk/src/rp2_common/hardware_timer/timer.c.obj
                0x10001cac                busy_wait_us
 .text.hardware_alarm_set_callback
                0x10001cf4       0x90 CMakeFiles/myBlink_w.dir/C_/Program_Files/Raspberry_Pi/Pico_SDK_v1.5.1/pico-sdk/src/rp2_common/hardware_timer/timer.c.obj
                0x10001cf4                hardware_alarm_set_callback
 .text.hardware_alarm_set_target
                0x10001d84       0xe8 CMakeFiles/myBlink_w.dir/C_/Program_Files/Raspberry_Pi/Pico_SDK_v1.5.1/pico-sdk/src/rp2_common/hardware_timer/timer.c.obj
                0x10001d84                hardware_alarm_set_target
 .text.hardware_alarm_cancel
                0x10001e6c       0x40 CMakeFiles/myBlink_w.dir/C_/Program_Files/Raspberry_Pi/Pico_SDK_v1.5.1/pico-sdk/src/rp2_common/hardware_timer/timer.c.obj
                0x10001e6c                hardware_alarm_cancel
 .text.ph_add_child_node
                0x10001eac       0xa4 CMakeFiles/myBlink_w.dir/C_/Program_Files/Raspberry_Pi/Pico_SDK_v1.5.1/pico-sdk/src/common/pico_util/pheap.c.obj
 .text.ph_merge_nodes
                0x10001f50       0x3e CMakeFiles/myBlink_w.dir/C_/Program_Files/Raspberry_Pi/Pico_SDK_v1.5.1/pico-sdk/src/common/pico_util/pheap.c.obj
 *fill*         0x10001f8e        0x2 
 .text.ph_clear
                0x10001f90       0x70 CMakeFiles/myBlink_w.dir/C_/Program_Files/Raspberry_Pi/Pico_SDK_v1.5.1/pico-sdk/src/common/pico_util/pheap.c.obj
                0x10001f90                ph_clear
 .text.ph_post_alloc_init
                0x10002000        0xe CMakeFiles/myBlink_w.dir/C_/Program_Files/Raspberry_Pi/Pico_SDK_v1.5.1/pico-sdk/src/common/pico_util/pheap.c.obj
                0x10002000                ph_post_alloc_init
 *fill*         0x1000200e        0x2 
 .text.ph_merge_two_pass
                0x10002010       0xa8 CMakeFiles/myBlink_w.dir/C_/Program_Files/Raspberry_Pi/Pico_SDK_v1.5.1/pico-sdk/src/common/pico_util/pheap.c.obj
                0x10002010                ph_merge_two_pass
 .text.ph_remove_any_head
                0x100020b8      0x128 CMakeFiles/myBlink_w.dir/C_/Program_Files/Raspberry_Pi/Pico_SDK_v1.5.1/pico-sdk/src/common/pico_util/pheap.c.obj
 .text.ph_remove_head
                0x100021e0       0x14 CMakeFiles/myBlink_w.dir/C_/Program_Files/Raspberry_Pi/Pico_SDK_v1.5.1/pico-sdk/src/common/pico_util/pheap.c.obj
                0x100021e0                ph_remove_head
 .text.ph_remove_and_free_node
                0x100021f4       0xf8 CMakeFiles/myBlink_w.dir/C_/Program_Files/Raspberry_Pi/Pico_SDK_v1.5.1/pico-sdk/src/common/pico_util/pheap.c.obj
                0x100021f4                ph_remove_and_free_node
 .text.uart_disable_before_lcr_write
                0x100022ec       0x48 CMakeFiles/myBlink_w.dir/C_/Program_Files/Raspberry_Pi/Pico_SDK_v1.5.1/pico-sdk/src/rp2_common/hardware_uart/uart.c.obj
 .text.uart_write_lcr_bits_masked
                0x10002334       0x22 CMakeFiles/myBlink_w.dir/C_/Program_Files/Raspberry_Pi/Pico_SDK_v1.5.1/pico-sdk/src/rp2_common/hardware_uart/uart.c.obj
 *fill*         0x10002356        0x2 
 .text.uart_set_baudrate
                0x10002358       0x5c CMakeFiles/myBlink_w.dir/C_/Program_Files/Raspberry_Pi/Pico_SDK_v1.5.1/pico-sdk/src/rp2_common/hardware_uart/uart.c.obj
                0x10002358                uart_set_baudrate
 .text.uart_set_format
                0x100023b4       0x2c CMakeFiles/myBlink_w.dir/C_/Program_Files/Raspberry_Pi/Pico_SDK_v1.5.1/pico-sdk/src/rp2_common/hardware_uart/uart.c.obj
                0x100023b4                uart_set_format
 .text.uart_set_translate_crlf
                0x100023e0       0x28 CMakeFiles/myBlink_w.dir/C_/Program_Files/Raspberry_Pi/Pico_SDK_v1.5.1/pico-sdk/src/rp2_common/hardware_uart/uart.c.obj
                0x100023e0                uart_set_translate_crlf
 .text.uart_init
                0x10002408       0x80 CMakeFiles/myBlink_w.dir/C_/Program_Files/Raspberry_Pi/Pico_SDK_v1.5.1/pico-sdk/src/rp2_common/hardware_uart/uart.c.obj
                0x10002408                uart_init
 .text.clock_configure
                0x10002488      0x108 CMakeFiles/myBlink_w.dir/C_/Program_Files/Raspberry_Pi/Pico_SDK_v1.5.1/pico-sdk/src/rp2_common/hardware_clocks/clocks.c.obj
                0x10002488                clock_configure
 .text.clocks_init
                0x10002590      0x100 CMakeFiles/myBlink_w.dir/C_/Program_Files/Raspberry_Pi/Pico_SDK_v1.5.1/pico-sdk/src/rp2_common/hardware_clocks/clocks.c.obj
                0x10002590                clocks_init
 .text.clock_get_hz
                0x10002690        0xc CMakeFiles/myBlink_w.dir/C_/Program_Files/Raspberry_Pi/Pico_SDK_v1.5.1/pico-sdk/src/rp2_common/hardware_clocks/clocks.c.obj
                0x10002690                clock_get_hz
 .text.pll_init
                0x1000269c      0x120 CMakeFiles/myBlink_w.dir/C_/Program_Files/Raspberry_Pi/Pico_SDK_v1.5.1/pico-sdk/src/rp2_common/hardware_pll/pll.c.obj
                0x1000269c                pll_init
 .text.watchdog_start_tick
                0x100027bc       0x10 CMakeFiles/myBlink_w.dir/C_/Program_Files/Raspberry_Pi/Pico_SDK_v1.5.1/pico-sdk/src/rp2_common/hardware_watchdog/watchdog.c.obj
                0x100027bc                watchdog_start_tick
 .text.xosc_init
                0x100027cc       0x28 CMakeFiles/myBlink_w.dir/C_/Program_Files/Raspberry_Pi/Pico_SDK_v1.5.1/pico-sdk/src/rp2_common/hardware_xosc/xosc.c.obj
                0x100027cc                xosc_init
 .text._exit    0x100027f4        0x4 CMakeFiles/myBlink_w.dir/C_/Program_Files/Raspberry_Pi/Pico_SDK_v1.5.1/pico-sdk/src/rp2_common/pico_runtime/runtime.c.obj
                0x100027f4                _exit
 .text.exit     0x100027f8        0x6 CMakeFiles/myBlink_w.dir/C_/Program_Files/Raspberry_Pi/Pico_SDK_v1.5.1/pico-sdk/src/rp2_common/pico_runtime/runtime.c.obj
                0x100027f8                exit
 *fill*         0x100027fe        0x2 
 .text.__assert_func
                0x10002800       0x3c CMakeFiles/myBlink_w.dir/C_/Program_Files/Raspberry_Pi/Pico_SDK_v1.5.1/pico-sdk/src/rp2_common/pico_runtime/runtime.c.obj
                0x10002800                __assert_func
 .text.runtime_init
                0x1000283c       0xf8 CMakeFiles/myBlink_w.dir/C_/Program_Files/Raspberry_Pi/Pico_SDK_v1.5.1/pico-sdk/src/rp2_common/pico_runtime/runtime.c.obj
                0x1000283c                runtime_init
 .text._gettimeofday
                0x10002934       0x5c CMakeFiles/myBlink_w.dir/C_/Program_Files/Raspberry_Pi/Pico_SDK_v1.5.1/pico-sdk/src/rp2_common/pico_runtime/runtime.c.obj
                0x10002934                _gettimeofday
 .text.panic    0x10002990       0x30 CMakeFiles/myBlink_w.dir/C_/Program_Files/Raspberry_Pi/Pico_SDK_v1.5.1/pico-sdk/src/rp2_common/pico_runtime/runtime.c.obj
                0x10002990                panic
 .text._out_null
                0x100029c0        0x2 CMakeFiles/myBlink_w.dir/C_/Program_Files/Raspberry_Pi/Pico_SDK_v1.5.1/pico-sdk/src/rp2_common/pico_printf/printf.c.obj
 .text._out_fct
                0x100029c2        0xe CMakeFiles/myBlink_w.dir/C_/Program_Files/Raspberry_Pi/Pico_SDK_v1.5.1/pico-sdk/src/rp2_common/pico_printf/printf.c.obj
 .text._atoi    0x100029d0       0x24 CMakeFiles/myBlink_w.dir/C_/Program_Files/Raspberry_Pi/Pico_SDK_v1.5.1/pico-sdk/src/rp2_common/pico_printf/printf.c.obj
 .text._out_rev
                0x100029f4       0xae CMakeFiles/myBlink_w.dir/C_/Program_Files/Raspberry_Pi/Pico_SDK_v1.5.1/pico-sdk/src/rp2_common/pico_printf/printf.c.obj
 .text._ntoa_format
                0x10002aa2      0x112 CMakeFiles/myBlink_w.dir/C_/Program_Files/Raspberry_Pi/Pico_SDK_v1.5.1/pico-sdk/src/rp2_common/pico_printf/printf.c.obj
 .text._ntoa_long
                0x10002bb4       0xbc CMakeFiles/myBlink_w.dir/C_/Program_Files/Raspberry_Pi/Pico_SDK_v1.5.1/pico-sdk/src/rp2_common/pico_printf/printf.c.obj
 .text._ntoa_long_long
                0x10002c70       0xe2 CMakeFiles/myBlink_w.dir/C_/Program_Files/Raspberry_Pi/Pico_SDK_v1.5.1/pico-sdk/src/rp2_common/pico_printf/printf.c.obj
 *fill*         0x10002d52        0x2 
 .text._etoa    0x10002d54      0x414 CMakeFiles/myBlink_w.dir/C_/Program_Files/Raspberry_Pi/Pico_SDK_v1.5.1/pico-sdk/src/rp2_common/pico_printf/printf.c.obj
 .text._ftoa    0x10003168      0x354 CMakeFiles/myBlink_w.dir/C_/Program_Files/Raspberry_Pi/Pico_SDK_v1.5.1/pico-sdk/src/rp2_common/pico_printf/printf.c.obj
 .text._vsnprintf
                0x100034bc      0x624 CMakeFiles/myBlink_w.dir/C_/Program_Files/Raspberry_Pi/Pico_SDK_v1.5.1/pico-sdk/src/rp2_common/pico_printf/printf.c.obj
 .text.vfctprintf
                0x10003ae0       0x20 CMakeFiles/myBlink_w.dir/C_/Program_Files/Raspberry_Pi/Pico_SDK_v1.5.1/pico-sdk/src/rp2_common/pico_printf/printf.c.obj
                0x10003ae0                vfctprintf
 .text          0x10003b00       0x10 CMakeFiles/myBlink_w.dir/C_/Program_Files/Raspberry_Pi/Pico_SDK_v1.5.1/pico-sdk/src/rp2_common/pico_bit_ops/bit_ops_aeabi.S.obj
 .text.rom_func_lookup
                0x10003b10       0x10 CMakeFiles/myBlink_w.dir/C_/Program_Files/Raspberry_Pi/Pico_SDK_v1.5.1/pico-sdk/src/rp2_common/pico_bootrom/bootrom.c.obj
                0x10003b10                rom_func_lookup
 .text.rom_data_lookup
                0x10003b20       0x10 CMakeFiles/myBlink_w.dir/C_/Program_Files/Raspberry_Pi/Pico_SDK_v1.5.1/pico-sdk/src/rp2_common/pico_bootrom/bootrom.c.obj
                0x10003b20                rom_data_lookup
 .text.rom_funcs_lookup
                0x10003b30       0x36 CMakeFiles/myBlink_w.dir/C_/Program_Files/Raspberry_Pi/Pico_SDK_v1.5.1/pico-sdk/src/rp2_common/pico_bootrom/bootrom.c.obj
                0x10003b30                rom_funcs_lookup
 *fill*         0x10003b66        0x2 
 .text.__wrap___aeabi_idiv
                0x10003b68       0x50 CMakeFiles/myBlink_w.dir/C_/Program_Files/Raspberry_Pi/Pico_SDK_v1.5.1/pico-sdk/src/rp2_common/pico_divider/divider.S.obj
                0x10003b68                __wrap___aeabi_idivmod
                0x10003b68                divmod_s32s32
                0x10003b68                div_s32s32
                0x10003b68                __wrap___aeabi_idiv
                0x10003b70                divmod_s32s32_unsafe
                0x10003b9c                divmod_s32s32_savestate
 .text.__wrap___aeabi_uidiv
                0x10003bb8       0x4c CMakeFiles/myBlink_w.dir/C_/Program_Files/Raspberry_Pi/Pico_SDK_v1.5.1/pico-sdk/src/rp2_common/pico_divider/divider.S.obj
                0x10003bb8                __wrap___aeabi_uidiv
                0x10003bb8                __wrap___aeabi_uidivmod
                0x10003bb8                div_u32u32
                0x10003bb8                divmod_u32u32
                0x10003bc0                divmod_u32u32_unsafe
                0x10003be8                divmod_u32u32_savestate
 .text.__wrap___aeabi_ldiv
                0x10003c04      0x424 CMakeFiles/myBlink_w.dir/C_/Program_Files/Raspberry_Pi/Pico_SDK_v1.5.1/pico-sdk/src/rp2_common/pico_divider/divider.S.obj
                0x10003c04                div_s64s64
                0x10003c04                divmod_s64s64
                0x10003c04                __wrap___aeabi_ldivmod
                0x10003c34                divmod_u64u64
                0x10003c34                div_u64u64
                0x10003c34                __wrap___aeabi_uldivmod
                0x10003c44                divmod_u64u64_savestate
                0x10003c64                divmod_s64s64_unsafe
                0x10003cec                divmod_u64u64_unsafe
 .text.__wrap___aeabi_darithmetic
                0x10004028       0x60 CMakeFiles/myBlink_w.dir/C_/Program_Files/Raspberry_Pi/Pico_SDK_v1.5.1/pico-sdk/src/rp2_common/pico_double/double_aeabi.S.obj
                0x10004028                __wrap___aeabi_drsub
                0x1000402e                __wrap___aeabi_dsub
                0x10004038                __wrap___aeabi_dadd
                0x10004042                __wrap___aeabi_ddiv
                0x10004076                __wrap___aeabi_dmul
 .text.__wrap___aeabi_cdcmple
                0x10004088       0x6c CMakeFiles/myBlink_w.dir/C_/Program_Files/Raspberry_Pi/Pico_SDK_v1.5.1/pico-sdk/src/rp2_common/pico_double/double_aeabi.S.obj
                0x10004088                __wrap___aeabi_cdrcmple
                0x10004098                __wrap___aeabi_cdcmpeq
                0x10004098                __wrap___aeabi_cdcmple
 .text.__wrap___aeabi_dcmplt
                0x100040f4        0xc CMakeFiles/myBlink_w.dir/C_/Program_Files/Raspberry_Pi/Pico_SDK_v1.5.1/pico-sdk/src/rp2_common/pico_double/double_aeabi.S.obj
                0x100040f4                __wrap___aeabi_dcmplt
 .text.__wrap___aeabi_dcmple
                0x10004100       0x10 CMakeFiles/myBlink_w.dir/C_/Program_Files/Raspberry_Pi/Pico_SDK_v1.5.1/pico-sdk/src/rp2_common/pico_double/double_aeabi.S.obj
                0x10004100                __wrap___aeabi_dcmple
 .text.__wrap___aeabi_dcmpge
                0x10004110       0x10 CMakeFiles/myBlink_w.dir/C_/Program_Files/Raspberry_Pi/Pico_SDK_v1.5.1/pico-sdk/src/rp2_common/pico_double/double_aeabi.S.obj
                0x10004110                __wrap___aeabi_dcmpge
 .text.__wrap___aeabi_dcmpgt
                0x10004120        0xa CMakeFiles/myBlink_w.dir/C_/Program_Files/Raspberry_Pi/Pico_SDK_v1.5.1/pico-sdk/src/rp2_common/pico_double/double_aeabi.S.obj
                0x10004120                __wrap___aeabi_dcmpgt
 .text.__wrap___aeabi_dcmpun
                0x1000412a       0x1c CMakeFiles/myBlink_w.dir/C_/Program_Files/Raspberry_Pi/Pico_SDK_v1.5.1/pico-sdk/src/rp2_common/pico_double/double_aeabi.S.obj
                0x1000412a                __wrap___aeabi_dcmpun
 *fill*         0x10004146        0x2 
 .text.__wrap___aeabi_i2d
                0x10004148       0x38 CMakeFiles/myBlink_w.dir/C_/Program_Files/Raspberry_Pi/Pico_SDK_v1.5.1/pico-sdk/src/rp2_common/pico_double/double_aeabi.S.obj
                0x10004148                __wrap___aeabi_ui2d
                0x10004150                __wrap___aeabi_i2d
 .text.__wrap___aeabi_d2iz
                0x10004180       0x48 CMakeFiles/myBlink_w.dir/C_/Program_Files/Raspberry_Pi/Pico_SDK_v1.5.1/pico-sdk/src/rp2_common/pico_double/double_aeabi.S.obj
                0x10004180                double2int_z
                0x10004180                __wrap___aeabi_d2iz
 .text.__wrap___aeabi_d2uiz
                0x100041c8       0x10 CMakeFiles/myBlink_w.dir/C_/Program_Files/Raspberry_Pi/Pico_SDK_v1.5.1/pico-sdk/src/rp2_common/pico_double/double_aeabi.S.obj
                0x100041c8                __wrap___aeabi_d2uiz
                0x100041c8                double2uint
 .text.missing_double_func_shim
                0x100041d8        0xc CMakeFiles/myBlink_w.dir/C_/Program_Files/Raspberry_Pi/Pico_SDK_v1.5.1/pico-sdk/src/rp2_common/pico_double/double_init_rom.c.obj
 .text.__aeabi_double_init
                0x100041e4       0xcc CMakeFiles/myBlink_w.dir/C_/Program_Files/Raspberry_Pi/Pico_SDK_v1.5.1/pico-sdk/src/rp2_common/pico_double/double_init_rom.c.obj
                0x100041e4                __aeabi_double_init
 .text.double_table_shim_on_use_helper
                0x100042b0       0x34 CMakeFiles/myBlink_w.dir/C_/Program_Files/Raspberry_Pi/Pico_SDK_v1.5.1/pico-sdk/src/rp2_common/pico_double/double_v1_rom_shim.S.obj
                0x100042b0                double_table_shim_on_use_helper
 .text.__aeabi_lmul
                0x100042e4       0x32 CMakeFiles/myBlink_w.dir/C_/Program_Files/Raspberry_Pi/Pico_SDK_v1.5.1/pico-sdk/src/rp2_common/pico_int64_ops/pico_int64_ops_aeabi.S.obj
                0x100042e4                __wrap___aeabi_lmul
 *fill*         0x10004316        0x2 
 .text.missing_float_func_shim
                0x10004318        0xc CMakeFiles/myBlink_w.dir/C_/Program_Files/Raspberry_Pi/Pico_SDK_v1.5.1/pico-sdk/src/rp2_common/pico_float/float_init_rom.c.obj
 .text.__aeabi_float_init
                0x10004324       0x88 CMakeFiles/myBlink_w.dir/C_/Program_Files/Raspberry_Pi/Pico_SDK_v1.5.1/pico-sdk/src/rp2_common/pico_float/float_init_rom.c.obj
                0x10004324                __aeabi_float_init
 .text          0x100043ac       0x10 CMakeFiles/myBlink_w.dir/C_/Program_Files/Raspberry_Pi/Pico_SDK_v1.5.1/pico-sdk/src/rp2_common/pico_mem_ops/mem_ops_aeabi.S.obj
                0x100043ac                __aeabi_mem_init
 .text.memset   0x100043bc        0xc CMakeFiles/myBlink_w.dir/C_/Program_Files/Raspberry_Pi/Pico_SDK_v1.5.1/pico-sdk/src/rp2_common/pico_mem_ops/mem_ops_aeabi.S.obj
                0x100043bc                __wrap_memset
 .text.memcpy   0x100043c8        0xc CMakeFiles/myBlink_w.dir/C_/Program_Files/Raspberry_Pi/Pico_SDK_v1.5.1/pico-sdk/src/rp2_common/pico_mem_ops/mem_ops_aeabi.S.obj
                0x100043c8                __wrap_memcpy
                0x100043c8                __wrap___aeabi_memcpy
 .text.stdio_out_chars_no_crlf
                0x100043d4        0xe CMakeFiles/myBlink_w.dir/C_/Program_Files/Raspberry_Pi/Pico_SDK_v1.5.1/pico-sdk/src/rp2_common/pico_stdio/stdio.c.obj
 *fill*         0x100043e2        0x2 
 .text.stdio_out_chars_crlf
                0x100043e4       0x80 CMakeFiles/myBlink_w.dir/C_/Program_Files/Raspberry_Pi/Pico_SDK_v1.5.1/pico-sdk/src/rp2_common/pico_stdio/stdio.c.obj
 .text.stdio_stack_buffer_flush
                0x10004464       0x44 CMakeFiles/myBlink_w.dir/C_/Program_Files/Raspberry_Pi/Pico_SDK_v1.5.1/pico-sdk/src/rp2_common/pico_stdio/stdio.c.obj
 .text.stdio_buffered_printer
                0x100044a8       0x20 CMakeFiles/myBlink_w.dir/C_/Program_Files/Raspberry_Pi/Pico_SDK_v1.5.1/pico-sdk/src/rp2_common/pico_stdio/stdio.c.obj
 .text.stdout_serialize_begin
                0x100044c8       0x5c CMakeFiles/myBlink_w.dir/C_/Program_Files/Raspberry_Pi/Pico_SDK_v1.5.1/pico-sdk/src/rp2_common/pico_stdio/stdio.c.obj
                0x100044c8                stdout_serialize_begin
 .text.stdout_serialize_end
                0x10004524       0x10 CMakeFiles/myBlink_w.dir/C_/Program_Files/Raspberry_Pi/Pico_SDK_v1.5.1/pico-sdk/src/rp2_common/pico_stdio/stdio.c.obj
                0x10004524                stdout_serialize_end
 .text.stdio_put_string
                0x10004534       0x98 CMakeFiles/myBlink_w.dir/C_/Program_Files/Raspberry_Pi/Pico_SDK_v1.5.1/pico-sdk/src/rp2_common/pico_stdio/stdio.c.obj
 .text.stdio_set_driver_enabled
                0x100045cc       0x2c CMakeFiles/myBlink_w.dir/C_/Program_Files/Raspberry_Pi/Pico_SDK_v1.5.1/pico-sdk/src/rp2_common/pico_stdio/stdio.c.obj
                0x100045cc                stdio_set_driver_enabled
 .text.stdio_flush
                0x100045f8       0x20 CMakeFiles/myBlink_w.dir/C_/Program_Files/Raspberry_Pi/Pico_SDK_v1.5.1/pico-sdk/src/rp2_common/pico_stdio/stdio.c.obj
                0x100045f8                stdio_flush
 .text.__wrap_puts
                0x10004618       0x1e CMakeFiles/myBlink_w.dir/C_/Program_Files/Raspberry_Pi/Pico_SDK_v1.5.1/pico-sdk/src/rp2_common/pico_stdio/stdio.c.obj
                0x10004618                __wrap_puts
 *fill*         0x10004636        0x2 
 .text.__wrap_vprintf
                0x10004638       0x40 CMakeFiles/myBlink_w.dir/C_/Program_Files/Raspberry_Pi/Pico_SDK_v1.5.1/pico-sdk/src/rp2_common/pico_stdio/stdio.c.obj
                0x10004638                __wrap_vprintf
 .text.__wrap_printf
                0x10004678       0x18 CMakeFiles/myBlink_w.dir/C_/Program_Files/Raspberry_Pi/Pico_SDK_v1.5.1/pico-sdk/src/rp2_common/pico_stdio/stdio.c.obj
                0x10004678                __wrap_printf
 .text.stdio_init_all
                0x10004690        0xa CMakeFiles/myBlink_w.dir/C_/Program_Files/Raspberry_Pi/Pico_SDK_v1.5.1/pico-sdk/src/rp2_common/pico_stdio/stdio.c.obj
                0x10004690                stdio_init_all
 *fill*         0x1000469a        0x2 
 .text.stdio_uart_out_chars
                0x1000469c       0x74 CMakeFiles/myBlink_w.dir/C_/Program_Files/Raspberry_Pi/Pico_SDK_v1.5.1/pico-sdk/src/rp2_common/pico_stdio_uart/stdio_uart.c.obj
 .text.stdio_uart_in_chars
                0x10004710       0x80 CMakeFiles/myBlink_w.dir/C_/Program_Files/Raspberry_Pi/Pico_SDK_v1.5.1/pico-sdk/src/rp2_common/pico_stdio_uart/stdio_uart.c.obj
                0x10004710                stdio_uart_in_chars
 .text.on_uart_rx
                0x10004790       0x28 CMakeFiles/myBlink_w.dir/C_/Program_Files/Raspberry_Pi/Pico_SDK_v1.5.1/pico-sdk/src/rp2_common/pico_stdio_uart/stdio_uart.c.obj
 .text.stdio_uart_set_chars_available_callback
                0x100047b8       0x8c CMakeFiles/myBlink_w.dir/C_/Program_Files/Raspberry_Pi/Pico_SDK_v1.5.1/pico-sdk/src/rp2_common/pico_stdio_uart/stdio_uart.c.obj
 .text.stdio_uart_init_full
                0x10004844       0x44 CMakeFiles/myBlink_w.dir/C_/Program_Files/Raspberry_Pi/Pico_SDK_v1.5.1/pico-sdk/src/rp2_common/pico_stdio_uart/stdio_uart.c.obj
                0x10004844                stdio_uart_init_full
 .text.stdio_uart_init
                0x10004888       0x28 CMakeFiles/myBlink_w.dir/C_/Program_Files/Raspberry_Pi/Pico_SDK_v1.5.1/pico-sdk/src/rp2_common/pico_stdio_uart/stdio_uart.c.obj
                0x10004888                stdio_uart_init
 .text._retrieve_unique_id_on_boot
                0x100048b0       0x10 CMakeFiles/myBlink_w.dir/C_/Program_Files/Raspberry_Pi/Pico_SDK_v1.5.1/pico-sdk/src/rp2_common/pico_unique_id/unique_id.c.obj
 .text.flash_get_unique_id
                0x100048c0       0x46 CMakeFiles/myBlink_w.dir/C_/Program_Files/Raspberry_Pi/Pico_SDK_v1.5.1/pico-sdk/src/rp2_common/hardware_flash/flash.c.obj
                0x100048c0                flash_get_unique_id
 *fill*         0x10004906        0x2 
 .text.srand    0x10004908       0x14 c:/progra~1/raspbe~1/picosd~1.1/gcc-ar~1/bin/../lib/gcc/arm-none-eabi/10.3.1/../../../../arm-none-eabi/lib/thumb/v6-m/nofp\libg.a(lib_a-rand.o)
                0x10004908                srand
 .text.rand     0x1000491c       0x34 c:/progra~1/raspbe~1/picosd~1.1/gcc-ar~1/bin/../lib/gcc/arm-none-eabi/10.3.1/../../../../arm-none-eabi/lib/thumb/v6-m/nofp\libg.a(lib_a-rand.o)
                0x1000491c                rand
 .text.strlen   0x10004950       0x5c c:/progra~1/raspbe~1/picosd~1.1/gcc-ar~1/bin/../lib/gcc/arm-none-eabi/10.3.1/../../../../arm-none-eabi/lib/thumb/v6-m/nofp\libg.a(lib_a-strlen-stub.o)
                0x10004950                strlen
 .text.time     0x100049ac       0x34 c:/progra~1/raspbe~1/picosd~1.1/gcc-ar~1/bin/../lib/gcc/arm-none-eabi/10.3.1/../../../../arm-none-eabi/lib/thumb/v6-m/nofp\libg.a(lib_a-time.o)
                0x100049ac                time
 .text._gettimeofday_r
                0x100049e0       0x28 c:/progra~1/raspbe~1/picosd~1.1/gcc-ar~1/bin/../lib/gcc/arm-none-eabi/10.3.1/../../../../arm-none-eabi/lib/thumb/v6-m/nofp\libg.a(lib_a-gettimeofdayr.o)
                0x100049e0                _gettimeofday_r
 *(.fini)
 .fini          0x10004a08        0x4 c:/progra~1/raspbe~1/picosd~1.1/gcc-ar~1/bin/../lib/gcc/arm-none-eabi/10.3.1/thumb/v6-m/nofp/crti.o
                0x10004a08                _fini
 *fill*         0x10004a0c        0x4 
 .fini.__stub   0x10004a10       0x50 linker stubs
 *crtbegin.o(.ctors)
 *crtbegin?.o(.ctors)
 *(EXCLUDE_FILE(*crtend.o *crtend?.o) .ctors)
 *(SORT_BY_NAME(.ctors.*))
 *(.ctors)
 *crtbegin.o(.dtors)
 *crtbegin?.o(.dtors)
 *(EXCLUDE_FILE(*crtend.o *crtend?.o) .dtors)
 *(SORT_BY_NAME(.dtors.*))
 *(.dtors)
 *(.eh_frame*)
 .eh_frame      0x10004a60        0x0 c:/progra~1/raspbe~1/picosd~1.1/gcc-ar~1/bin/../lib/gcc/arm-none-eabi/10.3.1/thumb/v6-m/nofp/crtbegin.o
                0x10004a60                . = ALIGN (0x4)

.glue_7         0x10004a60        0x0
 .glue_7        0x10004a60        0x0 linker stubs

.glue_7t        0x10004a60        0x0
 .glue_7t       0x10004a60        0x0 linker stubs

.vfp11_veneer   0x10004a60        0x0
 .vfp11_veneer  0x10004a60        0x0 linker stubs

.v4_bx          0x10004a60        0x0
 .v4_bx         0x10004a60        0x0 linker stubs

.iplt           0x10004a60        0x0
 .iplt          0x10004a60        0x0 c:/progra~1/raspbe~1/picosd~1.1/gcc-ar~1/bin/../lib/gcc/arm-none-eabi/10.3.1/thumb/v6-m/nofp/crtbegin.o

.rodata         0x10004a60     0x1290
 *(EXCLUDE_FILE(*libm.a: *libc.a:*lib_a-mem*.o *libgcc.a:) .rodata*)
 .rodata.sieteSegmentos
                0x10004a60       0x28 CMakeFiles/myBlink_w.dir/myBlink_w.c.obj
 .rodata.make_branch.str1.4
                0x10004a88       0x89 CMakeFiles/myBlink_w.dir/C_/Program_Files/Raspberry_Pi/Pico_SDK_v1.5.1/pico-sdk/src/rp2_common/hardware_irq/irq.c.obj
 *fill*         0x10004b11        0x3 
 .rodata.insert_branch_and_link.str1.4
                0x10004b14       0x10 CMakeFiles/myBlink_w.dir/C_/Program_Files/Raspberry_Pi/Pico_SDK_v1.5.1/pico-sdk/src/rp2_common/hardware_irq/irq.c.obj
 .rodata.irq_set_exclusive_handler.str1.4
                0x10004b24       0x36 CMakeFiles/myBlink_w.dir/C_/Program_Files/Raspberry_Pi/Pico_SDK_v1.5.1/pico-sdk/src/rp2_common/hardware_irq/irq.c.obj
 *fill*         0x10004b5a        0x2 
 .rodata.irq_add_shared_handler.str1.4
                0x10004b5c       0xd9 CMakeFiles/myBlink_w.dir/C_/Program_Files/Raspberry_Pi/Pico_SDK_v1.5.1/pico-sdk/src/rp2_common/hardware_irq/irq.c.obj
 *fill*         0x10004c35        0x3 
 .rodata.irq_remove_handler.str1.4
                0x10004c38       0x3a CMakeFiles/myBlink_w.dir/C_/Program_Files/Raspberry_Pi/Pico_SDK_v1.5.1/pico-sdk/src/rp2_common/hardware_irq/irq.c.obj
 *fill*         0x10004c72        0x2 
 .rodata.irq_add_tail_to_free_list.str1.4
                0x10004c74       0x3a CMakeFiles/myBlink_w.dir/C_/Program_Files/Raspberry_Pi/Pico_SDK_v1.5.1/pico-sdk/src/rp2_common/hardware_irq/irq.c.obj
 *fill*         0x10004cae        0x2 
 .rodata.__func__.0
                0x10004cb0       0x1a CMakeFiles/myBlink_w.dir/C_/Program_Files/Raspberry_Pi/Pico_SDK_v1.5.1/pico-sdk/src/rp2_common/hardware_irq/irq.c.obj
 *fill*         0x10004cca        0x2 
 .rodata.__func__.1
                0x10004ccc       0x17 CMakeFiles/myBlink_w.dir/C_/Program_Files/Raspberry_Pi/Pico_SDK_v1.5.1/pico-sdk/src/rp2_common/hardware_irq/irq.c.obj
 *fill*         0x10004ce3        0x1 
 .rodata.__func__.2
                0x10004ce4       0x13 CMakeFiles/myBlink_w.dir/C_/Program_Files/Raspberry_Pi/Pico_SDK_v1.5.1/pico-sdk/src/rp2_common/hardware_irq/irq.c.obj
 *fill*         0x10004cf7        0x1 
 .rodata.__func__.3
                0x10004cf8        0xc CMakeFiles/myBlink_w.dir/C_/Program_Files/Raspberry_Pi/Pico_SDK_v1.5.1/pico-sdk/src/rp2_common/hardware_irq/irq.c.obj
 .rodata.__func__.4
                0x10004d04        0xf CMakeFiles/myBlink_w.dir/C_/Program_Files/Raspberry_Pi/Pico_SDK_v1.5.1/pico-sdk/src/rp2_common/hardware_irq/irq.c.obj
 *fill*         0x10004d13        0x1 
 .rodata.__func__.6
                0x10004d14       0x1a CMakeFiles/myBlink_w.dir/C_/Program_Files/Raspberry_Pi/Pico_SDK_v1.5.1/pico-sdk/src/rp2_common/hardware_irq/irq.c.obj
 *fill*         0x10004d2e        0x2 
 .rodata.str1.4
                0x10004d30      0x125 CMakeFiles/myBlink_w.dir/C_/Program_Files/Raspberry_Pi/Pico_SDK_v1.5.1/pico-sdk/src/common/pico_sync/mutex.c.obj
 *fill*         0x10004e55        0x3 
 .rodata.__func__.1
                0x10004e58        0xb CMakeFiles/myBlink_w.dir/C_/Program_Files/Raspberry_Pi/Pico_SDK_v1.5.1/pico-sdk/src/common/pico_sync/mutex.c.obj
 *fill*         0x10004e63        0x1 
 .rodata.__func__.3
                0x10004e64       0x18 CMakeFiles/myBlink_w.dir/C_/Program_Files/Raspberry_Pi/Pico_SDK_v1.5.1/pico-sdk/src/common/pico_sync/mutex.c.obj
 .rodata.repeating_timer_callback.str1.4
                0x10004e7c       0x67 CMakeFiles/myBlink_w.dir/C_/Program_Files/Raspberry_Pi/Pico_SDK_v1.5.1/pico-sdk/src/common/pico_time/time.c.obj
 *fill*         0x10004ee3        0x1 
 .rodata.timer_pool_entry_comparator.str1.4
                0x10004ee4       0x22 CMakeFiles/myBlink_w.dir/C_/Program_Files/Raspberry_Pi/Pico_SDK_v1.5.1/pico-sdk/src/common/pico_time/time.c.obj
 *fill*         0x10004f06        0x2 
 .rodata.ph_add_child_node.str1.4
                0x10004f08       0xb2 CMakeFiles/myBlink_w.dir/C_/Program_Files/Raspberry_Pi/Pico_SDK_v1.5.1/pico-sdk/src/common/pico_time/time.c.obj
 *fill*         0x10004fba        0x2 
 .rodata.add_alarm_under_lock.str1.4
                0x10004fbc       0x28 CMakeFiles/myBlink_w.dir/C_/Program_Files/Raspberry_Pi/Pico_SDK_v1.5.1/pico-sdk/src/common/pico_time/time.c.obj
                                 0x2b (size before relaxing)
 .rodata.alarm_pool_alarm_callback.str1.4
                0x10004fe4       0x98 CMakeFiles/myBlink_w.dir/C_/Program_Files/Raspberry_Pi/Pico_SDK_v1.5.1/pico-sdk/src/common/pico_time/time.c.obj
                                0x118 (size before relaxing)
 .rodata.alarm_pool_get_default.str1.4
                0x1000507c       0x21 CMakeFiles/myBlink_w.dir/C_/Program_Files/Raspberry_Pi/Pico_SDK_v1.5.1/pico-sdk/src/common/pico_time/time.c.obj
 *fill*         0x1000509d        0x3 
 .rodata.alarm_pool_cancel_alarm.str1.4
                0x100050a0       0x27 CMakeFiles/myBlink_w.dir/C_/Program_Files/Raspberry_Pi/Pico_SDK_v1.5.1/pico-sdk/src/common/pico_time/time.c.obj
 *fill*         0x100050c7        0x1 
 .rodata.sleep_until.str1.4
                0x100050c8       0x4d CMakeFiles/myBlink_w.dir/C_/Program_Files/Raspberry_Pi/Pico_SDK_v1.5.1/pico-sdk/src/common/pico_time/time.c.obj
 *fill*         0x10005115        0x3 
 .rodata.__func__.0
                0x10005118       0x19 CMakeFiles/myBlink_w.dir/C_/Program_Files/Raspberry_Pi/Pico_SDK_v1.5.1/pico-sdk/src/common/pico_time/time.c.obj
 *fill*         0x10005131        0x3 
 .rodata.__func__.1
                0x10005134       0x18 CMakeFiles/myBlink_w.dir/C_/Program_Files/Raspberry_Pi/Pico_SDK_v1.5.1/pico-sdk/src/common/pico_time/time.c.obj
 .rodata.__func__.10
                0x1000514c       0x15 CMakeFiles/myBlink_w.dir/C_/Program_Files/Raspberry_Pi/Pico_SDK_v1.5.1/pico-sdk/src/common/pico_time/time.c.obj
 *fill*         0x10005161        0x3 
 .rodata.__func__.11
                0x10005164       0x1a CMakeFiles/myBlink_w.dir/C_/Program_Files/Raspberry_Pi/Pico_SDK_v1.5.1/pico-sdk/src/common/pico_time/time.c.obj
 *fill*         0x1000517e        0x2 
 .rodata.__func__.12
                0x10005180        0xa CMakeFiles/myBlink_w.dir/C_/Program_Files/Raspberry_Pi/Pico_SDK_v1.5.1/pico-sdk/src/common/pico_time/time.c.obj
 *fill*         0x1000518a        0x2 
 .rodata.__func__.3
                0x1000518c       0x17 CMakeFiles/myBlink_w.dir/C_/Program_Files/Raspberry_Pi/Pico_SDK_v1.5.1/pico-sdk/src/common/pico_time/time.c.obj
 *fill*         0x100051a3        0x1 
 .rodata.__func__.4
                0x100051a4       0x12 CMakeFiles/myBlink_w.dir/C_/Program_Files/Raspberry_Pi/Pico_SDK_v1.5.1/pico-sdk/src/common/pico_time/time.c.obj
 *fill*         0x100051b6        0x2 
 .rodata.__func__.5
                0x100051b8        0xd CMakeFiles/myBlink_w.dir/C_/Program_Files/Raspberry_Pi/Pico_SDK_v1.5.1/pico-sdk/src/common/pico_time/time.c.obj
 *fill*         0x100051c5        0x3 
 .rodata.__func__.6
                0x100051c8       0x12 CMakeFiles/myBlink_w.dir/C_/Program_Files/Raspberry_Pi/Pico_SDK_v1.5.1/pico-sdk/src/common/pico_time/time.c.obj
 *fill*         0x100051da        0x2 
 .rodata.__func__.7
                0x100051dc        0xf CMakeFiles/myBlink_w.dir/C_/Program_Files/Raspberry_Pi/Pico_SDK_v1.5.1/pico-sdk/src/common/pico_time/time.c.obj
 *fill*         0x100051eb        0x1 
 .rodata.__func__.8
                0x100051ec        0xc CMakeFiles/myBlink_w.dir/C_/Program_Files/Raspberry_Pi/Pico_SDK_v1.5.1/pico-sdk/src/common/pico_time/time.c.obj
 .rodata.__func__.9
                0x100051f8       0x15 CMakeFiles/myBlink_w.dir/C_/Program_Files/Raspberry_Pi/Pico_SDK_v1.5.1/pico-sdk/src/common/pico_time/time.c.obj
 *fill*         0x1000520d        0x3 
 .rodata.hardware_alarm_claim.str1.4
                0x10005210       0x22 CMakeFiles/myBlink_w.dir/C_/Program_Files/Raspberry_Pi/Pico_SDK_v1.5.1/pico-sdk/src/rp2_common/hardware_timer/timer.c.obj
 .rodata.busy_wait_us.str1.4
                0x10005232       0x7d CMakeFiles/myBlink_w.dir/C_/Program_Files/Raspberry_Pi/Pico_SDK_v1.5.1/pico-sdk/src/rp2_common/hardware_timer/timer.c.obj
 *fill*         0x10005232        0x2 
 .rodata.hardware_alarm_set_target.str1.4
                0x10005234       0x81 CMakeFiles/myBlink_w.dir/C_/Program_Files/Raspberry_Pi/Pico_SDK_v1.5.1/pico-sdk/src/rp2_common/hardware_timer/timer.c.obj
 *fill*         0x100052b5        0x3 
 .rodata.__func__.0
                0x100052b8       0x1a CMakeFiles/myBlink_w.dir/C_/Program_Files/Raspberry_Pi/Pico_SDK_v1.5.1/pico-sdk/src/rp2_common/hardware_timer/timer.c.obj
 *fill*         0x100052d2        0x2 
 .rodata.__func__.1
                0x100052d4       0x15 CMakeFiles/myBlink_w.dir/C_/Program_Files/Raspberry_Pi/Pico_SDK_v1.5.1/pico-sdk/src/rp2_common/hardware_timer/timer.c.obj
 .rodata.ph_add_child_node.str1.4
                0x100052e9       0xb2 CMakeFiles/myBlink_w.dir/C_/Program_Files/Raspberry_Pi/Pico_SDK_v1.5.1/pico-sdk/src/common/pico_util/pheap.c.obj
 *fill*         0x100052e9        0x3 
 .rodata.ph_remove_any_head.str1.4
                0x100052ec       0xa8 CMakeFiles/myBlink_w.dir/C_/Program_Files/Raspberry_Pi/Pico_SDK_v1.5.1/pico-sdk/src/common/pico_util/pheap.c.obj
                                 0xbc (size before relaxing)
 .rodata.ph_remove_and_free_node.str1.4
                0x10005394       0x1e CMakeFiles/myBlink_w.dir/C_/Program_Files/Raspberry_Pi/Pico_SDK_v1.5.1/pico-sdk/src/common/pico_util/pheap.c.obj
                                 0x26 (size before relaxing)
 *fill*         0x100053b2        0x2 
 .rodata.__func__.0
                0x100053b4       0x18 CMakeFiles/myBlink_w.dir/C_/Program_Files/Raspberry_Pi/Pico_SDK_v1.5.1/pico-sdk/src/common/pico_util/pheap.c.obj
 .rodata.__func__.1
                0x100053cc       0x13 CMakeFiles/myBlink_w.dir/C_/Program_Files/Raspberry_Pi/Pico_SDK_v1.5.1/pico-sdk/src/common/pico_util/pheap.c.obj
 *fill*         0x100053df        0x1 
 .rodata.__func__.2
                0x100053e0       0x12 CMakeFiles/myBlink_w.dir/C_/Program_Files/Raspberry_Pi/Pico_SDK_v1.5.1/pico-sdk/src/common/pico_util/pheap.c.obj
 *fill*         0x100053f2        0x2 
 .rodata.__func__.3
                0x100053f4        0xc CMakeFiles/myBlink_w.dir/C_/Program_Files/Raspberry_Pi/Pico_SDK_v1.5.1/pico-sdk/src/common/pico_util/pheap.c.obj
 .rodata.clock_configure.str1.4
                0x10005400       0x73 CMakeFiles/myBlink_w.dir/C_/Program_Files/Raspberry_Pi/Pico_SDK_v1.5.1/pico-sdk/src/rp2_common/hardware_clocks/clocks.c.obj
 *fill*         0x10005473        0x1 
 .rodata.__func__.1
                0x10005474       0x10 CMakeFiles/myBlink_w.dir/C_/Program_Files/Raspberry_Pi/Pico_SDK_v1.5.1/pico-sdk/src/rp2_common/hardware_clocks/clocks.c.obj
 .rodata.pll_init.str1.4
                0x10005484      0x140 CMakeFiles/myBlink_w.dir/C_/Program_Files/Raspberry_Pi/Pico_SDK_v1.5.1/pico-sdk/src/rp2_common/hardware_pll/pll.c.obj
 .rodata.__func__.0
                0x100055c4        0x9 CMakeFiles/myBlink_w.dir/C_/Program_Files/Raspberry_Pi/Pico_SDK_v1.5.1/pico-sdk/src/rp2_common/hardware_pll/pll.c.obj
 *fill*         0x100055cd        0x3 
 .rodata.__assert_func.str1.4
                0x100055d0       0x3f CMakeFiles/myBlink_w.dir/C_/Program_Files/Raspberry_Pi/Pico_SDK_v1.5.1/pico-sdk/src/rp2_common/pico_runtime/runtime.c.obj
                                 0x43 (size before relaxing)
 *fill*         0x1000560f        0x1 
 .rodata.runtime_init.str1.4
                0x10005610       0x7d CMakeFiles/myBlink_w.dir/C_/Program_Files/Raspberry_Pi/Pico_SDK_v1.5.1/pico-sdk/src/rp2_common/pico_runtime/runtime.c.obj
 .rodata._gettimeofday.str1.4
                0x1000568d       0x7d CMakeFiles/myBlink_w.dir/C_/Program_Files/Raspberry_Pi/Pico_SDK_v1.5.1/pico-sdk/src/rp2_common/pico_runtime/runtime.c.obj
 *fill*         0x1000568d        0x3 
 .rodata.panic.str1.4
                0x10005690       0x12 CMakeFiles/myBlink_w.dir/C_/Program_Files/Raspberry_Pi/Pico_SDK_v1.5.1/pico-sdk/src/rp2_common/pico_runtime/runtime.c.obj
 *fill*         0x100056a2        0x2 
 .rodata.__func__.0
                0x100056a4       0x15 CMakeFiles/myBlink_w.dir/C_/Program_Files/Raspberry_Pi/Pico_SDK_v1.5.1/pico-sdk/src/rp2_common/pico_runtime/runtime.c.obj
 *fill*         0x100056b9        0x3 
 .rodata.__func__.2
                0x100056bc        0xd CMakeFiles/myBlink_w.dir/C_/Program_Files/Raspberry_Pi/Pico_SDK_v1.5.1/pico-sdk/src/rp2_common/pico_runtime/runtime.c.obj
 *fill*         0x100056c9        0x3 
 .rodata._ftoa.str1.4
                0x100056cc       0x15 CMakeFiles/myBlink_w.dir/C_/Program_Files/Raspberry_Pi/Pico_SDK_v1.5.1/pico-sdk/src/rp2_common/pico_printf/printf.c.obj
 *fill*         0x100056e1        0x3 
 .rodata._vsnprintf
                0x100056e4      0x1e0 CMakeFiles/myBlink_w.dir/C_/Program_Files/Raspberry_Pi/Pico_SDK_v1.5.1/pico-sdk/src/rp2_common/pico_printf/printf.c.obj
 *fill*         0x100058c4        0x4 
 .rodata.pow10.0
                0x100058c8       0x50 CMakeFiles/myBlink_w.dir/C_/Program_Files/Raspberry_Pi/Pico_SDK_v1.5.1/pico-sdk/src/rp2_common/pico_printf/printf.c.obj
 .rodata.missing_double_func_shim.str1.4
                0x10005918       0x18 CMakeFiles/myBlink_w.dir/C_/Program_Files/Raspberry_Pi/Pico_SDK_v1.5.1/pico-sdk/src/rp2_common/pico_double/double_init_rom.c.obj
 .rodata.__aeabi_double_init.str1.4
                0x10005930       0xb8 CMakeFiles/myBlink_w.dir/C_/Program_Files/Raspberry_Pi/Pico_SDK_v1.5.1/pico-sdk/src/rp2_common/pico_double/double_init_rom.c.obj
 .rodata.__func__.0
                0x100059e8       0x14 CMakeFiles/myBlink_w.dir/C_/Program_Files/Raspberry_Pi/Pico_SDK_v1.5.1/pico-sdk/src/rp2_common/pico_double/double_init_rom.c.obj
 .rodata.missing_float_func_shim.str1.4
                0x100059fc        0x1 CMakeFiles/myBlink_w.dir/C_/Program_Files/Raspberry_Pi/Pico_SDK_v1.5.1/pico-sdk/src/rp2_common/pico_float/float_init_rom.c.obj
 .rodata.__aeabi_float_init.str1.4
                0x100059fc       0x96 CMakeFiles/myBlink_w.dir/C_/Program_Files/Raspberry_Pi/Pico_SDK_v1.5.1/pico-sdk/src/rp2_common/pico_float/float_init_rom.c.obj
 *fill*         0x10005a92        0x2 
 .rodata.__func__.0
                0x10005a94       0x13 CMakeFiles/myBlink_w.dir/C_/Program_Files/Raspberry_Pi/Pico_SDK_v1.5.1/pico-sdk/src/rp2_common/pico_float/float_init_rom.c.obj
 *fill*         0x10005aa7        0x1 
 .rodata.str1.4
                0x10005aa8       0x40 CMakeFiles/myBlink_w.dir/C_/Program_Files/Raspberry_Pi/Pico_SDK_v1.5.1/pico-sdk/src/rp2_common/pico_standard_link/binary_info.c.obj
 .rodata.__bi_44
                0x10005ae8        0xc CMakeFiles/myBlink_w.dir/C_/Program_Files/Raspberry_Pi/Pico_SDK_v1.5.1/pico-sdk/src/rp2_common/pico_standard_link/binary_info.c.obj
 .rodata.__bi_75
                0x10005af4        0xc CMakeFiles/myBlink_w.dir/C_/Program_Files/Raspberry_Pi/Pico_SDK_v1.5.1/pico-sdk/src/rp2_common/pico_standard_link/binary_info.c.obj
 .rodata.__bi_81
                0x10005b00        0xc CMakeFiles/myBlink_w.dir/C_/Program_Files/Raspberry_Pi/Pico_SDK_v1.5.1/pico-sdk/src/rp2_common/pico_standard_link/binary_info.c.obj
 .rodata.stdout_serialize_begin.str1.4
                0x10005b0c       0x7d CMakeFiles/myBlink_w.dir/C_/Program_Files/Raspberry_Pi/Pico_SDK_v1.5.1/pico-sdk/src/rp2_common/pico_stdio/stdio.c.obj
 .rodata.__func__.3
                0x10005b0c       0x15 CMakeFiles/myBlink_w.dir/C_/Program_Files/Raspberry_Pi/Pico_SDK_v1.5.1/pico-sdk/src/rp2_common/pico_stdio/stdio.c.obj
 *fill*         0x10005b21        0x3 
 .rodata.crlf_str.2
                0x10005b24        0x2 CMakeFiles/myBlink_w.dir/C_/Program_Files/Raspberry_Pi/Pico_SDK_v1.5.1/pico-sdk/src/rp2_common/pico_stdio/stdio.c.obj
 *fill*         0x10005b26        0x2 
 .rodata.str1.4
                0x10005b28       0x2c CMakeFiles/myBlink_w.dir/C_/Program_Files/Raspberry_Pi/Pico_SDK_v1.5.1/pico-sdk/src/rp2_common/pico_stdio_uart/stdio_uart.c.obj
 .rodata.__bi_33.4
                0x10005b54        0xc CMakeFiles/myBlink_w.dir/C_/Program_Files/Raspberry_Pi/Pico_SDK_v1.5.1/pico-sdk/src/rp2_common/pico_stdio_uart/stdio_uart.c.obj
 .rodata.__bi_34.5
                0x10005b60        0x8 CMakeFiles/myBlink_w.dir/C_/Program_Files/Raspberry_Pi/Pico_SDK_v1.5.1/pico-sdk/src/rp2_common/pico_stdio_uart/stdio_uart.c.obj
 .rodata.str1.4
                0x10005b68      0x176 CMakeFiles/myBlink_w.dir/C_/Program_Files/Raspberry_Pi/Pico_SDK_v1.5.1/pico-sdk/src/rp2_common/hardware_flash/flash.c.obj
 *fill*         0x10005cde        0x2 
 .rodata.__func__.0
                0x10005ce0        0xd CMakeFiles/myBlink_w.dir/C_/Program_Files/Raspberry_Pi/Pico_SDK_v1.5.1/pico-sdk/src/rp2_common/hardware_flash/flash.c.obj
                0x10005cf0                . = ALIGN (0x4)
 *fill*         0x10005ced        0x3 
 *(SORT_BY_ALIGNMENT(SORT_BY_NAME(.flashdata*)))
                0x10005cf0                . = ALIGN (0x4)

.ARM.extab
 *(.ARM.extab* .gnu.linkonce.armextab.*)
                0x10005cf0                __exidx_start = .

.ARM.exidx
 *(.ARM.exidx* .gnu.linkonce.armexidx.*)
                0x10005cf0                __exidx_end = .
                0x10005cf0                . = ALIGN (0x4)
                0x10005cf0                __binary_info_start = .

.binary_info    0x10005cf0       0x24
 *(.binary_info.keep.*)
 .binary_info.keep.__bi_ptr22
                0x10005cf0        0x4 CMakeFiles/myBlink_w.dir/C_/Program_Files/Raspberry_Pi/Pico_SDK_v1.5.1/pico-sdk/src/rp2_common/pico_standard_link/binary_info.c.obj
 .binary_info.keep.__bi_ptr30
                0x10005cf4        0x4 CMakeFiles/myBlink_w.dir/C_/Program_Files/Raspberry_Pi/Pico_SDK_v1.5.1/pico-sdk/src/rp2_common/pico_standard_link/binary_info.c.obj
 .binary_info.keep.__bi_ptr38
                0x10005cf8        0x4 CMakeFiles/myBlink_w.dir/C_/Program_Files/Raspberry_Pi/Pico_SDK_v1.5.1/pico-sdk/src/rp2_common/pico_standard_link/binary_info.c.obj
 .binary_info.keep.__bi_ptr44
                0x10005cfc        0x4 CMakeFiles/myBlink_w.dir/C_/Program_Files/Raspberry_Pi/Pico_SDK_v1.5.1/pico-sdk/src/rp2_common/pico_standard_link/binary_info.c.obj
 .binary_info.keep.__bi_ptr50
                0x10005d00        0x4 CMakeFiles/myBlink_w.dir/C_/Program_Files/Raspberry_Pi/Pico_SDK_v1.5.1/pico-sdk/src/rp2_common/pico_standard_link/binary_info.c.obj
 .binary_info.keep.__bi_ptr75
                0x10005d04        0x4 CMakeFiles/myBlink_w.dir/C_/Program_Files/Raspberry_Pi/Pico_SDK_v1.5.1/pico-sdk/src/rp2_common/pico_standard_link/binary_info.c.obj
 .binary_info.keep.__bi_ptr81
                0x10005d08        0x4 CMakeFiles/myBlink_w.dir/C_/Program_Files/Raspberry_Pi/Pico_SDK_v1.5.1/pico-sdk/src/rp2_common/pico_standard_link/binary_info.c.obj
 *(.binary_info.*)
 .binary_info.__bi_ptr33
                0x10005d0c        0x4 CMakeFiles/myBlink_w.dir/C_/Program_Files/Raspberry_Pi/Pico_SDK_v1.5.1/pico-sdk/src/rp2_common/pico_stdio_uart/stdio_uart.c.obj
 .binary_info.__bi_ptr34
                0x10005d10        0x4 CMakeFiles/myBlink_w.dir/C_/Program_Files/Raspberry_Pi/Pico_SDK_v1.5.1/pico-sdk/src/rp2_common/pico_stdio_uart/stdio_uart.c.obj
                0x10005d14                __binary_info_end = .

.rel.dyn        0x10005d14        0x0
 .rel.iplt      0x10005d14        0x0 c:/progra~1/raspbe~1/picosd~1.1/gcc-ar~1/bin/../lib/gcc/arm-none-eabi/10.3.1/thumb/v6-m/nofp/crtbegin.o
                0x10005d14                . = ALIGN (0x4)

.ram_vector_table
                0x20000000       0xc0
 *(.ram_vector_table)
 .ram_vector_table
                0x20000000       0xc0 CMakeFiles/myBlink_w.dir/C_/Program_Files/Raspberry_Pi/Pico_SDK_v1.5.1/pico-sdk/src/rp2_common/pico_runtime/runtime.c.obj
                0x20000000                ram_vector_table

.data           0x200000c0      0x7c8 load address 0x10005d14
                0x200000c0                __data_start__ = .
 *(vtable)
 *(.time_critical*)
 .time_critical.mutex_try_enter
                0x200000c0       0x46 CMakeFiles/myBlink_w.dir/C_/Program_Files/Raspberry_Pi/Pico_SDK_v1.5.1/pico-sdk/src/common/pico_sync/mutex.c.obj
                0x200000c0                mutex_try_enter
 *fill*         0x20000106        0x2 
 .time_critical.mutex_enter_block_until
                0x20000108       0x8c CMakeFiles/myBlink_w.dir/C_/Program_Files/Raspberry_Pi/Pico_SDK_v1.5.1/pico-sdk/src/common/pico_sync/mutex.c.obj
                0x20000108                mutex_enter_block_until
 .time_critical.mutex_try_enter_block_until
                0x20000194       0x34 CMakeFiles/myBlink_w.dir/C_/Program_Files/Raspberry_Pi/Pico_SDK_v1.5.1/pico-sdk/src/common/pico_sync/mutex.c.obj
                0x20000194                mutex_try_enter_block_until
 .time_critical.mutex_exit
                0x200001c8       0x4c CMakeFiles/myBlink_w.dir/C_/Program_Files/Raspberry_Pi/Pico_SDK_v1.5.1/pico-sdk/src/common/pico_sync/mutex.c.obj
                0x200001c8                mutex_exit
 .time_critical.flash_init_boot2_copyout
                0x20000214       0x30 CMakeFiles/myBlink_w.dir/C_/Program_Files/Raspberry_Pi/Pico_SDK_v1.5.1/pico-sdk/src/rp2_common/hardware_flash/flash.c.obj
 .time_critical.flash_enable_xip_via_boot2
                0x20000244       0x10 CMakeFiles/myBlink_w.dir/C_/Program_Files/Raspberry_Pi/Pico_SDK_v1.5.1/pico-sdk/src/rp2_common/hardware_flash/flash.c.obj
 .time_critical.flash_cs_force
                0x20000254       0x28 CMakeFiles/myBlink_w.dir/C_/Program_Files/Raspberry_Pi/Pico_SDK_v1.5.1/pico-sdk/src/rp2_common/hardware_flash/flash.c.obj
 .time_critical.flash_do_cmd
                0x2000027c       0xd8 CMakeFiles/myBlink_w.dir/C_/Program_Files/Raspberry_Pi/Pico_SDK_v1.5.1/pico-sdk/src/rp2_common/hardware_flash/flash.c.obj
                0x2000027c                flash_do_cmd
 *(.text*)
 .text          0x20000354        0x4 c:/progra~1/raspbe~1/picosd~1.1/gcc-ar~1/bin/../lib/gcc/arm-none-eabi/10.3.1/thumb/v6-m/nofp\libgcc.a(_dvmd_tls.o)
                0x20000354                __aeabi_idiv0
                0x20000354                __aeabi_ldiv0
 .text.__stub   0x20000358       0x20 linker stubs
                0x20000378                . = ALIGN (0x4)
 *(.rodata*)
                0x20000378                . = ALIGN (0x4)
 *(.data*)
 .data.led_states
                0x20000378        0xc CMakeFiles/myBlink_w.dir/myBlink_w.c.obj
                0x20000378                led_states
 .data.sequence_index
                0x20000384        0x4 CMakeFiles/myBlink_w.dir/myBlink_w.c.obj
                0x20000384                sequence_index
 .data.striped_spin_lock_num
                0x20000388        0x1 CMakeFiles/myBlink_w.dir/C_/Program_Files/Raspberry_Pi/Pico_SDK_v1.5.1/pico-sdk/src/rp2_common/hardware_sync/sync.c.obj
 *fill*         0x20000389        0x3 
 .data          0x2000038c       0x48 CMakeFiles/myBlink_w.dir/C_/Program_Files/Raspberry_Pi/Pico_SDK_v1.5.1/pico-sdk/src/rp2_common/hardware_irq/irq_handler_chain.S.obj
                0x2000038c                irq_handler_chain_slots
                0x200003bc                irq_handler_chain_first_slot
                0x200003c6                irq_handler_chain_remove_tail
 .data.default_alarm_pool
                0x200003d4       0x18 CMakeFiles/myBlink_w.dir/C_/Program_Files/Raspberry_Pi/Pico_SDK_v1.5.1/pico-sdk/src/common/pico_time/time.c.obj
 .data.default_alarm_pool_heap
                0x200003ec       0x10 CMakeFiles/myBlink_w.dir/C_/Program_Files/Raspberry_Pi/Pico_SDK_v1.5.1/pico-sdk/src/common/pico_time/time.c.obj
 *fill*         0x200003fc        0x4 
 .data.aeabi_bits_funcs
                0x20000400       0x10 CMakeFiles/myBlink_w.dir/C_/Program_Files/Raspberry_Pi/Pico_SDK_v1.5.1/pico-sdk/src/rp2_common/pico_bit_ops/bit_ops_aeabi.S.obj
                0x20000400                aeabi_bits_funcs
                0x20000410                aeabi_bits_funcs_end
 .data.aeabi_mem_funcs
                0x20000410       0x10 CMakeFiles/myBlink_w.dir/C_/Program_Files/Raspberry_Pi/Pico_SDK_v1.5.1/pico-sdk/src/rp2_common/pico_mem_ops/mem_ops_aeabi.S.obj
                0x20000410                aeabi_mem_funcs
                0x20000420                aeabi_mem_funcs_end
 .data.stdio_uart
                0x20000420       0x18 CMakeFiles/myBlink_w.dir/C_/Program_Files/Raspberry_Pi/Pico_SDK_v1.5.1/pico-sdk/src/rp2_common/pico_stdio_uart/stdio_uart.c.obj
                0x20000420                stdio_uart
 .data._impure_ptr
                0x20000438        0x4 c:/progra~1/raspbe~1/picosd~1.1/gcc-ar~1/bin/../lib/gcc/arm-none-eabi/10.3.1/../../../../arm-none-eabi/lib/thumb/v6-m/nofp\libg.a(lib_a-impure.o)
                0x20000438                _impure_ptr
 *fill*         0x2000043c        0x4 
 .data.impure_data
                0x20000440      0x428 c:/progra~1/raspbe~1/picosd~1.1/gcc-ar~1/bin/../lib/gcc/arm-none-eabi/10.3.1/../../../../arm-none-eabi/lib/thumb/v6-m/nofp\libg.a(lib_a-impure.o)
                0x20000868                . = ALIGN (0x4)
 *(.after_data.*)
                0x20000868                . = ALIGN (0x4)
                0x20000868                PROVIDE (__mutex_array_start = .)
 *(SORT_BY_NAME(.mutex_array.*))
 *(.mutex_array)
 .mutex_array   0x20000868        0x8 CMakeFiles/myBlink_w.dir/C_/Program_Files/Raspberry_Pi/Pico_SDK_v1.5.1/pico-sdk/src/rp2_common/pico_stdio/stdio.c.obj
                0x20000870                PROVIDE (__mutex_array_end = .)
                0x20000870                . = ALIGN (0x4)
                0x20000870                PROVIDE (__preinit_array_start = .)
 *(SORT_BY_NAME(.preinit_array.*))
 .preinit_array.00001
                0x20000870        0x4 CMakeFiles/myBlink_w.dir/C_/Program_Files/Raspberry_Pi/Pico_SDK_v1.5.1/pico-sdk/src/rp2_common/pico_mem_ops/mem_ops_aeabi.S.obj
 .preinit_array.00010
                0x20000874        0x4 CMakeFiles/myBlink_w.dir/C_/Program_Files/Raspberry_Pi/Pico_SDK_v1.5.1/pico-sdk/src/rp2_common/pico_bit_ops/bit_ops_aeabi.S.obj
 .preinit_array.00020
                0x20000878        0x4 CMakeFiles/myBlink_w.dir/C_/Program_Files/Raspberry_Pi/Pico_SDK_v1.5.1/pico-sdk/src/rp2_common/pico_double/double_aeabi.S.obj
 .preinit_array.00020
                0x2000087c        0x4 CMakeFiles/myBlink_w.dir/C_/Program_Files/Raspberry_Pi/Pico_SDK_v1.5.1/pico-sdk/src/rp2_common/pico_float/float_aeabi.S.obj
 *(.preinit_array)
                0x20000880                PROVIDE (__preinit_array_end = .)
                0x20000880                . = ALIGN (0x4)
                0x20000880                PROVIDE (__init_array_start = .)
 *(SORT_BY_NAME(.init_array.*))
 *(.init_array)
 .init_array    0x20000880        0x4 c:/progra~1/raspbe~1/picosd~1.1/gcc-ar~1/bin/../lib/gcc/arm-none-eabi/10.3.1/thumb/v6-m/nofp/crtbegin.o
 .init_array    0x20000884        0x4 CMakeFiles/myBlink_w.dir/C_/Program_Files/Raspberry_Pi/Pico_SDK_v1.5.1/pico-sdk/src/rp2_common/pico_unique_id/unique_id.c.obj
                0x20000888                PROVIDE (__init_array_end = .)
                0x20000888                . = ALIGN (0x4)
                [!provide]                PROVIDE (__fini_array_start = .)
 *(SORT_BY_NAME(.fini_array.*))
 *(.fini_array)
                [!provide]                PROVIDE (__fini_array_end = .)
 *(.jcr)
                0x20000888                . = ALIGN (0x4)
                0x20000888                __data_end__ = .
                0x10005d14                __etext = LOADADDR (.data)

.igot.plt       0x20000888        0x0 load address 0x100064dc
 .igot.plt      0x20000888        0x0 c:/progra~1/raspbe~1/picosd~1.1/gcc-ar~1/bin/../lib/gcc/arm-none-eabi/10.3.1/thumb/v6-m/nofp/crtbegin.o

.uninitialized_data
                0x20000888        0x0 load address 0x100064dc
                0x20000888                . = ALIGN (0x4)
 *(.uninitialized_data*)

.scratch_x      0x20040000        0x0 load address 0x100064dc
                0x20040000                __scratch_x_start__ = .
 *(.scratch_x.*)
                0x20040000                . = ALIGN (0x4)
                0x20040000                __scratch_x_end__ = .
                0x100064dc                __scratch_x_source__ = LOADADDR (.scratch_x)

.scratch_y      0x20041000        0x0 load address 0x100064dc
                0x20041000                __scratch_y_start__ = .
 *(.scratch_y.*)
                0x20041000                . = ALIGN (0x4)
                0x20041000                __scratch_y_end__ = .
                0x100064dc                __scratch_y_source__ = LOADADDR (.scratch_y)

.bss            0x20000888      0x4f8
                0x20000888                . = ALIGN (0x4)
                0x20000888                __bss_start__ = .
 *(SORT_BY_ALIGNMENT(SORT_BY_NAME(.bss*)))
 .bss.default_alarm_pool_entries
                0x20000888      0x100 CMakeFiles/myBlink_w.dir/C_/Program_Files/Raspberry_Pi/Pico_SDK_v1.5.1/pico-sdk/src/common/pico_time/time.c.obj
 .bss.epoch_time_us_since_boot
                0x20000988        0x8 CMakeFiles/myBlink_w.dir/C_/Program_Files/Raspberry_Pi/Pico_SDK_v1.5.1/pico-sdk/src/rp2_common/pico_runtime/runtime.c.obj
 .bss           0x20000990       0x1c c:/progra~1/raspbe~1/picosd~1.1/gcc-ar~1/bin/../lib/gcc/arm-none-eabi/10.3.1/thumb/v6-m/nofp/crtbegin.o
 .bss.alarm_callbacks
                0x200009ac       0x10 CMakeFiles/myBlink_w.dir/C_/Program_Files/Raspberry_Pi/Pico_SDK_v1.5.1/pico-sdk/src/rp2_common/hardware_timer/timer.c.obj
 .bss.boot2_copyout
                0x200009bc      0x100 CMakeFiles/myBlink_w.dir/C_/Program_Files/Raspberry_Pi/Pico_SDK_v1.5.1/pico-sdk/src/rp2_common/hardware_flash/flash.c.obj
 .bss.chars_available_callback
                0x20000abc        0x4 CMakeFiles/myBlink_w.dir/C_/Program_Files/Raspberry_Pi/Pico_SDK_v1.5.1/pico-sdk/src/rp2_common/pico_stdio_uart/stdio_uart.c.obj
 .bss.chars_available_param
                0x20000ac0        0x4 CMakeFiles/myBlink_w.dir/C_/Program_Files/Raspberry_Pi/Pico_SDK_v1.5.1/pico-sdk/src/rp2_common/pico_stdio_uart/stdio_uart.c.obj
 .bss.configured_freq
                0x20000ac4       0x28 CMakeFiles/myBlink_w.dir/C_/Program_Files/Raspberry_Pi/Pico_SDK_v1.5.1/pico-sdk/src/rp2_common/hardware_clocks/clocks.c.obj
 .bss.contador  0x20000aec        0x4 CMakeFiles/myBlink_w.dir/myBlink_w.c.obj
                0x20000aec                contador
 .bss.contador_ms
                0x20000af0        0x4 CMakeFiles/myBlink_w.dir/myBlink_w.c.obj
                0x20000af0                contador_ms
 .bss.default_alarm_pool_entry_ids_high
                0x20000af4       0x10 CMakeFiles/myBlink_w.dir/C_/Program_Files/Raspberry_Pi/Pico_SDK_v1.5.1/pico-sdk/src/common/pico_time/time.c.obj
 .bss.default_alarm_pool_heap_nodes
                0x20000b04       0x30 CMakeFiles/myBlink_w.dir/C_/Program_Files/Raspberry_Pi/Pico_SDK_v1.5.1/pico-sdk/src/common/pico_time/time.c.obj
 .bss.drivers   0x20000b34        0x4 CMakeFiles/myBlink_w.dir/C_/Program_Files/Raspberry_Pi/Pico_SDK_v1.5.1/pico-sdk/src/rp2_common/pico_stdio/stdio.c.obj
 .bss.errno     0x20000b38        0x4 c:/progra~1/raspbe~1/picosd~1.1/gcc-ar~1/bin/../lib/gcc/arm-none-eabi/10.3.1/../../../../arm-none-eabi/lib/thumb/v6-m/nofp\libg.a(lib_a-reent.o)
                0x20000b38                errno
 .bss.filter    0x20000b3c        0x4 CMakeFiles/myBlink_w.dir/C_/Program_Files/Raspberry_Pi/Pico_SDK_v1.5.1/pico-sdk/src/rp2_common/pico_stdio/stdio.c.obj
 .bss.pools     0x20000b40       0x10 CMakeFiles/myBlink_w.dir/C_/Program_Files/Raspberry_Pi/Pico_SDK_v1.5.1/pico-sdk/src/common/pico_time/time.c.obj
 .bss.retrieved_id
                0x20000b50        0x8 CMakeFiles/myBlink_w.dir/C_/Program_Files/Raspberry_Pi/Pico_SDK_v1.5.1/pico-sdk/src/rp2_common/pico_unique_id/unique_id.c.obj
 .bss.sd_table  0x20000b58      0x100 CMakeFiles/myBlink_w.dir/C_/Program_Files/Raspberry_Pi/Pico_SDK_v1.5.1/pico-sdk/src/rp2_common/pico_double/double_init_rom.c.obj
                0x20000b58                sd_table
 .bss.sf_clz_func
                0x20000c58        0x4 CMakeFiles/myBlink_w.dir/C_/Program_Files/Raspberry_Pi/Pico_SDK_v1.5.1/pico-sdk/src/rp2_common/pico_double/double_init_rom.c.obj
                0x20000c58                sf_clz_func
 .bss.sf_table  0x20000c5c      0x100 CMakeFiles/myBlink_w.dir/C_/Program_Files/Raspberry_Pi/Pico_SDK_v1.5.1/pico-sdk/src/rp2_common/pico_float/float_init_rom.c.obj
                0x20000c5c                sf_table
 .bss.sleep_notifier
                0x20000d5c        0x4 CMakeFiles/myBlink_w.dir/C_/Program_Files/Raspberry_Pi/Pico_SDK_v1.5.1/pico-sdk/src/common/pico_time/time.c.obj
 .bss.target_hi
                0x20000d60       0x10 CMakeFiles/myBlink_w.dir/C_/Program_Files/Raspberry_Pi/Pico_SDK_v1.5.1/pico-sdk/src/rp2_common/hardware_timer/timer.c.obj
 .bss.time_pessed
                0x20000d70        0x4 CMakeFiles/myBlink_w.dir/myBlink_w.c.obj
                0x20000d70                time_pessed
 .bss.uart_char_to_line_feed
                0x20000d74        0x4 CMakeFiles/myBlink_w.dir/C_/Program_Files/Raspberry_Pi/Pico_SDK_v1.5.1/pico-sdk/src/rp2_common/hardware_uart/uart.c.obj
                0x20000d74                uart_char_to_line_feed
 .bss.uart_instance
                0x20000d78        0x4 CMakeFiles/myBlink_w.dir/C_/Program_Files/Raspberry_Pi/Pico_SDK_v1.5.1/pico-sdk/src/rp2_common/pico_stdio_uart/stdio_uart.c.obj
 .bss.boot2_copyout_valid
                0x20000d7c        0x1 CMakeFiles/myBlink_w.dir/C_/Program_Files/Raspberry_Pi/Pico_SDK_v1.5.1/pico-sdk/src/rp2_common/hardware_flash/flash.c.obj
 .bss.claimed   0x20000d7d        0x1 CMakeFiles/myBlink_w.dir/C_/Program_Files/Raspberry_Pi/Pico_SDK_v1.5.1/pico-sdk/src/rp2_common/hardware_timer/timer.c.obj
 .bss.irq_hander_chain_free_slot_head
                0x20000d7e        0x1 CMakeFiles/myBlink_w.dir/C_/Program_Files/Raspberry_Pi/Pico_SDK_v1.5.1/pico-sdk/src/rp2_common/hardware_irq/irq.c.obj
 .bss.timer_callbacks_pending
                0x20000d7f        0x1 CMakeFiles/myBlink_w.dir/C_/Program_Files/Raspberry_Pi/Pico_SDK_v1.5.1/pico-sdk/src/rp2_common/hardware_timer/timer.c.obj
 *(COMMON)
                0x20000d80                . = ALIGN (0x4)
                0x20000d80                __bss_end__ = .

.heap           0x20000d80      0x800
                0x20000d80                __end__ = .
                0x20000d80                end = __end__
 *(.heap*)
 .heap          0x20000d80      0x800 CMakeFiles/myBlink_w.dir/C_/Program_Files/Raspberry_Pi/Pico_SDK_v1.5.1/pico-sdk/src/rp2_common/pico_standard_link/crt0.S.obj
                0x20001580                __HeapLimit = .

.stack1_dummy   0x20040000        0x0
 *(.stack1*)

.stack_dummy    0x20041000      0x800
 *(.stack*)
 .stack         0x20041000      0x800 CMakeFiles/myBlink_w.dir/C_/Program_Files/Raspberry_Pi/Pico_SDK_v1.5.1/pico-sdk/src/rp2_common/pico_standard_link/crt0.S.obj

.flash_end      0x100064dc        0x0
                0x100064dc                PROVIDE (__flash_binary_end = .)
                0x20040000                __StackLimit = (ORIGIN (RAM) + LENGTH (RAM))
                0x20041000                __StackOneTop = (ORIGIN (SCRATCH_X) + LENGTH (SCRATCH_X))
                0x20042000                __StackTop = (ORIGIN (SCRATCH_Y) + LENGTH (SCRATCH_Y))
                0x20041000                __StackOneBottom = (__StackOneTop - SIZEOF (.stack1_dummy))
                0x20041800                __StackBottom = (__StackTop - SIZEOF (.stack_dummy))
                0x20042000                PROVIDE (__stack = __StackTop)
                0x00000001                ASSERT ((__StackLimit >= __HeapLimit), region RAM overflowed)
                0x00000001                ASSERT (((__binary_info_header_end - __logical_binary_start) <= 0x100), Binary info must be in first 256 bytes of the binary)
LOAD CMakeFiles/myBlink_w.dir/myBlink_w.c.obj
LOAD CMakeFiles/myBlink_w.dir/C_/Program_Files/Raspberry_Pi/Pico_SDK_v1.5.1/pico-sdk/src/rp2_common/pico_stdlib/stdlib.c.obj
LOAD CMakeFiles/myBlink_w.dir/C_/Program_Files/Raspberry_Pi/Pico_SDK_v1.5.1/pico-sdk/src/rp2_common/hardware_gpio/gpio.c.obj
LOAD CMakeFiles/myBlink_w.dir/C_/Program_Files/Raspberry_Pi/Pico_SDK_v1.5.1/pico-sdk/src/rp2_common/pico_platform/platform.c.obj
LOAD CMakeFiles/myBlink_w.dir/C_/Program_Files/Raspberry_Pi/Pico_SDK_v1.5.1/pico-sdk/src/rp2_common/hardware_claim/claim.c.obj
LOAD CMakeFiles/myBlink_w.dir/C_/Program_Files/Raspberry_Pi/Pico_SDK_v1.5.1/pico-sdk/src/rp2_common/hardware_sync/sync.c.obj
LOAD CMakeFiles/myBlink_w.dir/C_/Program_Files/Raspberry_Pi/Pico_SDK_v1.5.1/pico-sdk/src/rp2_common/hardware_irq/irq.c.obj
LOAD CMakeFiles/myBlink_w.dir/C_/Program_Files/Raspberry_Pi/Pico_SDK_v1.5.1/pico-sdk/src/rp2_common/hardware_irq/irq_handler_chain.S.obj
LOAD CMakeFiles/myBlink_w.dir/C_/Program_Files/Raspberry_Pi/Pico_SDK_v1.5.1/pico-sdk/src/common/pico_sync/sem.c.obj
LOAD CMakeFiles/myBlink_w.dir/C_/Program_Files/Raspberry_Pi/Pico_SDK_v1.5.1/pico-sdk/src/common/pico_sync/lock_core.c.obj
LOAD CMakeFiles/myBlink_w.dir/C_/Program_Files/Raspberry_Pi/Pico_SDK_v1.5.1/pico-sdk/src/common/pico_sync/mutex.c.obj
LOAD CMakeFiles/myBlink_w.dir/C_/Program_Files/Raspberry_Pi/Pico_SDK_v1.5.1/pico-sdk/src/common/pico_sync/critical_section.c.obj
LOAD CMakeFiles/myBlink_w.dir/C_/Program_Files/Raspberry_Pi/Pico_SDK_v1.5.1/pico-sdk/src/common/pico_time/time.c.obj
LOAD CMakeFiles/myBlink_w.dir/C_/Program_Files/Raspberry_Pi/Pico_SDK_v1.5.1/pico-sdk/src/common/pico_time/timeout_helper.c.obj
LOAD CMakeFiles/myBlink_w.dir/C_/Program_Files/Raspberry_Pi/Pico_SDK_v1.5.1/pico-sdk/src/rp2_common/hardware_timer/timer.c.obj
LOAD CMakeFiles/myBlink_w.dir/C_/Program_Files/Raspberry_Pi/Pico_SDK_v1.5.1/pico-sdk/src/common/pico_util/datetime.c.obj
LOAD CMakeFiles/myBlink_w.dir/C_/Program_Files/Raspberry_Pi/Pico_SDK_v1.5.1/pico-sdk/src/common/pico_util/pheap.c.obj
LOAD CMakeFiles/myBlink_w.dir/C_/Program_Files/Raspberry_Pi/Pico_SDK_v1.5.1/pico-sdk/src/common/pico_util/queue.c.obj
LOAD CMakeFiles/myBlink_w.dir/C_/Program_Files/Raspberry_Pi/Pico_SDK_v1.5.1/pico-sdk/src/rp2_common/hardware_uart/uart.c.obj
LOAD CMakeFiles/myBlink_w.dir/C_/Program_Files/Raspberry_Pi/Pico_SDK_v1.5.1/pico-sdk/src/rp2_common/hardware_clocks/clocks.c.obj
LOAD CMakeFiles/myBlink_w.dir/C_/Program_Files/Raspberry_Pi/Pico_SDK_v1.5.1/pico-sdk/src/rp2_common/hardware_pll/pll.c.obj
LOAD CMakeFiles/myBlink_w.dir/C_/Program_Files/Raspberry_Pi/Pico_SDK_v1.5.1/pico-sdk/src/rp2_common/hardware_vreg/vreg.c.obj
LOAD CMakeFiles/myBlink_w.dir/C_/Program_Files/Raspberry_Pi/Pico_SDK_v1.5.1/pico-sdk/src/rp2_common/hardware_watchdog/watchdog.c.obj
LOAD CMakeFiles/myBlink_w.dir/C_/Program_Files/Raspberry_Pi/Pico_SDK_v1.5.1/pico-sdk/src/rp2_common/hardware_xosc/xosc.c.obj
LOAD CMakeFiles/myBlink_w.dir/C_/Program_Files/Raspberry_Pi/Pico_SDK_v1.5.1/pico-sdk/src/rp2_common/hardware_divider/divider.S.obj
LOAD CMakeFiles/myBlink_w.dir/C_/Program_Files/Raspberry_Pi/Pico_SDK_v1.5.1/pico-sdk/src/rp2_common/pico_runtime/runtime.c.obj
LOAD CMakeFiles/myBlink_w.dir/C_/Program_Files/Raspberry_Pi/Pico_SDK_v1.5.1/pico-sdk/src/rp2_common/pico_printf/printf.c.obj
LOAD CMakeFiles/myBlink_w.dir/C_/Program_Files/Raspberry_Pi/Pico_SDK_v1.5.1/pico-sdk/src/rp2_common/pico_bit_ops/bit_ops_aeabi.S.obj
LOAD CMakeFiles/myBlink_w.dir/C_/Program_Files/Raspberry_Pi/Pico_SDK_v1.5.1/pico-sdk/src/rp2_common/pico_bootrom/bootrom.c.obj
LOAD CMakeFiles/myBlink_w.dir/C_/Program_Files/Raspberry_Pi/Pico_SDK_v1.5.1/pico-sdk/src/rp2_common/pico_divider/divider.S.obj
LOAD CMakeFiles/myBlink_w.dir/C_/Program_Files/Raspberry_Pi/Pico_SDK_v1.5.1/pico-sdk/src/rp2_common/pico_double/double_aeabi.S.obj
LOAD CMakeFiles/myBlink_w.dir/C_/Program_Files/Raspberry_Pi/Pico_SDK_v1.5.1/pico-sdk/src/rp2_common/pico_double/double_init_rom.c.obj
LOAD CMakeFiles/myBlink_w.dir/C_/Program_Files/Raspberry_Pi/Pico_SDK_v1.5.1/pico-sdk/src/rp2_common/pico_double/double_math.c.obj
LOAD CMakeFiles/myBlink_w.dir/C_/Program_Files/Raspberry_Pi/Pico_SDK_v1.5.1/pico-sdk/src/rp2_common/pico_double/double_v1_rom_shim.S.obj
LOAD CMakeFiles/myBlink_w.dir/C_/Program_Files/Raspberry_Pi/Pico_SDK_v1.5.1/pico-sdk/src/rp2_common/pico_int64_ops/pico_int64_ops_aeabi.S.obj
LOAD CMakeFiles/myBlink_w.dir/C_/Program_Files/Raspberry_Pi/Pico_SDK_v1.5.1/pico-sdk/src/rp2_common/pico_float/float_aeabi.S.obj
LOAD CMakeFiles/myBlink_w.dir/C_/Program_Files/Raspberry_Pi/Pico_SDK_v1.5.1/pico-sdk/src/rp2_common/pico_float/float_init_rom.c.obj
LOAD CMakeFiles/myBlink_w.dir/C_/Program_Files/Raspberry_Pi/Pico_SDK_v1.5.1/pico-sdk/src/rp2_common/pico_float/float_math.c.obj
LOAD CMakeFiles/myBlink_w.dir/C_/Program_Files/Raspberry_Pi/Pico_SDK_v1.5.1/pico-sdk/src/rp2_common/pico_float/float_v1_rom_shim.S.obj
LOAD CMakeFiles/myBlink_w.dir/C_/Program_Files/Raspberry_Pi/Pico_SDK_v1.5.1/pico-sdk/src/rp2_common/pico_malloc/pico_malloc.c.obj
LOAD CMakeFiles/myBlink_w.dir/C_/Program_Files/Raspberry_Pi/Pico_SDK_v1.5.1/pico-sdk/src/rp2_common/pico_mem_ops/mem_ops_aeabi.S.obj
LOAD CMakeFiles/myBlink_w.dir/C_/Program_Files/Raspberry_Pi/Pico_SDK_v1.5.1/pico-sdk/src/rp2_common/pico_standard_link/crt0.S.obj
LOAD CMakeFiles/myBlink_w.dir/C_/Program_Files/Raspberry_Pi/Pico_SDK_v1.5.1/pico-sdk/src/rp2_common/pico_standard_link/new_delete.cpp.obj
LOAD CMakeFiles/myBlink_w.dir/C_/Program_Files/Raspberry_Pi/Pico_SDK_v1.5.1/pico-sdk/src/rp2_common/pico_standard_link/binary_info.c.obj
LOAD CMakeFiles/myBlink_w.dir/C_/Program_Files/Raspberry_Pi/Pico_SDK_v1.5.1/pico-sdk/src/rp2_common/pico_stdio/stdio.c.obj
LOAD CMakeFiles/myBlink_w.dir/C_/Program_Files/Raspberry_Pi/Pico_SDK_v1.5.1/pico-sdk/src/rp2_common/pico_stdio_uart/stdio_uart.c.obj
LOAD CMakeFiles/myBlink_w.dir/C_/Program_Files/Raspberry_Pi/Pico_SDK_v1.5.1/pico-sdk/src/rp2_common/pico_cyw43_arch/cyw43_arch.c.obj
LOAD CMakeFiles/myBlink_w.dir/C_/Program_Files/Raspberry_Pi/Pico_SDK_v1.5.1/pico-sdk/src/rp2_common/pico_cyw43_arch/cyw43_arch_poll.c.obj
LOAD CMakeFiles/myBlink_w.dir/C_/Program_Files/Raspberry_Pi/Pico_SDK_v1.5.1/pico-sdk/src/rp2_common/pico_cyw43_arch/cyw43_arch_threadsafe_background.c.obj
LOAD CMakeFiles/myBlink_w.dir/C_/Program_Files/Raspberry_Pi/Pico_SDK_v1.5.1/pico-sdk/src/rp2_common/pico_cyw43_arch/cyw43_arch_freertos.c.obj
LOAD CMakeFiles/myBlink_w.dir/C_/Program_Files/Raspberry_Pi/Pico_SDK_v1.5.1/pico-sdk/src/rp2_common/pico_unique_id/unique_id.c.obj
LOAD CMakeFiles/myBlink_w.dir/C_/Program_Files/Raspberry_Pi/Pico_SDK_v1.5.1/pico-sdk/src/rp2_common/hardware_flash/flash.c.obj
LOAD CMakeFiles/myBlink_w.dir/C_/Program_Files/Raspberry_Pi/Pico_SDK_v1.5.1/pico-sdk/src/rp2_common/pico_cyw43_driver/cyw43_bus_pio_spi.c.obj
LOAD CMakeFiles/myBlink_w.dir/C_/Program_Files/Raspberry_Pi/Pico_SDK_v1.5.1/pico-sdk/lib/cyw43-driver/src/cyw43_ll.c.obj
LOAD CMakeFiles/myBlink_w.dir/C_/Program_Files/Raspberry_Pi/Pico_SDK_v1.5.1/pico-sdk/lib/cyw43-driver/src/cyw43_stats.c.obj
LOAD CMakeFiles/myBlink_w.dir/C_/Program_Files/Raspberry_Pi/Pico_SDK_v1.5.1/pico-sdk/lib/cyw43-driver/src/cyw43_lwip.c.obj
LOAD CMakeFiles/myBlink_w.dir/C_/Program_Files/Raspberry_Pi/Pico_SDK_v1.5.1/pico-sdk/lib/cyw43-driver/src/cyw43_ctrl.c.obj
LOAD CMakeFiles/myBlink_w.dir/C_/Program_Files/Raspberry_Pi/Pico_SDK_v1.5.1/pico-sdk/src/rp2_common/pico_cyw43_driver/cybt_shared_bus/cybt_shared_bus.c.obj
LOAD CMakeFiles/myBlink_w.dir/C_/Program_Files/Raspberry_Pi/Pico_SDK_v1.5.1/pico-sdk/src/rp2_common/pico_cyw43_driver/cybt_shared_bus/cybt_shared_bus_driver.c.obj
LOAD CMakeFiles/myBlink_w.dir/C_/Program_Files/Raspberry_Pi/Pico_SDK_v1.5.1/pico-sdk/src/rp2_common/hardware_pio/pio.c.obj
LOAD CMakeFiles/myBlink_w.dir/C_/Program_Files/Raspberry_Pi/Pico_SDK_v1.5.1/pico-sdk/src/rp2_common/hardware_dma/dma.c.obj
LOAD CMakeFiles/myBlink_w.dir/C_/Program_Files/Raspberry_Pi/Pico_SDK_v1.5.1/pico-sdk/src/rp2_common/hardware_exception/exception.c.obj
LOAD CMakeFiles/myBlink_w.dir/C_/Program_Files/Raspberry_Pi/Pico_SDK_v1.5.1/pico-sdk/src/rp2_common/pico_cyw43_driver/cyw43_driver.c.obj
LOAD CMakeFiles/myBlink_w.dir/C_/Program_Files/Raspberry_Pi/Pico_SDK_v1.5.1/pico-sdk/src/rp2_common/pico_async_context/async_context_threadsafe_background.c.obj
LOAD CMakeFiles/myBlink_w.dir/C_/Program_Files/Raspberry_Pi/Pico_SDK_v1.5.1/pico-sdk/src/rp2_common/pico_async_context/async_context_base.c.obj
LOAD C:\Users\ACER\AppData\Local\Temp\ccwjkyGe.o
LOAD c:/progra~1/raspbe~1/picosd~1.1/gcc-ar~1/bin/../lib/gcc/arm-none-eabi/10.3.1/../../../../arm-none-eabi/lib/thumb/v6-m/nofp\libstdc++.a
LOAD c:/progra~1/raspbe~1/picosd~1.1/gcc-ar~1/bin/../lib/gcc/arm-none-eabi/10.3.1/../../../../arm-none-eabi/lib/thumb/v6-m/nofp\libm.a
START GROUP
LOAD c:/progra~1/raspbe~1/picosd~1.1/gcc-ar~1/bin/../lib/gcc/arm-none-eabi/10.3.1/thumb/v6-m/nofp\libgcc.a
LOAD c:/progra~1/raspbe~1/picosd~1.1/gcc-ar~1/bin/../lib/gcc/arm-none-eabi/10.3.1/../../../../arm-none-eabi/lib/thumb/v6-m/nofp\libg.a
LOAD c:/progra~1/raspbe~1/picosd~1.1/gcc-ar~1/bin/../lib/gcc/arm-none-eabi/10.3.1/../../../../arm-none-eabi/lib/thumb/v6-m/nofp\libc.a
END GROUP
START GROUP
LOAD c:/progra~1/raspbe~1/picosd~1.1/gcc-ar~1/bin/../lib/gcc/arm-none-eabi/10.3.1/thumb/v6-m/nofp\libgcc.a
LOAD c:/progra~1/raspbe~1/picosd~1.1/gcc-ar~1/bin/../lib/gcc/arm-none-eabi/10.3.1/../../../../arm-none-eabi/lib/thumb/v6-m/nofp\libc.a
LOAD c:/progra~1/raspbe~1/picosd~1.1/gcc-ar~1/bin/../lib/gcc/arm-none-eabi/10.3.1/../../../../arm-none-eabi/lib/thumb/v6-m/nofp\libnosys.a
END GROUP
LOAD c:/progra~1/raspbe~1/picosd~1.1/gcc-ar~1/bin/../lib/gcc/arm-none-eabi/10.3.1/thumb/v6-m/nofp/crtend.o
LOAD c:/progra~1/raspbe~1/picosd~1.1/gcc-ar~1/bin/../lib/gcc/arm-none-eabi/10.3.1/thumb/v6-m/nofp/crtn.o
OUTPUT(myBlink_w.elf elf32-littlearm)
LOAD linker stubs

.ARM.attributes
                0x00000000       0x28
 .ARM.attributes
                0x00000000       0x1e c:/progra~1/raspbe~1/picosd~1.1/gcc-ar~1/bin/../lib/gcc/arm-none-eabi/10.3.1/thumb/v6-m/nofp/crti.o
 .ARM.attributes
                0x0000001e       0x2c c:/progra~1/raspbe~1/picosd~1.1/gcc-ar~1/bin/../lib/gcc/arm-none-eabi/10.3.1/thumb/v6-m/nofp/crtbegin.o
 .ARM.attributes
                0x0000004a       0x2c CMakeFiles/myBlink_w.dir/myBlink_w.c.obj
 .ARM.attributes
                0x00000076       0x2c CMakeFiles/myBlink_w.dir/C_/Program_Files/Raspberry_Pi/Pico_SDK_v1.5.1/pico-sdk/src/rp2_common/hardware_gpio/gpio.c.obj
 .ARM.attributes
                0x000000a2       0x2c CMakeFiles/myBlink_w.dir/C_/Program_Files/Raspberry_Pi/Pico_SDK_v1.5.1/pico-sdk/src/rp2_common/pico_platform/platform.c.obj
 .ARM.attributes
                0x000000ce       0x2c CMakeFiles/myBlink_w.dir/C_/Program_Files/Raspberry_Pi/Pico_SDK_v1.5.1/pico-sdk/src/rp2_common/hardware_claim/claim.c.obj
 .ARM.attributes
                0x000000fa       0x2c CMakeFiles/myBlink_w.dir/C_/Program_Files/Raspberry_Pi/Pico_SDK_v1.5.1/pico-sdk/src/rp2_common/hardware_sync/sync.c.obj
 .ARM.attributes
                0x00000126       0x2c CMakeFiles/myBlink_w.dir/C_/Program_Files/Raspberry_Pi/Pico_SDK_v1.5.1/pico-sdk/src/rp2_common/hardware_irq/irq.c.obj
 .ARM.attributes
                0x00000152       0x22 CMakeFiles/myBlink_w.dir/C_/Program_Files/Raspberry_Pi/Pico_SDK_v1.5.1/pico-sdk/src/rp2_common/hardware_irq/irq_handler_chain.S.obj
 .ARM.attributes
                0x00000174       0x2c CMakeFiles/myBlink_w.dir/C_/Program_Files/Raspberry_Pi/Pico_SDK_v1.5.1/pico-sdk/src/common/pico_sync/lock_core.c.obj
 .ARM.attributes
                0x000001a0       0x2c CMakeFiles/myBlink_w.dir/C_/Program_Files/Raspberry_Pi/Pico_SDK_v1.5.1/pico-sdk/src/common/pico_sync/mutex.c.obj
 .ARM.attributes
                0x000001cc       0x2c CMakeFiles/myBlink_w.dir/C_/Program_Files/Raspberry_Pi/Pico_SDK_v1.5.1/pico-sdk/src/common/pico_time/time.c.obj
 .ARM.attributes
                0x000001f8       0x2c CMakeFiles/myBlink_w.dir/C_/Program_Files/Raspberry_Pi/Pico_SDK_v1.5.1/pico-sdk/src/rp2_common/hardware_timer/timer.c.obj
 .ARM.attributes
                0x00000224       0x2c CMakeFiles/myBlink_w.dir/C_/Program_Files/Raspberry_Pi/Pico_SDK_v1.5.1/pico-sdk/src/common/pico_util/pheap.c.obj
 .ARM.attributes
                0x00000250       0x2c CMakeFiles/myBlink_w.dir/C_/Program_Files/Raspberry_Pi/Pico_SDK_v1.5.1/pico-sdk/src/rp2_common/hardware_uart/uart.c.obj
 .ARM.attributes
                0x0000027c       0x2c CMakeFiles/myBlink_w.dir/C_/Program_Files/Raspberry_Pi/Pico_SDK_v1.5.1/pico-sdk/src/rp2_common/hardware_clocks/clocks.c.obj
 .ARM.attributes
                0x000002a8       0x2c CMakeFiles/myBlink_w.dir/C_/Program_Files/Raspberry_Pi/Pico_SDK_v1.5.1/pico-sdk/src/rp2_common/hardware_pll/pll.c.obj
 .ARM.attributes
                0x000002d4       0x2c CMakeFiles/myBlink_w.dir/C_/Program_Files/Raspberry_Pi/Pico_SDK_v1.5.1/pico-sdk/src/rp2_common/hardware_watchdog/watchdog.c.obj
 .ARM.attributes
                0x00000300       0x2c CMakeFiles/myBlink_w.dir/C_/Program_Files/Raspberry_Pi/Pico_SDK_v1.5.1/pico-sdk/src/rp2_common/hardware_xosc/xosc.c.obj
 .ARM.attributes
                0x0000032c       0x2c CMakeFiles/myBlink_w.dir/C_/Program_Files/Raspberry_Pi/Pico_SDK_v1.5.1/pico-sdk/src/rp2_common/pico_runtime/runtime.c.obj
 .ARM.attributes
                0x00000358       0x2c CMakeFiles/myBlink_w.dir/C_/Program_Files/Raspberry_Pi/Pico_SDK_v1.5.1/pico-sdk/src/rp2_common/pico_printf/printf.c.obj
 .ARM.attributes
                0x00000384       0x22 CMakeFiles/myBlink_w.dir/C_/Program_Files/Raspberry_Pi/Pico_SDK_v1.5.1/pico-sdk/src/rp2_common/pico_bit_ops/bit_ops_aeabi.S.obj
 .ARM.attributes
                0x000003a6       0x2c CMakeFiles/myBlink_w.dir/C_/Program_Files/Raspberry_Pi/Pico_SDK_v1.5.1/pico-sdk/src/rp2_common/pico_bootrom/bootrom.c.obj
 .ARM.attributes
                0x000003d2       0x22 CMakeFiles/myBlink_w.dir/C_/Program_Files/Raspberry_Pi/Pico_SDK_v1.5.1/pico-sdk/src/rp2_common/pico_divider/divider.S.obj
 .ARM.attributes
                0x000003f4       0x22 CMakeFiles/myBlink_w.dir/C_/Program_Files/Raspberry_Pi/Pico_SDK_v1.5.1/pico-sdk/src/rp2_common/pico_double/double_aeabi.S.obj
 .ARM.attributes
                0x00000416       0x2c CMakeFiles/myBlink_w.dir/C_/Program_Files/Raspberry_Pi/Pico_SDK_v1.5.1/pico-sdk/src/rp2_common/pico_double/double_init_rom.c.obj
 .ARM.attributes
                0x00000442       0x22 CMakeFiles/myBlink_w.dir/C_/Program_Files/Raspberry_Pi/Pico_SDK_v1.5.1/pico-sdk/src/rp2_common/pico_double/double_v1_rom_shim.S.obj
 .ARM.attributes
                0x00000464       0x22 CMakeFiles/myBlink_w.dir/C_/Program_Files/Raspberry_Pi/Pico_SDK_v1.5.1/pico-sdk/src/rp2_common/pico_int64_ops/pico_int64_ops_aeabi.S.obj
 .ARM.attributes
                0x00000486       0x22 CMakeFiles/myBlink_w.dir/C_/Program_Files/Raspberry_Pi/Pico_SDK_v1.5.1/pico-sdk/src/rp2_common/pico_float/float_aeabi.S.obj
 .ARM.attributes
                0x000004a8       0x2c CMakeFiles/myBlink_w.dir/C_/Program_Files/Raspberry_Pi/Pico_SDK_v1.5.1/pico-sdk/src/rp2_common/pico_float/float_init_rom.c.obj
 .ARM.attributes
                0x000004d4       0x22 CMakeFiles/myBlink_w.dir/C_/Program_Files/Raspberry_Pi/Pico_SDK_v1.5.1/pico-sdk/src/rp2_common/pico_mem_ops/mem_ops_aeabi.S.obj
 .ARM.attributes
                0x000004f6       0x22 CMakeFiles/myBlink_w.dir/C_/Program_Files/Raspberry_Pi/Pico_SDK_v1.5.1/pico-sdk/src/rp2_common/pico_standard_link/crt0.S.obj
 .ARM.attributes
                0x00000518       0x2c CMakeFiles/myBlink_w.dir/C_/Program_Files/Raspberry_Pi/Pico_SDK_v1.5.1/pico-sdk/src/rp2_common/pico_standard_link/binary_info.c.obj
 .ARM.attributes
                0x00000544       0x2c CMakeFiles/myBlink_w.dir/C_/Program_Files/Raspberry_Pi/Pico_SDK_v1.5.1/pico-sdk/src/rp2_common/pico_stdio/stdio.c.obj
 .ARM.attributes
                0x00000570       0x2c CMakeFiles/myBlink_w.dir/C_/Program_Files/Raspberry_Pi/Pico_SDK_v1.5.1/pico-sdk/src/rp2_common/pico_stdio_uart/stdio_uart.c.obj
 .ARM.attributes
                0x0000059c       0x2c CMakeFiles/myBlink_w.dir/C_/Program_Files/Raspberry_Pi/Pico_SDK_v1.5.1/pico-sdk/src/rp2_common/pico_unique_id/unique_id.c.obj
 .ARM.attributes
                0x000005c8       0x2c CMakeFiles/myBlink_w.dir/C_/Program_Files/Raspberry_Pi/Pico_SDK_v1.5.1/pico-sdk/src/rp2_common/hardware_flash/flash.c.obj
 .ARM.attributes
                0x000005f4       0x22 C:\Users\ACER\AppData\Local\Temp\ccwjkyGe.o
 .ARM.attributes
                0x00000616       0x1e c:/progra~1/raspbe~1/picosd~1.1/gcc-ar~1/bin/../lib/gcc/arm-none-eabi/10.3.1/thumb/v6-m/nofp\libgcc.a(_dvmd_tls.o)
 .ARM.attributes
                0x00000634       0x2c c:/progra~1/raspbe~1/picosd~1.1/gcc-ar~1/bin/../lib/gcc/arm-none-eabi/10.3.1/../../../../arm-none-eabi/lib/thumb/v6-m/nofp\libg.a(lib_a-impure.o)
 .ARM.attributes
                0x00000660       0x2c c:/progra~1/raspbe~1/picosd~1.1/gcc-ar~1/bin/../lib/gcc/arm-none-eabi/10.3.1/../../../../arm-none-eabi/lib/thumb/v6-m/nofp\libg.a(lib_a-rand.o)
 .ARM.attributes
                0x0000068c       0x2c c:/progra~1/raspbe~1/picosd~1.1/gcc-ar~1/bin/../lib/gcc/arm-none-eabi/10.3.1/../../../../arm-none-eabi/lib/thumb/v6-m/nofp\libg.a(lib_a-strlen-stub.o)
 .ARM.attributes
                0x000006b8       0x2c c:/progra~1/raspbe~1/picosd~1.1/gcc-ar~1/bin/../lib/gcc/arm-none-eabi/10.3.1/../../../../arm-none-eabi/lib/thumb/v6-m/nofp\libg.a(lib_a-time.o)
 .ARM.attributes
                0x000006e4       0x2c c:/progra~1/raspbe~1/picosd~1.1/gcc-ar~1/bin/../lib/gcc/arm-none-eabi/10.3.1/../../../../arm-none-eabi/lib/thumb/v6-m/nofp\libg.a(lib_a-gettimeofdayr.o)
 .ARM.attributes
                0x00000710       0x2c c:/progra~1/raspbe~1/picosd~1.1/gcc-ar~1/bin/../lib/gcc/arm-none-eabi/10.3.1/../../../../arm-none-eabi/lib/thumb/v6-m/nofp\libg.a(lib_a-reent.o)

.comment        0x00000000       0x49
 .comment       0x00000000       0x49 CMakeFiles/myBlink_w.dir/myBlink_w.c.obj
                                 0x4a (size before relaxing)
 .comment       0x00000049       0x4a CMakeFiles/myBlink_w.dir/C_/Program_Files/Raspberry_Pi/Pico_SDK_v1.5.1/pico-sdk/src/rp2_common/hardware_gpio/gpio.c.obj