Archive member included to satisfy reference by file (symbol)

c:/progra~1/raspbe~1/picosd~1.1/gcc-ar~1/bin/../lib/gcc/arm-none-eabi/10.3.1/thumb/v6-m/nofp\libgcc.a(_dvmd_tls.o)
                              CMakeFiles/myBlink_w.dir/C_/Program_Files/Raspberry_Pi/Pico_SDK_v1.5.1/pico-sdk/src/rp2_common/pico_divider/divider.S.obj (__aeabi_idiv0)
c:/progra~1/raspbe~1/picosd~1.1/gcc-ar~1/bin/../lib/gcc/arm-none-eabi/10.3.1/../../../../arm-none-eabi/lib/thumb/v6-m/nofp\libg.a(lib_a-calloc.o)
                              CMakeFiles/myBlink_w.dir/C_/Program_Files/Raspberry_Pi/Pico_SDK_v1.5.1/pico-sdk/src/rp2_common/pico_malloc/pico_malloc.c.obj (calloc)
c:/progra~1/raspbe~1/picosd~1.1/gcc-ar~1/bin/../lib/gcc/arm-none-eabi/10.3.1/../../../../arm-none-eabi/lib/thumb/v6-m/nofp\libg.a(lib_a-callocr.o)
                              c:/progra~1/raspbe~1/picosd~1.1/gcc-ar~1/bin/../lib/gcc/arm-none-eabi/10.3.1/../../../../arm-none-eabi/lib/thumb/v6-m/nofp\libg.a(lib_a-calloc.o) (_calloc_r)
c:/progra~1/raspbe~1/picosd~1.1/gcc-ar~1/bin/../lib/gcc/arm-none-eabi/10.3.1/../../../../arm-none-eabi/lib/thumb/v6-m/nofp\libg.a(lib_a-errno.o)
                              c:/progra~1/raspbe~1/picosd~1.1/gcc-ar~1/bin/../lib/gcc/arm-none-eabi/10.3.1/../../../../arm-none-eabi/lib/thumb/v6-m/nofp\libg.a(lib_a-callocr.o) (__errno)
c:/progra~1/raspbe~1/picosd~1.1/gcc-ar~1/bin/../lib/gcc/arm-none-eabi/10.3.1/../../../../arm-none-eabi/lib/thumb/v6-m/nofp\libg.a(lib_a-impure.o)
                              c:/progra~1/raspbe~1/picosd~1.1/gcc-ar~1/bin/../lib/gcc/arm-none-eabi/10.3.1/../../../../arm-none-eabi/lib/thumb/v6-m/nofp\libg.a(lib_a-calloc.o) (_impure_ptr)
c:/progra~1/raspbe~1/picosd~1.1/gcc-ar~1/bin/../lib/gcc/arm-none-eabi/10.3.1/../../../../arm-none-eabi/lib/thumb/v6-m/nofp\libg.a(lib_a-init.o)
                              c:/progra~1/raspbe~1/picosd~1.1/gcc-ar~1/bin/../lib/gcc/arm-none-eabi/10.3.1/../../../../arm-none-eabi/lib/thumb/v6-m/nofp/crt0.o (__libc_init_array)
c:/progra~1/raspbe~1/picosd~1.1/gcc-ar~1/bin/../lib/gcc/arm-none-eabi/10.3.1/../../../../arm-none-eabi/lib/thumb/v6-m/nofp\libg.a(lib_a-malloc.o)
                              CMakeFiles/myBlink_w.dir/C_/Program_Files/Raspberry_Pi/Pico_SDK_v1.5.1/pico-sdk/src/rp2_common/pico_malloc/pico_malloc.c.obj (malloc)
c:/progra~1/raspbe~1/picosd~1.1/gcc-ar~1/bin/../lib/gcc/arm-none-eabi/10.3.1/../../../../arm-none-eabi/lib/thumb/v6-m/nofp\libg.a(lib_a-mallocr.o)
                              c:/progra~1/raspbe~1/picosd~1.1/gcc-ar~1/bin/../lib/gcc/arm-none-eabi/10.3.1/../../../../arm-none-eabi/lib/thumb/v6-m/nofp\libg.a(lib_a-callocr.o) (_malloc_r)
c:/progra~1/raspbe~1/picosd~1.1/gcc-ar~1/bin/../lib/gcc/arm-none-eabi/10.3.1/../../../../arm-none-eabi/lib/thumb/v6-m/nofp\libg.a(lib_a-memcmp.o)
                              CMakeFiles/myBlink_w.dir/C_/Program_Files/Raspberry_Pi/Pico_SDK_v1.5.1/pico-sdk/lib/cyw43-driver/src/cyw43_ll.c.obj (memcmp)
c:/progra~1/raspbe~1/picosd~1.1/gcc-ar~1/bin/../lib/gcc/arm-none-eabi/10.3.1/../../../../arm-none-eabi/lib/thumb/v6-m/nofp\libg.a(lib_a-memmove.o)
                              CMakeFiles/myBlink_w.dir/C_/Program_Files/Raspberry_Pi/Pico_SDK_v1.5.1/pico-sdk/lib/cyw43-driver/src/cyw43_ll.c.obj (memmove)
c:/progra~1/raspbe~1/picosd~1.1/gcc-ar~1/bin/../lib/gcc/arm-none-eabi/10.3.1/../../../../arm-none-eabi/lib/thumb/v6-m/nofp\libg.a(lib_a-mlock.o)
                              c:/progra~1/raspbe~1/picosd~1.1/gcc-ar~1/bin/../lib/gcc/arm-none-eabi/10.3.1/../../../../arm-none-eabi/lib/thumb/v6-m/nofp\libg.a(lib_a-mallocr.o) (__malloc_lock)
c:/progra~1/raspbe~1/picosd~1.1/gcc-ar~1/bin/../lib/gcc/arm-none-eabi/10.3.1/../../../../arm-none-eabi/lib/thumb/v6-m/nofp\libg.a(lib_a-realloc.o)
                              CMakeFiles/myBlink_w.dir/C_/Program_Files/Raspberry_Pi/Pico_SDK_v1.5.1/pico-sdk/src/rp2_common/pico_malloc/pico_malloc.c.obj (realloc)
c:/progra~1/raspbe~1/picosd~1.1/gcc-ar~1/bin/../lib/gcc/arm-none-eabi/10.3.1/../../../../arm-none-eabi/lib/thumb/v6-m/nofp\libg.a(lib_a-reallocr.o)
                              c:/progra~1/raspbe~1/picosd~1.1/gcc-ar~1/bin/../lib/gcc/arm-none-eabi/10.3.1/../../../../arm-none-eabi/lib/thumb/v6-m/nofp\libg.a(lib_a-realloc.o) (_realloc_r)
c:/progra~1/raspbe~1/picosd~1.1/gcc-ar~1/bin/../lib/gcc/arm-none-eabi/10.3.1/../../../../arm-none-eabi/lib/thumb/v6-m/nofp\libg.a(lib_a-sbrkr.o)
                              c:/progra~1/raspbe~1/picosd~1.1/gcc-ar~1/bin/../lib/gcc/arm-none-eabi/10.3.1/../../../../arm-none-eabi/lib/thumb/v6-m/nofp\libg.a(lib_a-mallocr.o) (_sbrk_r)
c:/progra~1/raspbe~1/picosd~1.1/gcc-ar~1/bin/../lib/gcc/arm-none-eabi/10.3.1/../../../../arm-none-eabi/lib/thumb/v6-m/nofp\libg.a(lib_a-strlen-stub.o)
                              CMakeFiles/myBlink_w.dir/C_/Program_Files/Raspberry_Pi/Pico_SDK_v1.5.1/pico-sdk/src/rp2_common/pico_stdio/stdio.c.obj (strlen)
[...]
Memory Configuration

Name             Origin             Length             Attributes
FLASH            0x10000000         0x00200000         xr
RAM              0x20000000         0x00040000         xrw
SCRATCH_X        0x20040000         0x00001000         xrw
SCRATCH_Y        0x20041000         0x00001000         xrw
*default*        0x00000000         0xffffffff

Linker script and memory map

LOAD c:/progra~1/raspbe~1/picosd~1.1/gcc-ar~1/bin/../lib/gcc/arm-none-eabi/10.3.1/thumb/v6-m/nofp/crti.o
LOAD c:/progra~1/raspbe~1/picosd~1.1/gcc-ar~1/bin/../lib/gcc/arm-none-eabi/10.3.1/thumb/v6-m/nofp/crtbegin.o
LOAD c:/progra~1/raspbe~1/picosd~1.1/gcc-ar~1/bin/../lib/gcc/arm-none-eabi/10.3.1/../../../../arm-none-eabi/lib/thumb/v6-m/nofp/crt0.o

.flash_begin    0x10000000        0x0
                0x10000000                __flash_binary_start = .

.boot2          0x10000000      0x100
                0x10000000                __boot2_start__ = .
 *(.boot2)
 .boot2         0x10000000      0x100 C:\Users\ACER\AppData\Local\Temp\ccIsu7J7.o
                0x10000100                __boot2_end__ = .
                0x00000001                ASSERT (((__boot2_end__ - __boot2_start__) == 0x100), ERROR: Pico second stage bootloader must be 256 bytes in size)

.text           0x10000100     0x7d48
                0x10000100                __logical_binary_start = .
 *(.vectors)
 .vectors       0x10000100       0xd4 CMakeFiles/myBlink_w.dir/C_/Program_Files/Raspberry_Pi/Pico_SDK_v1.5.1/pico-sdk/src/rp2_common/pico_standard_link/crt0.S.obj
                0x10000100                __VECTOR_TABLE
                0x10000100                __vectors
                0x100001c0                isr_invalid
                0x100001c0                __default_isrs_start
                0x100001c2                isr_nmi
                0x100001c4                isr_hardfault
                0x100001c6                isr_svcall
                0x100001c8                isr_pendsv
                0x100001ca                isr_systick
                0x100001cc                isr_irq23
                0x100001cc                isr_irq18
                0x100001cc                isr_irq11
                0x100001cc                isr_irq28
                0x100001cc                isr_irq19
                0x100001cc                isr_irq0
                0x100001cc                isr_irq6
                0x100001cc                isr_irq5
                0x100001cc                isr_irq12
                0x100001cc                isr_irq22
                0x100001cc                isr_irq31
                0x100001cc                isr_irq17
                0x100001cc                isr_irq27
                0x100001cc                isr_irq30
                0x100001cc                isr_irq2
                0x100001cc                isr_irq10
                0x100001cc                isr_irq8
                0x100001cc                isr_irq24
                0x100001cc                isr_irq1
                0x100001cc                isr_irq7
                0x100001cc                isr_irq21
                0x100001cc                isr_irq20
                0x100001cc                isr_irq15
                0x100001cc                isr_irq25
                0x100001cc                isr_irq13
                0x100001cc                __unhandled_user_irq
                0x100001cc                isr_irq4
                0x100001cc                isr_irq16
                0x100001cc                isr_irq29
                0x100001cc                isr_irq26
                0x100001cc                __default_isrs_end
                0x100001cc                isr_irq3
                0x100001cc                isr_irq14
                0x100001cc                isr_irq9
                0x100001d2                unhandled_user_irq_num_in_r0
 *(.binary_info_header)
 .binary_info_header
                0x100001d4       0x14 CMakeFiles/myBlink_w.dir/C_/Program_Files/Raspberry_Pi/Pico_SDK_v1.5.1/pico-sdk/src/rp2_common/pico_standard_link/crt0.S.obj
                0x100001e8                __binary_info_header_end = .
 *(.reset)
 .reset         0x100001e8       0xa0 CMakeFiles/myBlink_w.dir/C_/Program_Files/Raspberry_Pi/Pico_SDK_v1.5.1/pico-sdk/src/rp2_common/pico_standard_link/crt0.S.obj
                0x100001e8                _entry_point
 .reset         0x10000288       0x30 CMakeFiles/myBlink_w.dir/C_/Program_Files/Raspberry_Pi/Pico_SDK_v1.5.1/pico-sdk/src/rp2_common/pico_standard_link/binary_info.c.obj
 *(.init)
 .init          0x100002b8        0x4 c:/progra~1/raspbe~1/picosd~1.1/gcc-ar~1/bin/../lib/gcc/arm-none-eabi/10.3.1/thumb/v6-m/nofp/crti.o
                0x100002b8                _init
 *(EXCLUDE_FILE(*libm.a: *libc.a:*lib_a-mem*.o *libgcc.a:) .text*)
 .text          0x100002bc       0x48 c:/progra~1/raspbe~1/picosd~1.1/gcc-ar~1/bin/../lib/gcc/arm-none-eabi/10.3.1/thumb/v6-m/nofp/crtbegin.o
 .text.main     0x10000304      0x108 CMakeFiles/myBlink_w.dir/myBlink_w.c.obj
                0x10000304                main
 .text.gpio_set_function
                0x1000040c       0x30 CMakeFiles/myBlink_w.dir/C_/Program_Files/Raspberry_Pi/Pico_SDK_v1.5.1/pico-sdk/src/rp2_common/hardware_gpio/gpio.c.obj
                0x1000040c                gpio_set_function
 .text.gpio_set_pulls
                0x1000043c       0x34 CMakeFiles/myBlink_w.dir/C_/Program_Files/Raspberry_Pi/Pico_SDK_v1.5.1/pico-sdk/src/rp2_common/hardware_gpio/gpio.c.obj
                0x1000043c                gpio_set_pulls
 .text.gpio_set_input_hysteresis_enabled
                0x10000470       0x30 CMakeFiles/myBlink_w.dir/C_/Program_Files/Raspberry_Pi/Pico_SDK_v1.5.1/pico-sdk/src/rp2_common/hardware_gpio/gpio.c.obj
                0x10000470                gpio_set_input_hysteresis_enabled
 .text.gpio_add_raw_irq_handler_with_order_priority_masked
                0x100004a0       0x40 CMakeFiles/myBlink_w.dir/C_/Program_Files/Raspberry_Pi/Pico_SDK_v1.5.1/pico-sdk/src/rp2_common/hardware_gpio/gpio.c.obj
                0x100004a0                gpio_add_raw_irq_handler_with_order_priority_masked
 .text.gpio_remove_raw_irq_handler_masked
                0x100004e0       0x48 CMakeFiles/myBlink_w.dir/C_/Program_Files/Raspberry_Pi/Pico_SDK_v1.5.1/pico-sdk/src/rp2_common/hardware_gpio/gpio.c.obj
                0x100004e0                gpio_remove_raw_irq_handler_masked
 .text.gpio_acknowledge_irq
                0x10000528       0x18 CMakeFiles/myBlink_w.dir/C_/Program_Files/Raspberry_Pi/Pico_SDK_v1.5.1/pico-sdk/src/rp2_common/hardware_gpio/gpio.c.obj
                0x10000528                gpio_acknowledge_irq
 .text._gpio_set_irq_enabled
                0x10000540       0x34 CMakeFiles/myBlink_w.dir/C_/Program_Files/Raspberry_Pi/Pico_SDK_v1.5.1/pico-sdk/src/rp2_common/hardware_gpio/gpio.c.obj
 .text.gpio_set_irq_enabled
                0x10000574       0x20 CMakeFiles/myBlink_w.dir/C_/Program_Files/Raspberry_Pi/Pico_SDK_v1.5.1/pico-sdk/src/rp2_common/hardware_gpio/gpio.c.obj
                0x10000574                gpio_set_irq_enabled
 .text.gpio_init
                0x10000594       0x16 CMakeFiles/myBlink_w.dir/C_/Program_Files/Raspberry_Pi/Pico_SDK_v1.5.1/pico-sdk/src/rp2_common/hardware_gpio/gpio.c.obj
                0x10000594                gpio_init
 *fill*         0x100005aa        0x2 
 .text.running_on_fpga
                0x100005ac       0x14 CMakeFiles/myBlink_w.dir/C_/Program_Files/Raspberry_Pi/Pico_SDK_v1.5.1/pico-sdk/src/rp2_common/pico_platform/platform.c.obj
                0x100005ac                running_on_fpga
 .text.hw_claim_lock
                0x100005c0       0x18 CMakeFiles/myBlink_w.dir/C_/Program_Files/Raspberry_Pi/Pico_SDK_v1.5.1/pico-sdk/src/rp2_common/hardware_claim/claim.c.obj
                0x100005c0                hw_claim_lock
 .text.hw_claim_unlock
                0x100005d8       0x14 CMakeFiles/myBlink_w.dir/C_/Program_Files/Raspberry_Pi/Pico_SDK_v1.5.1/pico-sdk/src/rp2_common/hardware_claim/claim.c.obj
                0x100005d8                hw_claim_unlock
 .text.hw_claim_or_assert
                0x100005ec       0x32 CMakeFiles/myBlink_w.dir/C_/Program_Files/Raspberry_Pi/Pico_SDK_v1.5.1/pico-sdk/src/rp2_common/hardware_claim/claim.c.obj
                0x100005ec                hw_claim_or_assert
 .text.hw_claim_unused_from_range
                0x1000061e       0x50 CMakeFiles/myBlink_w.dir/C_/Program_Files/Raspberry_Pi/Pico_SDK_v1.5.1/pico-sdk/src/rp2_common/hardware_claim/claim.c.obj
                0x1000061e                hw_claim_unused_from_range
 *fill*         0x1000066e        0x2 
 .text.hw_claim_clear
                0x10000670       0x40 CMakeFiles/myBlink_w.dir/C_/Program_Files/Raspberry_Pi/Pico_SDK_v1.5.1/pico-sdk/src/rp2_common/hardware_claim/claim.c.obj
                0x10000670                hw_claim_clear
 .text.spin_locks_reset
                0x100006b0       0x20 CMakeFiles/myBlink_w.dir/C_/Program_Files/Raspberry_Pi/Pico_SDK_v1.5.1/pico-sdk/src/rp2_common/hardware_sync/sync.c.obj
                0x100006b0                spin_locks_reset
 .text.next_striped_spin_lock_num
                0x100006d0       0x1c CMakeFiles/myBlink_w.dir/C_/Program_Files/Raspberry_Pi/Pico_SDK_v1.5.1/pico-sdk/src/rp2_common/hardware_sync/sync.c.obj
                0x100006d0                next_striped_spin_lock_num
 .text.set_raw_irq_handler_and_unlock
                0x100006ec       0x28 CMakeFiles/myBlink_w.dir/C_/Program_Files/Raspberry_Pi/Pico_SDK_v1.5.1/pico-sdk/src/rp2_common/hardware_irq/irq.c.obj
 .text.get_user_irq_claim_index
                0x10000714        0x6 CMakeFiles/myBlink_w.dir/C_/Program_Files/Raspberry_Pi/Pico_SDK_v1.5.1/pico-sdk/src/rp2_common/hardware_irq/irq.c.obj
 *fill*         0x1000071a        0x2 
 .text.make_branch
                0x1000071c       0x48 CMakeFiles/myBlink_w.dir/C_/Program_Files/Raspberry_Pi/Pico_SDK_v1.5.1/pico-sdk/src/rp2_common/hardware_irq/irq.c.obj
 .text.insert_branch_and_link
                0x10000764       0x40 CMakeFiles/myBlink_w.dir/C_/Program_Files/Raspberry_Pi/Pico_SDK_v1.5.1/pico-sdk/src/rp2_common/hardware_irq/irq.c.obj
 .text.irq_is_enabled
                0x100007a4       0x18 CMakeFiles/myBlink_w.dir/C_/Program_Files/Raspberry_Pi/Pico_SDK_v1.5.1/pico-sdk/src/rp2_common/hardware_irq/irq.c.obj
                0x100007a4                irq_is_enabled
 .text.irq_set_mask_enabled
                0x100007bc       0x20 CMakeFiles/myBlink_w.dir/C_/Program_Files/Raspberry_Pi/Pico_SDK_v1.5.1/pico-sdk/src/rp2_common/hardware_irq/irq.c.obj
                0x100007bc                irq_set_mask_enabled
 .text.irq_set_enabled
                0x100007dc        0xe CMakeFiles/myBlink_w.dir/C_/Program_Files/Raspberry_Pi/Pico_SDK_v1.5.1/pico-sdk/src/rp2_common/hardware_irq/irq.c.obj
                0x100007dc                irq_set_enabled
 *fill*         0x100007ea        0x2 
 .text.irq_set_pending
                0x100007ec       0x10 CMakeFiles/myBlink_w.dir/C_/Program_Files/Raspberry_Pi/Pico_SDK_v1.5.1/pico-sdk/src/rp2_common/hardware_irq/irq.c.obj
                0x100007ec                irq_set_pending
 .text.irq_get_vtable_handler
                0x100007fc       0x10 CMakeFiles/myBlink_w.dir/C_/Program_Files/Raspberry_Pi/Pico_SDK_v1.5.1/pico-sdk/src/rp2_common/hardware_irq/irq.c.obj
                0x100007fc                irq_get_vtable_handler
 .text.irq_set_exclusive_handler
                0x1000080c       0x54 CMakeFiles/myBlink_w.dir/C_/Program_Files/Raspberry_Pi/Pico_SDK_v1.5.1/pico-sdk/src/rp2_common/hardware_irq/irq.c.obj
                0x1000080c                irq_set_exclusive_handler
 .text.irq_add_shared_handler
                0x10000860      0x234 CMakeFiles/myBlink_w.dir/C_/Program_Files/Raspberry_Pi/Pico_SDK_v1.5.1/pico-sdk/src/rp2_common/hardware_irq/irq.c.obj
                0x10000860                irq_add_shared_handler
 .text.irq_remove_handler
                0x10000a94      0x1ac CMakeFiles/myBlink_w.dir/C_/Program_Files/Raspberry_Pi/Pico_SDK_v1.5.1/pico-sdk/src/rp2_common/hardware_irq/irq.c.obj
                0x10000a94                irq_remove_handler
 .text.irq_set_priority
                0x10000c40       0x28 CMakeFiles/myBlink_w.dir/C_/Program_Files/Raspberry_Pi/Pico_SDK_v1.5.1/pico-sdk/src/rp2_common/hardware_irq/irq.c.obj
                0x10000c40                irq_set_priority
 .text.irq_add_tail_to_free_list
                0x10000c68       0xf0 CMakeFiles/myBlink_w.dir/C_/Program_Files/Raspberry_Pi/Pico_SDK_v1.5.1/pico-sdk/src/rp2_common/hardware_irq/irq.c.obj
                0x10000c68                irq_add_tail_to_free_list
 .text.irq_init_priorities
                0x10000d58       0x1c CMakeFiles/myBlink_w.dir/C_/Program_Files/Raspberry_Pi/Pico_SDK_v1.5.1/pico-sdk/src/rp2_common/hardware_irq/irq.c.obj
                0x10000d58                irq_init_priorities
 .text.user_irq_unclaim
                0x10000d74       0x14 CMakeFiles/myBlink_w.dir/C_/Program_Files/Raspberry_Pi/Pico_SDK_v1.5.1/pico-sdk/src/rp2_common/hardware_irq/irq.c.obj
                0x10000d74                user_irq_unclaim
 .text.user_irq_claim_unused
                0x10000d88       0x28 CMakeFiles/myBlink_w.dir/C_/Program_Files/Raspberry_Pi/Pico_SDK_v1.5.1/pico-sdk/src/rp2_common/hardware_irq/irq.c.obj
                0x10000d88                user_irq_claim_unused
 .text.sem_init
                0x10000db0       0x1e CMakeFiles/myBlink_w.dir/C_/Program_Files/Raspberry_Pi/Pico_SDK_v1.5.1/pico-sdk/src/common/pico_sync/sem.c.obj
                0x10000db0                sem_init
 *fill*         0x10000dce        0x2 
 .text.lock_init
                0x10000dd0       0x10 CMakeFiles/myBlink_w.dir/C_/Program_Files/Raspberry_Pi/Pico_SDK_v1.5.1/pico-sdk/src/common/pico_sync/lock_core.c.obj
                0x10000dd0                lock_init
 .text.mutex_init
                0x10000de0       0x1a CMakeFiles/myBlink_w.dir/C_/Program_Files/Raspberry_Pi/Pico_SDK_v1.5.1/pico-sdk/src/common/pico_sync/mutex.c.obj
                0x10000de0                mutex_init
 .text.recursive_mutex_init
                0x10000dfa       0x1e CMakeFiles/myBlink_w.dir/C_/Program_Files/Raspberry_Pi/Pico_SDK_v1.5.1/pico-sdk/src/common/pico_sync/mutex.c.obj
                0x10000dfa                recursive_mutex_init
 .text.alarm_pool_post_alloc_init
                0x10000e18       0x40 CMakeFiles/myBlink_w.dir/C_/Program_Files/Raspberry_Pi/Pico_SDK_v1.5.1/pico-sdk/src/common/pico_time/time.c.obj
 .text.sleep_until_callback
                0x10000e58       0x30 CMakeFiles/myBlink_w.dir/C_/Program_Files/Raspberry_Pi/Pico_SDK_v1.5.1/pico-sdk/src/common/pico_time/time.c.obj
 .text.timer_pool_entry_comparator
                0x10000e88       0x7c CMakeFiles/myBlink_w.dir/C_/Program_Files/Raspberry_Pi/Pico_SDK_v1.5.1/pico-sdk/src/common/pico_time/time.c.obj
                0x10000e88                timer_pool_entry_comparator
 .text.ph_add_child_node
                0x10000f04       0xa4 CMakeFiles/myBlink_w.dir/C_/Program_Files/Raspberry_Pi/Pico_SDK_v1.5.1/pico-sdk/src/common/pico_time/time.c.obj
 .text.ph_merge_nodes
                0x10000fa8       0x3e CMakeFiles/myBlink_w.dir/C_/Program_Files/Raspberry_Pi/Pico_SDK_v1.5.1/pico-sdk/src/common/pico_time/time.c.obj
 *fill*         0x10000fe6        0x2 
 .text.add_alarm_under_lock
                0x10000fe8      0x174 CMakeFiles/myBlink_w.dir/C_/Program_Files/Raspberry_Pi/Pico_SDK_v1.5.1/pico-sdk/src/common/pico_time/time.c.obj
 .text.alarm_pool_alarm_callback
                0x1000115c      0x33c CMakeFiles/myBlink_w.dir/C_/Program_Files/Raspberry_Pi/Pico_SDK_v1.5.1/pico-sdk/src/common/pico_time/time.c.obj
 .text.alarm_pool_init_default
                0x10001498       0x40 CMakeFiles/myBlink_w.dir/C_/Program_Files/Raspberry_Pi/Pico_SDK_v1.5.1/pico-sdk/src/common/pico_time/time.c.obj
                0x10001498                alarm_pool_init_default
 .text.alarm_pool_get_default
                0x100014d8       0x2c CMakeFiles/myBlink_w.dir/C_/Program_Files/Raspberry_Pi/Pico_SDK_v1.5.1/pico-sdk/src/common/pico_time/time.c.obj
                0x100014d8                alarm_pool_get_default
 .text.alarm_pool_add_alarm_at
                0x10001504      0x168 CMakeFiles/myBlink_w.dir/C_/Program_Files/Raspberry_Pi/Pico_SDK_v1.5.1/pico-sdk/src/common/pico_time/time.c.obj
                0x10001504                alarm_pool_add_alarm_at
 .text.alarm_pool_cancel_alarm
                0x1000166c       0xf8 CMakeFiles/myBlink_w.dir/C_/Program_Files/Raspberry_Pi/Pico_SDK_v1.5.1/pico-sdk/src/common/pico_time/time.c.obj
                0x1000166c                alarm_pool_cancel_alarm
 .text.alarm_pool_core_num
                0x10001764        0x4 CMakeFiles/myBlink_w.dir/C_/Program_Files/Raspberry_Pi/Pico_SDK_v1.5.1/pico-sdk/src/common/pico_time/time.c.obj
                0x10001764                alarm_pool_core_num
 .text.sleep_until
                0x10001768       0xfc CMakeFiles/myBlink_w.dir/C_/Program_Files/Raspberry_Pi/Pico_SDK_v1.5.1/pico-sdk/src/common/pico_time/time.c.obj
                0x10001768                sleep_until
 .text.sleep_us
                0x10001864       0x58 CMakeFiles/myBlink_w.dir/C_/Program_Files/Raspberry_Pi/Pico_SDK_v1.5.1/pico-sdk/src/common/pico_time/time.c.obj
                0x10001864                sleep_us
 .text.sleep_ms
                0x100018bc       0x14 CMakeFiles/myBlink_w.dir/C_/Program_Files/Raspberry_Pi/Pico_SDK_v1.5.1/pico-sdk/src/common/pico_time/time.c.obj
                0x100018bc                sleep_ms
 .text.best_effort_wfe_or_timeout
                0x100018d0       0xac CMakeFiles/myBlink_w.dir/C_/Program_Files/Raspberry_Pi/Pico_SDK_v1.5.1/pico-sdk/src/common/pico_time/time.c.obj
                0x100018d0                best_effort_wfe_or_timeout
 .text.hardware_alarm_irq_handler
                0x1000197c       0x90 CMakeFiles/myBlink_w.dir/C_/Program_Files/Raspberry_Pi/Pico_SDK_v1.5.1/pico-sdk/src/rp2_common/hardware_timer/timer.c.obj
 .text.hardware_alarm_claim
                0x10001a0c       0x18 CMakeFiles/myBlink_w.dir/C_/Program_Files/Raspberry_Pi/Pico_SDK_v1.5.1/pico-sdk/src/rp2_common/hardware_timer/timer.c.obj
                0x10001a0c                hardware_alarm_claim
 .text.time_us_64
                0x10001a24       0x18 CMakeFiles/myBlink_w.dir/C_/Program_Files/Raspberry_Pi/Pico_SDK_v1.5.1/pico-sdk/src/rp2_common/hardware_timer/timer.c.obj
                0x10001a24                time_us_64
 .text.busy_wait_until
                0x10001a3c       0x28 CMakeFiles/myBlink_w.dir/C_/Program_Files/Raspberry_Pi/Pico_SDK_v1.5.1/pico-sdk/src/rp2_common/hardware_timer/timer.c.obj
                0x10001a3c                busy_wait_until
 .text.busy_wait_us
                0x10001a64       0x48 CMakeFiles/myBlink_w.dir/C_/Program_Files/Raspberry_Pi/Pico_SDK_v1.5.1/pico-sdk/src/rp2_common/hardware_timer/timer.c.obj
                0x10001a64                busy_wait_us
 .text.hardware_alarm_set_callback
                0x10001aac       0x90 CMakeFiles/myBlink_w.dir/C_/Program_Files/Raspberry_Pi/Pico_SDK_v1.5.1/pico-sdk/src/rp2_common/hardware_timer/timer.c.obj
                0x10001aac                hardware_alarm_set_callback
 .text.hardware_alarm_set_target
                0x10001b3c       0xe8 CMakeFiles/myBlink_w.dir/C_/Program_Files/Raspberry_Pi/Pico_SDK_v1.5.1/pico-sdk/src/rp2_common/hardware_timer/timer.c.obj
                0x10001b3c                hardware_alarm_set_target
 .text.hardware_alarm_cancel
                0x10001c24       0x40 CMakeFiles/myBlink_w.dir/C_/Program_Files/Raspberry_Pi/Pico_SDK_v1.5.1/pico-sdk/src/rp2_common/hardware_timer/timer.c.obj
                0x10001c24                hardware_alarm_cancel
 .text.ph_add_child_node
                0x10001c64       0xa4 CMakeFiles/myBlink_w.dir/C_/Program_Files/Raspberry_Pi/Pico_SDK_v1.5.1/pico-sdk/src/common/pico_util/pheap.c.obj
 .text.ph_merge_nodes
                0x10001d08       0x3e CMakeFiles/myBlink_w.dir/C_/Program_Files/Raspberry_Pi/Pico_SDK_v1.5.1/pico-sdk/src/common/pico_util/pheap.c.obj
 *fill*         0x10001d46        0x2 
 .text.ph_clear
                0x10001d48       0x70 CMakeFiles/myBlink_w.dir/C_/Program_Files/Raspberry_Pi/Pico_SDK_v1.5.1/pico-sdk/src/common/pico_util/pheap.c.obj
                0x10001d48                ph_clear
 .text.ph_post_alloc_init
                0x10001db8        0xe CMakeFiles/myBlink_w.dir/C_/Program_Files/Raspberry_Pi/Pico_SDK_v1.5.1/pico-sdk/src/common/pico_util/pheap.c.obj
                0x10001db8                ph_post_alloc_init
 *fill*         0x10001dc6        0x2 
 .text.ph_merge_two_pass
                0x10001dc8       0xa8 CMakeFiles/myBlink_w.dir/C_/Program_Files/Raspberry_Pi/Pico_SDK_v1.5.1/pico-sdk/src/common/pico_util/pheap.c.obj
                0x10001dc8                ph_merge_two_pass
 .text.ph_remove_any_head
                0x10001e70      0x128 CMakeFiles/myBlink_w.dir/C_/Program_Files/Raspberry_Pi/Pico_SDK_v1.5.1/pico-sdk/src/common/pico_util/pheap.c.obj
 .text.ph_remove_head
                0x10001f98       0x14 CMakeFiles/myBlink_w.dir/C_/Program_Files/Raspberry_Pi/Pico_SDK_v1.5.1/pico-sdk/src/common/pico_util/pheap.c.obj
                0x10001f98                ph_remove_head
 .text.ph_remove_and_free_node
                0x10001fac       0xf8 CMakeFiles/myBlink_w.dir/C_/Program_Files/Raspberry_Pi/Pico_SDK_v1.5.1/pico-sdk/src/common/pico_util/pheap.c.obj
                0x10001fac                ph_remove_and_free_node
 .text.uart_disable_before_lcr_write
                0x100020a4       0x48 CMakeFiles/myBlink_w.dir/C_/Program_Files/Raspberry_Pi/Pico_SDK_v1.5.1/pico-sdk/src/rp2_common/hardware_uart/uart.c.obj
 .text.uart_write_lcr_bits_masked
                0x100020ec       0x22 CMakeFiles/myBlink_w.dir/C_/Program_Files/Raspberry_Pi/Pico_SDK_v1.5.1/pico-sdk/src/rp2_common/hardware_uart/uart.c.obj
 *fill*         0x1000210e        0x2 
 .text.uart_set_baudrate
                0x10002110       0x5c CMakeFiles/myBlink_w.dir/C_/Program_Files/Raspberry_Pi/Pico_SDK_v1.5.1/pico-sdk/src/rp2_common/hardware_uart/uart.c.obj
                0x10002110                uart_set_baudrate
 .text.uart_set_format
                0x1000216c       0x2c CMakeFiles/myBlink_w.dir/C_/Program_Files/Raspberry_Pi/Pico_SDK_v1.5.1/pico-sdk/src/rp2_common/hardware_uart/uart.c.obj
                0x1000216c                uart_set_format
 .text.uart_set_translate_crlf
                0x10002198       0x28 CMakeFiles/myBlink_w.dir/C_/Program_Files/Raspberry_Pi/Pico_SDK_v1.5.1/pico-sdk/src/rp2_common/hardware_uart/uart.c.obj
                0x10002198                uart_set_translate_crlf
 .text.uart_init
                0x100021c0       0x80 CMakeFiles/myBlink_w.dir/C_/Program_Files/Raspberry_Pi/Pico_SDK_v1.5.1/pico-sdk/src/rp2_common/hardware_uart/uart.c.obj
                0x100021c0                uart_init
 .text.clock_configure
                0x10002240      0x108 CMakeFiles/myBlink_w.dir/C_/Program_Files/Raspberry_Pi/Pico_SDK_v1.5.1/pico-sdk/src/rp2_common/hardware_clocks/clocks.c.obj
                0x10002240                clock_configure
 .text.clocks_init
                0x10002348      0x100 CMakeFiles/myBlink_w.dir/C_/Program_Files/Raspberry_Pi/Pico_SDK_v1.5.1/pico-sdk/src/rp2_common/hardware_clocks/clocks.c.obj
                0x10002348                clocks_init
 .text.clock_get_hz
                0x10002448        0xc CMakeFiles/myBlink_w.dir/C_/Program_Files/Raspberry_Pi/Pico_SDK_v1.5.1/pico-sdk/src/rp2_common/hardware_clocks/clocks.c.obj
                0x10002448                clock_get_hz
 .text.pll_init
                0x10002454      0x120 CMakeFiles/myBlink_w.dir/C_/Program_Files/Raspberry_Pi/Pico_SDK_v1.5.1/pico-sdk/src/rp2_common/hardware_pll/pll.c.obj
                0x10002454                pll_init
 .text.watchdog_start_tick
                0x10002574       0x10 CMakeFiles/myBlink_w.dir/C_/Program_Files/Raspberry_Pi/Pico_SDK_v1.5.1/pico-sdk/src/rp2_common/hardware_watchdog/watchdog.c.obj
                0x10002574                watchdog_start_tick
 .text.xosc_init
                0x10002584       0x28 CMakeFiles/myBlink_w.dir/C_/Program_Files/Raspberry_Pi/Pico_SDK_v1.5.1/pico-sdk/src/rp2_common/hardware_xosc/xosc.c.obj
                0x10002584                xosc_init
 .text._exit    0x100025ac        0x4 CMakeFiles/myBlink_w.dir/C_/Program_Files/Raspberry_Pi/Pico_SDK_v1.5.1/pico-sdk/src/rp2_common/pico_runtime/runtime.c.obj
                0x100025ac                _exit
 .text.exit     0x100025b0        0x6 CMakeFiles/myBlink_w.dir/C_/Program_Files/Raspberry_Pi/Pico_SDK_v1.5.1/pico-sdk/src/rp2_common/pico_runtime/runtime.c.obj
                0x100025b0                exit
 *fill*         0x100025b6        0x2 
 .text.__assert_func
                0x100025b8       0x3c CMakeFiles/myBlink_w.dir/C_/Program_Files/Raspberry_Pi/Pico_SDK_v1.5.1/pico-sdk/src/rp2_common/pico_runtime/runtime.c.obj
                0x100025b8                __assert_func
 .text.runtime_init
                0x100025f4       0xf8 CMakeFiles/myBlink_w.dir/C_/Program_Files/Raspberry_Pi/Pico_SDK_v1.5.1/pico-sdk/src/rp2_common/pico_runtime/runtime.c.obj
                0x100025f4                runtime_init
 .text.panic    0x100026ec       0x30 CMakeFiles/myBlink_w.dir/C_/Program_Files/Raspberry_Pi/Pico_SDK_v1.5.1/pico-sdk/src/rp2_common/pico_runtime/runtime.c.obj
                0x100026ec                panic
 .text.panic_unsupported
                0x1000271c        0xc CMakeFiles/myBlink_w.dir/C_/Program_Files/Raspberry_Pi/Pico_SDK_v1.5.1/pico-sdk/src/rp2_common/pico_runtime/runtime.c.obj
                0x1000271c                panic_unsupported
 .text._out_null
                0x10002728        0x2 CMakeFiles/myBlink_w.dir/C_/Program_Files/Raspberry_Pi/Pico_SDK_v1.5.1/pico-sdk/src/rp2_common/pico_printf/printf.c.obj
 .text._out_fct
                0x1000272a        0xe CMakeFiles/myBlink_w.dir/C_/Program_Files/Raspberry_Pi/Pico_SDK_v1.5.1/pico-sdk/src/rp2_common/pico_printf/printf.c.obj
 .text._atoi    0x10002738       0x24 CMakeFiles/myBlink_w.dir/C_/Program_Files/Raspberry_Pi/Pico_SDK_v1.5.1/pico-sdk/src/rp2_common/pico_printf/printf.c.obj
 .text._out_rev
                0x1000275c       0xae CMakeFiles/myBlink_w.dir/C_/Program_Files/Raspberry_Pi/Pico_SDK_v1.5.1/pico-sdk/src/rp2_common/pico_printf/printf.c.obj
 .text._ntoa_format
                0x1000280a      0x112 CMakeFiles/myBlink_w.dir/C_/Program_Files/Raspberry_Pi/Pico_SDK_v1.5.1/pico-sdk/src/rp2_common/pico_printf/printf.c.obj
 .text._ntoa_long
                0x1000291c       0xbc CMakeFiles/myBlink_w.dir/C_/Program_Files/Raspberry_Pi/Pico_SDK_v1.5.1/pico-sdk/src/rp2_common/pico_printf/printf.c.obj
 .text._ntoa_long_long
                0x100029d8       0xe2 CMakeFiles/myBlink_w.dir/C_/Program_Files/Raspberry_Pi/Pico_SDK_v1.5.1/pico-sdk/src/rp2_common/pico_printf/printf.c.obj
 *fill*         0x10002aba        0x2 
 .text._etoa    0x10002abc      0x414 CMakeFiles/myBlink_w.dir/C_/Program_Files/Raspberry_Pi/Pico_SDK_v1.5.1/pico-sdk/src/rp2_common/pico_printf/printf.c.obj
 .text._ftoa    0x10002ed0      0x354 CMakeFiles/myBlink_w.dir/C_/Program_Files/Raspberry_Pi/Pico_SDK_v1.5.1/pico-sdk/src/rp2_common/pico_printf/printf.c.obj
 .text._vsnprintf
                0x10003224      0x624 CMakeFiles/myBlink_w.dir/C_/Program_Files/Raspberry_Pi/Pico_SDK_v1.5.1/pico-sdk/src/rp2_common/pico_printf/printf.c.obj
 .text.vfctprintf
                0x10003848       0x20 CMakeFiles/myBlink_w.dir/C_/Program_Files/Raspberry_Pi/Pico_SDK_v1.5.1/pico-sdk/src/rp2_common/pico_printf/printf.c.obj
                0x10003848                vfctprintf
 .text          0x10003868       0x10 CMakeFiles/myBlink_w.dir/C_/Program_Files/Raspberry_Pi/Pico_SDK_v1.5.1/pico-sdk/src/rp2_common/pico_bit_ops/bit_ops_aeabi.S.obj
 .text.ctzsi    0x10003878        0xc CMakeFiles/myBlink_w.dir/C_/Program_Files/Raspberry_Pi/Pico_SDK_v1.5.1/pico-sdk/src/rp2_common/pico_bit_ops/bit_ops_aeabi.S.obj
                0x10003878                __wrap___ctzsi2
 .text.rom_func_lookup
                0x10003884       0x10 CMakeFiles/myBlink_w.dir/C_/Program_Files/Raspberry_Pi/Pico_SDK_v1.5.1/pico-sdk/src/rp2_common/pico_bootrom/bootrom.c.obj
                0x10003884                rom_func_lookup
 .text.rom_data_lookup
                0x10003894       0x10 CMakeFiles/myBlink_w.dir/C_/Program_Files/Raspberry_Pi/Pico_SDK_v1.5.1/pico-sdk/src/rp2_common/pico_bootrom/bootrom.c.obj
                0x10003894                rom_data_lookup
 .text.rom_funcs_lookup
                0x100038a4       0x36 CMakeFiles/myBlink_w.dir/C_/Program_Files/Raspberry_Pi/Pico_SDK_v1.5.1/pico-sdk/src/rp2_common/pico_bootrom/bootrom.c.obj
                0x100038a4                rom_funcs_lookup
 *fill*         0x100038da        0x2 
 .text.__wrap___aeabi_idiv
                0x100038dc       0x50 CMakeFiles/myBlink_w.dir/C_/Program_Files/Raspberry_Pi/Pico_SDK_v1.5.1/pico-sdk/src/rp2_common/pico_divider/divider.S.obj
                0x100038dc                __wrap___aeabi_idivmod
                0x100038dc                divmod_s32s32
                0x100038dc                div_s32s32
                0x100038dc                __wrap___aeabi_idiv
                0x100038e4                divmod_s32s32_unsafe
                0x10003910                divmod_s32s32_savestate
 .text.__wrap___aeabi_uidiv
                0x1000392c       0x4c CMakeFiles/myBlink_w.dir/C_/Program_Files/Raspberry_Pi/Pico_SDK_v1.5.1/pico-sdk/src/rp2_common/pico_divider/divider.S.obj
                0x1000392c                __wrap___aeabi_uidiv
                0x1000392c                __wrap___aeabi_uidivmod
                0x1000392c                div_u32u32
                0x1000392c                divmod_u32u32
                0x10003934                divmod_u32u32_unsafe
                0x1000395c                divmod_u32u32_savestate
 .text.__wrap___aeabi_ldiv
                0x10003978      0x424 CMakeFiles/myBlink_w.dir/C_/Program_Files/Raspberry_Pi/Pico_SDK_v1.5.1/pico-sdk/src/rp2_common/pico_divider/divider.S.obj
                0x10003978                div_s64s64
                0x10003978                divmod_s64s64
                0x10003978                __wrap___aeabi_ldivmod
                0x100039a8                divmod_u64u64
                0x100039a8                div_u64u64
                0x100039a8                __wrap___aeabi_uldivmod
                0x100039b8                divmod_u64u64_savestate
                0x100039d8                divmod_s64s64_unsafe
                0x10003a60                divmod_u64u64_unsafe
 .text.__wrap___aeabi_darithmetic
                0x10003d9c       0x60 CMakeFiles/myBlink_w.dir/C_/Program_Files/Raspberry_Pi/Pico_SDK_v1.5.1/pico-sdk/src/rp2_common/pico_double/double_aeabi.S.obj
                0x10003d9c                __wrap___aeabi_drsub
                0x10003da2                __wrap___aeabi_dsub
                0x10003dac                __wrap___aeabi_dadd
                0x10003db6                __wrap___aeabi_ddiv
                0x10003dea                __wrap___aeabi_dmul
 .text.__wrap___aeabi_cdcmple
                0x10003dfc       0x6c CMakeFiles/myBlink_w.dir/C_/Program_Files/Raspberry_Pi/Pico_SDK_v1.5.1/pico-sdk/src/rp2_common/pico_double/double_aeabi.S.obj
                0x10003dfc                __wrap___aeabi_cdrcmple
                0x10003e0c                __wrap___aeabi_cdcmpeq
                0x10003e0c                __wrap___aeabi_cdcmple
 .text.__wrap___aeabi_dcmplt
                0x10003e68        0xc CMakeFiles/myBlink_w.dir/C_/Program_Files/Raspberry_Pi/Pico_SDK_v1.5.1/pico-sdk/src/rp2_common/pico_double/double_aeabi.S.obj
                0x10003e68                __wrap___aeabi_dcmplt
 .text.__wrap___aeabi_dcmple
                0x10003e74       0x10 CMakeFiles/myBlink_w.dir/C_/Program_Files/Raspberry_Pi/Pico_SDK_v1.5.1/pico-sdk/src/rp2_common/pico_double/double_aeabi.S.obj
                0x10003e74                __wrap___aeabi_dcmple
 .text.__wrap___aeabi_dcmpge
                0x10003e84       0x10 CMakeFiles/myBlink_w.dir/C_/Program_Files/Raspberry_Pi/Pico_SDK_v1.5.1/pico-sdk/src/rp2_common/pico_double/double_aeabi.S.obj
                0x10003e84                __wrap___aeabi_dcmpge
 .text.__wrap___aeabi_dcmpgt
                0x10003e94        0xa CMakeFiles/myBlink_w.dir/C_/Program_Files/Raspberry_Pi/Pico_SDK_v1.5.1/pico-sdk/src/rp2_common/pico_double/double_aeabi.S.obj
                0x10003e94                __wrap___aeabi_dcmpgt
 .text.__wrap___aeabi_dcmpun
                0x10003e9e       0x1c CMakeFiles/myBlink_w.dir/C_/Program_Files/Raspberry_Pi/Pico_SDK_v1.5.1/pico-sdk/src/rp2_common/pico_double/double_aeabi.S.obj
                0x10003e9e                __wrap___aeabi_dcmpun
 *fill*         0x10003eba        0x2 
 .text.__wrap___aeabi_i2d
                0x10003ebc       0x38 CMakeFiles/myBlink_w.dir/C_/Program_Files/Raspberry_Pi/Pico_SDK_v1.5.1/pico-sdk/src/rp2_common/pico_double/double_aeabi.S.obj
                0x10003ebc                __wrap___aeabi_ui2d
                0x10003ec4                __wrap___aeabi_i2d
 .text.__wrap___aeabi_d2iz
                0x10003ef4       0x48 CMakeFiles/myBlink_w.dir/C_/Program_Files/Raspberry_Pi/Pico_SDK_v1.5.1/pico-sdk/src/rp2_common/pico_double/double_aeabi.S.obj
                0x10003ef4                double2int_z
                0x10003ef4                __wrap___aeabi_d2iz
 .text.__wrap___aeabi_d2uiz
                0x10003f3c       0x10 CMakeFiles/myBlink_w.dir/C_/Program_Files/Raspberry_Pi/Pico_SDK_v1.5.1/pico-sdk/src/rp2_common/pico_double/double_aeabi.S.obj
                0x10003f3c                __wrap___aeabi_d2uiz
                0x10003f3c                double2uint
 .text.missing_double_func_shim
                0x10003f4c        0xc CMakeFiles/myBlink_w.dir/C_/Program_Files/Raspberry_Pi/Pico_SDK_v1.5.1/pico-sdk/src/rp2_common/pico_double/double_init_rom.c.obj
 .text.__aeabi_double_init
                0x10003f58       0xcc CMakeFiles/myBlink_w.dir/C_/Program_Files/Raspberry_Pi/Pico_SDK_v1.5.1/pico-sdk/src/rp2_common/pico_double/double_init_rom.c.obj
                0x10003f58                __aeabi_double_init
 .text.double_table_shim_on_use_helper
                0x10004024       0x34 CMakeFiles/myBlink_w.dir/C_/Program_Files/Raspberry_Pi/Pico_SDK_v1.5.1/pico-sdk/src/rp2_common/pico_double/double_v1_rom_shim.S.obj
                0x10004024                double_table_shim_on_use_helper
 .text.__aeabi_lmul
                0x10004058       0x32 CMakeFiles/myBlink_w.dir/C_/Program_Files/Raspberry_Pi/Pico_SDK_v1.5.1/pico-sdk/src/rp2_common/pico_int64_ops/pico_int64_ops_aeabi.S.obj
                0x10004058                __wrap___aeabi_lmul
 *fill*         0x1000408a        0x2 
 .text.missing_float_func_shim
                0x1000408c        0xc CMakeFiles/myBlink_w.dir/C_/Program_Files/Raspberry_Pi/Pico_SDK_v1.5.1/pico-sdk/src/rp2_common/pico_float/float_init_rom.c.obj
 .text.__aeabi_float_init
                0x10004098       0x88 CMakeFiles/myBlink_w.dir/C_/Program_Files/Raspberry_Pi/Pico_SDK_v1.5.1/pico-sdk/src/rp2_common/pico_float/float_init_rom.c.obj
                0x10004098                __aeabi_float_init
 .text          0x10004120       0x10 CMakeFiles/myBlink_w.dir/C_/Program_Files/Raspberry_Pi/Pico_SDK_v1.5.1/pico-sdk/src/rp2_common/pico_mem_ops/mem_ops_aeabi.S.obj
                0x10004120                __aeabi_mem_init
 .text.memset   0x10004130        0xc CMakeFiles/myBlink_w.dir/C_/Program_Files/Raspberry_Pi/Pico_SDK_v1.5.1/pico-sdk/src/rp2_common/pico_mem_ops/mem_ops_aeabi.S.obj
                0x10004130                __wrap_memset
 .text.memcpy   0x1000413c        0xc CMakeFiles/myBlink_w.dir/C_/Program_Files/Raspberry_Pi/Pico_SDK_v1.5.1/pico-sdk/src/rp2_common/pico_mem_ops/mem_ops_aeabi.S.obj
                0x1000413c                __wrap_memcpy
                0x1000413c                __wrap___aeabi_memcpy
 .text.stdio_out_chars_no_crlf
                0x10004148        0xe CMakeFiles/myBlink_w.dir/C_/Program_Files/Raspberry_Pi/Pico_SDK_v1.5.1/pico-sdk/src/rp2_common/pico_stdio/stdio.c.obj
 *fill*         0x10004156        0x2 
 .text.stdio_out_chars_crlf
                0x10004158       0x80 CMakeFiles/myBlink_w.dir/C_/Program_Files/Raspberry_Pi/Pico_SDK_v1.5.1/pico-sdk/src/rp2_common/pico_stdio/stdio.c.obj
 .text.stdio_stack_buffer_flush
                0x100041d8       0x44 CMakeFiles/myBlink_w.dir/C_/Program_Files/Raspberry_Pi/Pico_SDK_v1.5.1/pico-sdk/src/rp2_common/pico_stdio/stdio.c.obj
 .text.stdio_buffered_printer
                0x1000421c       0x20 CMakeFiles/myBlink_w.dir/C_/Program_Files/Raspberry_Pi/Pico_SDK_v1.5.1/pico-sdk/src/rp2_common/pico_stdio/stdio.c.obj
 .text.stdout_serialize_begin
                0x1000423c       0x5c CMakeFiles/myBlink_w.dir/C_/Program_Files/Raspberry_Pi/Pico_SDK_v1.5.1/pico-sdk/src/rp2_common/pico_stdio/stdio.c.obj
                0x1000423c                stdout_serialize_begin
 .text.stdout_serialize_end
                0x10004298       0x10 CMakeFiles/myBlink_w.dir/C_/Program_Files/Raspberry_Pi/Pico_SDK_v1.5.1/pico-sdk/src/rp2_common/pico_stdio/stdio.c.obj
                0x10004298                stdout_serialize_end
 .text.stdio_put_string
                0x100042a8       0x98 CMakeFiles/myBlink_w.dir/C_/Program_Files/Raspberry_Pi/Pico_SDK_v1.5.1/pico-sdk/src/rp2_common/pico_stdio/stdio.c.obj
 .text.stdio_set_driver_enabled
                0x10004340       0x2c CMakeFiles/myBlink_w.dir/C_/Program_Files/Raspberry_Pi/Pico_SDK_v1.5.1/pico-sdk/src/rp2_common/pico_stdio/stdio.c.obj
                0x10004340                stdio_set_driver_enabled
 .text.stdio_flush
                0x1000436c       0x20 CMakeFiles/myBlink_w.dir/C_/Program_Files/Raspberry_Pi/Pico_SDK_v1.5.1/pico-sdk/src/rp2_common/pico_stdio/stdio.c.obj
                0x1000436c                stdio_flush
 .text.__wrap_puts
                0x1000438c       0x1e CMakeFiles/myBlink_w.dir/C_/Program_Files/Raspberry_Pi/Pico_SDK_v1.5.1/pico-sdk/src/rp2_common/pico_stdio/stdio.c.obj
                0x1000438c                __wrap_puts
 *fill*         0x100043aa        0x2 
 .text.__wrap_vprintf
                0x100043ac       0x40 CMakeFiles/myBlink_w.dir/C_/Program_Files/Raspberry_Pi/Pico_SDK_v1.5.1/pico-sdk/src/rp2_common/pico_stdio/stdio.c.obj
                0x100043ac                __wrap_vprintf
 .text.__wrap_printf
                0x100043ec       0x18 CMakeFiles/myBlink_w.dir/C_/Program_Files/Raspberry_Pi/Pico_SDK_v1.5.1/pico-sdk/src/rp2_common/pico_stdio/stdio.c.obj
                0x100043ec                __wrap_printf
 .text.stdio_init_all
                0x10004404        0xa CMakeFiles/myBlink_w.dir/C_/Program_Files/Raspberry_Pi/Pico_SDK_v1.5.1/pico-sdk/src/rp2_common/pico_stdio/stdio.c.obj
                0x10004404                stdio_init_all
 *fill*         0x1000440e        0x2 
 .text.stdio_uart_out_chars
                0x10004410       0x74 CMakeFiles/myBlink_w.dir/C_/Program_Files/Raspberry_Pi/Pico_SDK_v1.5.1/pico-sdk/src/rp2_common/pico_stdio_uart/stdio_uart.c.obj
 .text.stdio_uart_in_chars
                0x10004484       0x80 CMakeFiles/myBlink_w.dir/C_/Program_Files/Raspberry_Pi/Pico_SDK_v1.5.1/pico-sdk/src/rp2_common/pico_stdio_uart/stdio_uart.c.obj
                0x10004484                stdio_uart_in_chars
 .text.on_uart_rx
                0x10004504       0x28 CMakeFiles/myBlink_w.dir/C_/Program_Files/Raspberry_Pi/Pico_SDK_v1.5.1/pico-sdk/src/rp2_common/pico_stdio_uart/stdio_uart.c.obj
 .text.stdio_uart_set_chars_available_callback
                0x1000452c       0x8c CMakeFiles/myBlink_w.dir/C_/Program_Files/Raspberry_Pi/Pico_SDK_v1.5.1/pico-sdk/src/rp2_common/pico_stdio_uart/stdio_uart.c.obj
 .text.stdio_uart_init_full
                0x100045b8       0x44 CMakeFiles/myBlink_w.dir/C_/Program_Files/Raspberry_Pi/Pico_SDK_v1.5.1/pico-sdk/src/rp2_common/pico_stdio_uart/stdio_uart.c.obj
                0x100045b8                stdio_uart_init_full
 .text.stdio_uart_init
                0x100045fc       0x28 CMakeFiles/myBlink_w.dir/C_/Program_Files/Raspberry_Pi/Pico_SDK_v1.5.1/pico-sdk/src/rp2_common/pico_stdio_uart/stdio_uart.c.obj
                0x100045fc                stdio_uart_init
 .text.cyw43_arch_set_async_context
                0x10004624        0xc CMakeFiles/myBlink_w.dir/C_/Program_Files/Raspberry_Pi/Pico_SDK_v1.5.1/pico-sdk/src/rp2_common/pico_cyw43_arch/cyw43_arch.c.obj
                0x10004624                cyw43_arch_set_async_context
 .text.cyw43_arch_gpio_put
                0x10004630       0x14 CMakeFiles/myBlink_w.dir/C_/Program_Files/Raspberry_Pi/Pico_SDK_v1.5.1/pico-sdk/src/rp2_common/pico_cyw43_arch/cyw43_arch.c.obj
                0x10004630                cyw43_arch_gpio_put
 .text.cyw43_arch_async_context
                0x10004644        0xc CMakeFiles/myBlink_w.dir/C_/Program_Files/Raspberry_Pi/Pico_SDK_v1.5.1/pico-sdk/src/rp2_common/pico_cyw43_arch/cyw43_arch.c.obj
                0x10004644                cyw43_arch_async_context
 .text.cyw43_arch_init_default_async_context
                0x10004650       0x20 CMakeFiles/myBlink_w.dir/C_/Program_Files/Raspberry_Pi/Pico_SDK_v1.5.1/pico-sdk/src/rp2_common/pico_cyw43_arch/cyw43_arch_threadsafe_background.c.obj
                0x10004650                cyw43_arch_init_default_async_context
 .text.cyw43_arch_deinit
                0x10004670       0x28 CMakeFiles/myBlink_w.dir/C_/Program_Files/Raspberry_Pi/Pico_SDK_v1.5.1/pico-sdk/src/rp2_common/pico_cyw43_arch/cyw43_arch_threadsafe_background.c.obj
                0x10004670                cyw43_arch_deinit
 .text.cyw43_arch_init
                0x10004698       0x36 CMakeFiles/myBlink_w.dir/C_/Program_Files/Raspberry_Pi/Pico_SDK_v1.5.1/pico-sdk/src/rp2_common/pico_cyw43_arch/cyw43_arch_threadsafe_background.c.obj
                0x10004698                cyw43_arch_init
 *fill*         0x100046ce        0x2 
 .text._retrieve_unique_id_on_boot
                0x100046d0       0x10 CMakeFiles/myBlink_w.dir/C_/Program_Files/Raspberry_Pi/Pico_SDK_v1.5.1/pico-sdk/src/rp2_common/pico_unique_id/unique_id.c.obj
 .text.pico_get_unique_board_id
                0x100046e0       0x10 CMakeFiles/myBlink_w.dir/C_/Program_Files/Raspberry_Pi/Pico_SDK_v1.5.1/pico-sdk/src/rp2_common/pico_unique_id/unique_id.c.obj
                0x100046e0                pico_get_unique_board_id
 .text.flash_get_unique_id
                0x100046f0       0x46 CMakeFiles/myBlink_w.dir/C_/Program_Files/Raspberry_Pi/Pico_SDK_v1.5.1/pico-sdk/src/rp2_common/hardware_flash/flash.c.obj
                0x100046f0                flash_get_unique_id
 .text.cs_set   0x10004736       0x1c CMakeFiles/myBlink_w.dir/C_/Program_Files/Raspberry_Pi/Pico_SDK_v1.5.1/pico-sdk/src/rp2_common/pico_cyw43_driver/cyw43_bus_pio_spi.c.obj
 *fill*         0x10004752        0x2 
 .text.start_spi_comms
                0x10004754       0x2c CMakeFiles/myBlink_w.dir/C_/Program_Files/Raspberry_Pi/Pico_SDK_v1.5.1/pico-sdk/src/rp2_common/pico_cyw43_driver/cyw43_bus_pio_spi.c.obj
 .text.ns_delay
                0x10004780       0x20 CMakeFiles/myBlink_w.dir/C_/Program_Files/Raspberry_Pi/Pico_SDK_v1.5.1/pico-sdk/src/rp2_common/pico_cyw43_driver/cyw43_bus_pio_spi.c.obj
 .text.stop_spi_comms
                0x100047a0       0x10 CMakeFiles/myBlink_w.dir/C_/Program_Files/Raspberry_Pi/Pico_SDK_v1.5.1/pico-sdk/src/rp2_common/pico_cyw43_driver/cyw43_bus_pio_spi.c.obj
 .text.cyw43_spi_deinit
                0x100047b0       0x74 CMakeFiles/myBlink_w.dir/C_/Program_Files/Raspberry_Pi/Pico_SDK_v1.5.1/pico-sdk/src/rp2_common/pico_cyw43_driver/cyw43_bus_pio_spi.c.obj
                0x100047b0                cyw43_spi_deinit
 .text.cyw43_spi_init
                0x10004824      0x284 CMakeFiles/myBlink_w.dir/C_/Program_Files/Raspberry_Pi/Pico_SDK_v1.5.1/pico-sdk/src/rp2_common/pico_cyw43_driver/cyw43_bus_pio_spi.c.obj
                0x10004824                cyw43_spi_init
 .text.cyw43_spi_transfer
                0x10004aa8      0x694 CMakeFiles/myBlink_w.dir/C_/Program_Files/Raspberry_Pi/Pico_SDK_v1.5.1/pico-sdk/src/rp2_common/pico_cyw43_driver/cyw43_bus_pio_spi.c.obj
                0x10004aa8                cyw43_spi_transfer
 .text.cyw43_spi_gpio_setup
                0x1000513c       0x3a CMakeFiles/myBlink_w.dir/C_/Program_Files/Raspberry_Pi/Pico_SDK_v1.5.1/pico-sdk/src/rp2_common/pico_cyw43_driver/cyw43_bus_pio_spi.c.obj
                0x1000513c                cyw43_spi_gpio_setup
 .text.cyw43_spi_reset
                0x10005176       0x28 CMakeFiles/myBlink_w.dir/C_/Program_Files/Raspberry_Pi/Pico_SDK_v1.5.1/pico-sdk/src/rp2_common/pico_cyw43_driver/cyw43_bus_pio_spi.c.obj
                0x10005176                cyw43_spi_reset
 *fill*         0x1000519e        0x2 
 .text.read_reg_u32_swap
                0x100051a0       0x68 CMakeFiles/myBlink_w.dir/C_/Program_Files/Raspberry_Pi/Pico_SDK_v1.5.1/pico-sdk/src/rp2_common/pico_cyw43_driver/cyw43_bus_pio_spi.c.obj
                0x100051a0                read_reg_u32_swap
 .text.cyw43_read_reg_u32
                0x10005208       0x54 CMakeFiles/myBlink_w.dir/C_/Program_Files/Raspberry_Pi/Pico_SDK_v1.5.1/pico-sdk/src/rp2_common/pico_cyw43_driver/cyw43_bus_pio_spi.c.obj
                0x10005208                cyw43_read_reg_u32
 .text.cyw43_read_reg_u16
                0x1000525c       0x54 CMakeFiles/myBlink_w.dir/C_/Program_Files/Raspberry_Pi/Pico_SDK_v1.5.1/pico-sdk/src/rp2_common/pico_cyw43_driver/cyw43_bus_pio_spi.c.obj
                0x1000525c                cyw43_read_reg_u16
 .text.cyw43_read_reg_u8
                0x100052b0       0x54 CMakeFiles/myBlink_w.dir/C_/Program_Files/Raspberry_Pi/Pico_SDK_v1.5.1/pico-sdk/src/rp2_common/pico_cyw43_driver/cyw43_bus_pio_spi.c.obj
                0x100052b0                cyw43_read_reg_u8
 .text.write_reg_u32_swap
                0x10005304       0x34 CMakeFiles/myBlink_w.dir/C_/Program_Files/Raspberry_Pi/Pico_SDK_v1.5.1/pico-sdk/src/rp2_common/pico_cyw43_driver/cyw43_bus_pio_spi.c.obj
                0x10005304                write_reg_u32_swap
 .text.cyw43_write_reg_u32
                0x10005338       0x58 CMakeFiles/myBlink_w.dir/C_/Program_Files/Raspberry_Pi/Pico_SDK_v1.5.1/pico-sdk/src/rp2_common/pico_cyw43_driver/cyw43_bus_pio_spi.c.obj
                0x10005338                cyw43_write_reg_u32
 .text.cyw43_write_reg_u16
                0x10005390       0x58 CMakeFiles/myBlink_w.dir/C_/Program_Files/Raspberry_Pi/Pico_SDK_v1.5.1/pico-sdk/src/rp2_common/pico_cyw43_driver/cyw43_bus_pio_spi.c.obj
                0x10005390                cyw43_write_reg_u16
 .text.cyw43_write_reg_u8
                0x100053e8       0x58 CMakeFiles/myBlink_w.dir/C_/Program_Files/Raspberry_Pi/Pico_SDK_v1.5.1/pico-sdk/src/rp2_common/pico_cyw43_driver/cyw43_bus_pio_spi.c.obj
                0x100053e8                cyw43_write_reg_u8
 .text.cyw43_read_bytes
                0x10005440      0x104 CMakeFiles/myBlink_w.dir/C_/Program_Files/Raspberry_Pi/Pico_SDK_v1.5.1/pico-sdk/src/rp2_common/pico_cyw43_driver/cyw43_bus_pio_spi.c.obj
                0x10005440                cyw43_read_bytes
 .text.cyw43_write_bytes
                0x10005544      0x128 CMakeFiles/myBlink_w.dir/C_/Program_Files/Raspberry_Pi/Pico_SDK_v1.5.1/pico-sdk/src/rp2_common/pico_cyw43_driver/cyw43_bus_pio_spi.c.obj
                0x10005544                cyw43_write_bytes
 .text.get_core_address
                0x1000566c       0x1c CMakeFiles/myBlink_w.dir/C_/Program_Files/Raspberry_Pi/Pico_SDK_v1.5.1/pico-sdk/lib/cyw43-driver/src/cyw43_ll.c.obj
 .text.sdpcm_process_rx_packet
                0x10005688      0x180 CMakeFiles/myBlink_w.dir/C_/Program_Files/Raspberry_Pi/Pico_SDK_v1.5.1/pico-sdk/lib/cyw43-driver/src/cyw43_ll.c.obj
 .text.cyw43_ll_wifi_parse_scan_result
                0x10005808       0x9c CMakeFiles/myBlink_w.dir/C_/Program_Files/Raspberry_Pi/Pico_SDK_v1.5.1/pico-sdk/lib/cyw43-driver/src/cyw43_ll.c.obj
 .text.cyw43_ll_parse_async_event
                0x100058a4       0x8e CMakeFiles/myBlink_w.dir/C_/Program_Files/Raspberry_Pi/Pico_SDK_v1.5.1/pico-sdk/lib/cyw43-driver/src/cyw43_ll.c.obj
 *fill*         0x10005932        0x2 
 .text.cyw43_kso_set
                0x10005934       0x98 CMakeFiles/myBlink_w.dir/C_/Program_Files/Raspberry_Pi/Pico_SDK_v1.5.1/pico-sdk/lib/cyw43-driver/src/cyw43_ll.c.obj
 .text.cyw43_ll_bus_sleep_helper
                0x100059cc        0xe CMakeFiles/myBlink_w.dir/C_/Program_Files/Raspberry_Pi/Pico_SDK_v1.5.1/pico-sdk/lib/cyw43-driver/src/cyw43_ll.c.obj
 *fill*         0x100059da        0x2 
 .text.cyw43_read_reg
                0x100059dc       0x48 CMakeFiles/myBlink_w.dir/C_/Program_Files/Raspberry_Pi/Pico_SDK_v1.5.1/pico-sdk/lib/cyw43-driver/src/cyw43_ll.c.obj
 .text.cyw43_write_reg
                0x10005a24       0x4c CMakeFiles/myBlink_w.dir/C_/Program_Files/Raspberry_Pi/Pico_SDK_v1.5.1/pico-sdk/lib/cyw43-driver/src/cyw43_ll.c.obj
 .text.cyw43_set_backplane_window
                0x10005a70       0x74 CMakeFiles/myBlink_w.dir/C_/Program_Files/Raspberry_Pi/Pico_SDK_v1.5.1/pico-sdk/lib/cyw43-driver/src/cyw43_ll.c.obj
 .text.cyw43_read_backplane
                0x10005ae4       0x30 CMakeFiles/myBlink_w.dir/C_/Program_Files/Raspberry_Pi/Pico_SDK_v1.5.1/pico-sdk/lib/cyw43-driver/src/cyw43_ll.c.obj
 .text.disable_device_core
                0x10005b14       0x3c CMakeFiles/myBlink_w.dir/C_/Program_Files/Raspberry_Pi/Pico_SDK_v1.5.1/pico-sdk/lib/cyw43-driver/src/cyw43_ll.c.obj
 .text.device_core_is_up
                0x10005b50       0x4c CMakeFiles/myBlink_w.dir/C_/Program_Files/Raspberry_Pi/Pico_SDK_v1.5.1/pico-sdk/lib/cyw43-driver/src/cyw43_ll.c.obj
 .text.cyw43_write_backplane
                0x10005b9c       0x34 CMakeFiles/myBlink_w.dir/C_/Program_Files/Raspberry_Pi/Pico_SDK_v1.5.1/pico-sdk/lib/cyw43-driver/src/cyw43_ll.c.obj
 .text.reset_device_core
                0x10005bd0       0x74 CMakeFiles/myBlink_w.dir/C_/Program_Files/Raspberry_Pi/Pico_SDK_v1.5.1/pico-sdk/lib/cyw43-driver/src/cyw43_ll.c.obj
 .text.cyw43_download_resource
                0x10005c44      0x17c CMakeFiles/myBlink_w.dir/C_/Program_Files/Raspberry_Pi/Pico_SDK_v1.5.1/pico-sdk/lib/cyw43-driver/src/cyw43_ll.c.obj
 .text.cyw43_ll_init
                0x10005dc0       0x20 CMakeFiles/myBlink_w.dir/C_/Program_Files/Raspberry_Pi/Pico_SDK_v1.5.1/pico-sdk/lib/cyw43-driver/src/cyw43_ll.c.obj
                0x10005dc0                cyw43_ll_init
 .text.cyw43_ll_deinit
                0x10005de0        0x8 CMakeFiles/myBlink_w.dir/C_/Program_Files/Raspberry_Pi/Pico_SDK_v1.5.1/pico-sdk/lib/cyw43-driver/src/cyw43_ll.c.obj
                0x10005de0                cyw43_ll_deinit
 .text.cyw43_ll_bus_sleep
                0x10005de8       0x34 CMakeFiles/myBlink_w.dir/C_/Program_Files/Raspberry_Pi/Pico_SDK_v1.5.1/pico-sdk/lib/cyw43-driver/src/cyw43_ll.c.obj
                0x10005de8                cyw43_ll_bus_sleep
 .text.cyw43_ll_sdpcm_poll_device
                0x10005e1c      0x158 CMakeFiles/myBlink_w.dir/C_/Program_Files/Raspberry_Pi/Pico_SDK_v1.5.1/pico-sdk/lib/cyw43-driver/src/cyw43_ll.c.obj
 .text.cyw43_ll_process_packets
                0x10005f74       0x5c CMakeFiles/myBlink_w.dir/C_/Program_Files/Raspberry_Pi/Pico_SDK_v1.5.1/pico-sdk/lib/cyw43-driver/src/cyw43_ll.c.obj
                0x10005f74                cyw43_ll_process_packets
 .text.cyw43_sdpcm_send_common
                0x10005fd0      0x104 CMakeFiles/myBlink_w.dir/C_/Program_Files/Raspberry_Pi/Pico_SDK_v1.5.1/pico-sdk/lib/cyw43-driver/src/cyw43_ll.c.obj
 .text.cyw43_send_ioctl
                0x100060d4       0x56 CMakeFiles/myBlink_w.dir/C_/Program_Files/Raspberry_Pi/Pico_SDK_v1.5.1/pico-sdk/lib/cyw43-driver/src/cyw43_ll.c.obj
 *fill*         0x1000612a        0x2 
 .text.cyw43_do_ioctl
                0x1000612c       0xc0 CMakeFiles/myBlink_w.dir/C_/Program_Files/Raspberry_Pi/Pico_SDK_v1.5.1/pico-sdk/lib/cyw43-driver/src/cyw43_ll.c.obj
 .text.cyw43_ll_ioctl
                0x100061ec       0x1e CMakeFiles/myBlink_w.dir/C_/Program_Files/Raspberry_Pi/Pico_SDK_v1.5.1/pico-sdk/lib/cyw43-driver/src/cyw43_ll.c.obj
                0x100061ec                cyw43_ll_ioctl
 *fill*         0x1000620a        0x2 
 .text.cyw43_clm_load
                0x1000620c       0xdc CMakeFiles/myBlink_w.dir/C_/Program_Files/Raspberry_Pi/Pico_SDK_v1.5.1/pico-sdk/lib/cyw43-driver/src/cyw43_ll.c.obj
 .text.cyw43_write_iovar_u32
                0x100062e8       0x60 CMakeFiles/myBlink_w.dir/C_/Program_Files/Raspberry_Pi/Pico_SDK_v1.5.1/pico-sdk/lib/cyw43-driver/src/cyw43_ll.c.obj
 .text.cyw43_write_iovar_n
                0x10006348       0x50 CMakeFiles/myBlink_w.dir/C_/Program_Files/Raspberry_Pi/Pico_SDK_v1.5.1/pico-sdk/lib/cyw43-driver/src/cyw43_ll.c.obj
 .text.cyw43_set_ioctl_u32
                0x10006398       0x30 CMakeFiles/myBlink_w.dir/C_/Program_Files/Raspberry_Pi/Pico_SDK_v1.5.1/pico-sdk/lib/cyw43-driver/src/cyw43_ll.c.obj
 .text.cyw43_write_iovar_u32_u32
                0x100063c8       0x74 CMakeFiles/myBlink_w.dir/C_/Program_Files/Raspberry_Pi/Pico_SDK_v1.5.1/pico-sdk/lib/cyw43-driver/src/cyw43_ll.c.obj
 .text.cyw43_ll_wifi_get_mac
                0x1000643c       0x48 CMakeFiles/myBlink_w.dir/C_/Program_Files/Raspberry_Pi/Pico_SDK_v1.5.1/pico-sdk/lib/cyw43-driver/src/cyw43_ll.c.obj
                0x1000643c                cyw43_ll_wifi_get_mac
 .text.cyw43_ll_bus_init
                0x10006484      0x360 CMakeFiles/myBlink_w.dir/C_/Program_Files/Raspberry_Pi/Pico_SDK_v1.5.1/pico-sdk/lib/cyw43-driver/src/cyw43_ll.c.obj
                0x10006484                cyw43_ll_bus_init
 .text.cyw43_ll_wifi_set_wpa_auth
                0x100067e4        0xe CMakeFiles/myBlink_w.dir/C_/Program_Files/Raspberry_Pi/Pico_SDK_v1.5.1/pico-sdk/lib/cyw43-driver/src/cyw43_ll.c.obj
                0x100067e4                cyw43_ll_wifi_set_wpa_auth
 *fill*         0x100067f2        0x2 
 .text.cyw43_ll_wifi_rejoin
                0x100067f4       0x20 CMakeFiles/myBlink_w.dir/C_/Program_Files/Raspberry_Pi/Pico_SDK_v1.5.1/pico-sdk/lib/cyw43-driver/src/cyw43_ll.c.obj
                0x100067f4                cyw43_ll_wifi_rejoin
 .text.cyw43_ll_gpio_set
                0x10006814       0x30 CMakeFiles/myBlink_w.dir/C_/Program_Files/Raspberry_Pi/Pico_SDK_v1.5.1/pico-sdk/lib/cyw43-driver/src/cyw43_ll.c.obj
                0x10006814                cyw43_ll_gpio_set
 .text.cyw43_ll_has_work
                0x10006844       0x12 CMakeFiles/myBlink_w.dir/C_/Program_Files/Raspberry_Pi/Pico_SDK_v1.5.1/pico-sdk/lib/cyw43-driver/src/cyw43_ll.c.obj
                0x10006844                cyw43_ll_has_work
 *fill*         0x10006856        0x2 
 .text.cyw43_poll_func
                0x10006858       0xb0 CMakeFiles/myBlink_w.dir/C_/Program_Files/Raspberry_Pi/Pico_SDK_v1.5.1/pico-sdk/lib/cyw43-driver/src/cyw43_ctrl.c.obj
 .text.cyw43_dump_async_event
                0x10006908       0x8c CMakeFiles/myBlink_w.dir/C_/Program_Files/Raspberry_Pi/Pico_SDK_v1.5.1/pico-sdk/lib/cyw43-driver/src/cyw43_ctrl.c.obj
 .text.cyw43_ensure_up
                0x10006994       0xec CMakeFiles/myBlink_w.dir/C_/Program_Files/Raspberry_Pi/Pico_SDK_v1.5.1/pico-sdk/lib/cyw43-driver/src/cyw43_ctrl.c.obj
 .text.cyw43_init
                0x10006a80       0x8c CMakeFiles/myBlink_w.dir/C_/Program_Files/Raspberry_Pi/Pico_SDK_v1.5.1/pico-sdk/lib/cyw43-driver/src/cyw43_ctrl.c.obj
                0x10006a80                cyw43_init
 .text.cyw43_deinit
                0x10006b0c       0x3c CMakeFiles/myBlink_w.dir/C_/Program_Files/Raspberry_Pi/Pico_SDK_v1.5.1/pico-sdk/lib/cyw43-driver/src/cyw43_ctrl.c.obj
                0x10006b0c                cyw43_deinit
 .text.cyw43_cb_read_host_interrupt_pin
                0x10006b48        0xe CMakeFiles/myBlink_w.dir/C_/Program_Files/Raspberry_Pi/Pico_SDK_v1.5.1/pico-sdk/lib/cyw43-driver/src/cyw43_ctrl.c.obj
                0x10006b48                cyw43_cb_read_host_interrupt_pin
 *fill*         0x10006b56        0x2 
 .text.cyw43_cb_ensure_awake
                0x10006b58        0xc CMakeFiles/myBlink_w.dir/C_/Program_Files/Raspberry_Pi/Pico_SDK_v1.5.1/pico-sdk/lib/cyw43-driver/src/cyw43_ctrl.c.obj
                0x10006b58                cyw43_cb_ensure_awake
 .text.cyw43_cb_process_async_event
                0x10006b64      0x1b8 CMakeFiles/myBlink_w.dir/C_/Program_Files/Raspberry_Pi/Pico_SDK_v1.5.1/pico-sdk/lib/cyw43-driver/src/cyw43_ctrl.c.obj
                0x10006b64                cyw43_cb_process_async_event
 .text.cyw43_gpio_set
                0x10006d1c       0x30 CMakeFiles/myBlink_w.dir/C_/Program_Files/Raspberry_Pi/Pico_SDK_v1.5.1/pico-sdk/lib/cyw43-driver/src/cyw43_ctrl.c.obj
                0x10006d1c                cyw43_gpio_set
 .text._pio_can_add_program_at_offset
                0x10006d4c       0x3c CMakeFiles/myBlink_w.dir/C_/Program_Files/Raspberry_Pi/Pico_SDK_v1.5.1/pico-sdk/src/rp2_common/hardware_pio/pio.c.obj
 .text._pio_find_offset_for_program
                0x10006d88       0x7c CMakeFiles/myBlink_w.dir/C_/Program_Files/Raspberry_Pi/Pico_SDK_v1.5.1/pico-sdk/src/rp2_common/hardware_pio/pio.c.obj
 .text._pio_add_program_at_offset
                0x10006e04       0x78 CMakeFiles/myBlink_w.dir/C_/Program_Files/Raspberry_Pi/Pico_SDK_v1.5.1/pico-sdk/src/rp2_common/hardware_pio/pio.c.obj
 .text.pio_sm_unclaim
                0x10006e7c       0x20 CMakeFiles/myBlink_w.dir/C_/Program_Files/Raspberry_Pi/Pico_SDK_v1.5.1/pico-sdk/src/rp2_common/hardware_pio/pio.c.obj
                0x10006e7c                pio_sm_unclaim
 .text.pio_claim_unused_sm
                0x10006e9c       0x3c CMakeFiles/myBlink_w.dir/C_/Program_Files/Raspberry_Pi/Pico_SDK_v1.5.1/pico-sdk/src/rp2_common/hardware_pio/pio.c.obj
                0x10006e9c                pio_claim_unused_sm
 .text.pio_can_add_program
                0x10006ed8       0x26 CMakeFiles/myBlink_w.dir/C_/Program_Files/Raspberry_Pi/Pico_SDK_v1.5.1/pico-sdk/src/rp2_common/hardware_pio/pio.c.obj
                0x10006ed8                pio_can_add_program
 *fill*         0x10006efe        0x2 
 .text.pio_add_program
                0x10006f00       0x38 CMakeFiles/myBlink_w.dir/C_/Program_Files/Raspberry_Pi/Pico_SDK_v1.5.1/pico-sdk/src/rp2_common/hardware_pio/pio.c.obj
                0x10006f00                pio_add_program
 .text.pio_remove_program
                0x10006f38       0x58 CMakeFiles/myBlink_w.dir/C_/Program_Files/Raspberry_Pi/Pico_SDK_v1.5.1/pico-sdk/src/rp2_common/hardware_pio/pio.c.obj
                0x10006f38                pio_remove_program
 .text.pio_sm_set_pindirs_with_mask
                0x10006f90       0x9c CMakeFiles/myBlink_w.dir/C_/Program_Files/Raspberry_Pi/Pico_SDK_v1.5.1/pico-sdk/src/rp2_common/hardware_pio/pio.c.obj
                0x10006f90                pio_sm_set_pindirs_with_mask
 .text.pio_sm_set_consecutive_pindirs
                0x1000702c       0xa4 CMakeFiles/myBlink_w.dir/C_/Program_Files/Raspberry_Pi/Pico_SDK_v1.5.1/pico-sdk/src/rp2_common/hardware_pio/pio.c.obj
                0x1000702c                pio_sm_set_consecutive_pindirs
 .text.dma_channel_unclaim
                0x100070d0       0x10 CMakeFiles/myBlink_w.dir/C_/Program_Files/Raspberry_Pi/Pico_SDK_v1.5.1/pico-sdk/src/rp2_common/hardware_dma/dma.c.obj
                0x100070d0                dma_channel_unclaim
 .text.dma_claim_unused_channel
                0x100070e0       0x20 CMakeFiles/myBlink_w.dir/C_/Program_Files/Raspberry_Pi/Pico_SDK_v1.5.1/pico-sdk/src/rp2_common/hardware_dma/dma.c.obj
                0x100070e0                dma_claim_unused_channel
 .text.dma_channel_cleanup
                0x10007100       0x5c CMakeFiles/myBlink_w.dir/C_/Program_Files/Raspberry_Pi/Pico_SDK_v1.5.1/pico-sdk/src/rp2_common/hardware_dma/dma.c.obj
                0x10007100                dma_channel_cleanup
 .text.cyw43_sleep_timeout_reached
                0x1000715c       0x50 CMakeFiles/myBlink_w.dir/C_/Program_Files/Raspberry_Pi/Pico_SDK_v1.5.1/pico-sdk/src/rp2_common/pico_cyw43_driver/cyw43_driver.c.obj
 .text.cyw43_set_irq_enabled
                0x100071ac        0xe CMakeFiles/myBlink_w.dir/C_/Program_Files/Raspberry_Pi/Pico_SDK_v1.5.1/pico-sdk/src/rp2_common/pico_cyw43_driver/cyw43_driver.c.obj
 *fill*         0x100071ba        0x2 
 .text.cyw43_irq_init
                0x100071bc       0x50 CMakeFiles/myBlink_w.dir/C_/Program_Files/Raspberry_Pi/Pico_SDK_v1.5.1/pico-sdk/src/rp2_common/pico_cyw43_driver/cyw43_driver.c.obj
                0x100071bc                cyw43_irq_init
 .text.cyw43_gpio_irq_handler
                0x1000720c       0x40 CMakeFiles/myBlink_w.dir/C_/Program_Files/Raspberry_Pi/Pico_SDK_v1.5.1/pico-sdk/src/rp2_common/pico_cyw43_driver/cyw43_driver.c.obj
 .text.cyw43_irq_deinit
                0x1000724c       0x48 CMakeFiles/myBlink_w.dir/C_/Program_Files/Raspberry_Pi/Pico_SDK_v1.5.1/pico-sdk/src/rp2_common/pico_cyw43_driver/cyw43_driver.c.obj
                0x1000724c                cyw43_irq_deinit
 .text.no_lwip_fail
                0x10007294        0xc CMakeFiles/myBlink_w.dir/C_/Program_Files/Raspberry_Pi/Pico_SDK_v1.5.1/pico-sdk/src/rp2_common/pico_cyw43_driver/cyw43_driver.c.obj
 .text.cyw43_do_poll
                0x100072a0       0xc8 CMakeFiles/myBlink_w.dir/C_/Program_Files/Raspberry_Pi/Pico_SDK_v1.5.1/pico-sdk/src/rp2_common/pico_cyw43_driver/cyw43_driver.c.obj
 .text.cyw43_post_poll_hook
                0x10007368       0x38 CMakeFiles/myBlink_w.dir/C_/Program_Files/Raspberry_Pi/Pico_SDK_v1.5.1/pico-sdk/src/rp2_common/pico_cyw43_driver/cyw43_driver.c.obj
                0x10007368                cyw43_post_poll_hook
 .text.cyw43_schedule_internal_poll_dispatch
                0x100073a0       0x3c CMakeFiles/myBlink_w.dir/C_/Program_Files/Raspberry_Pi/Pico_SDK_v1.5.1/pico-sdk/src/rp2_common/pico_cyw43_driver/cyw43_driver.c.obj
                0x100073a0                cyw43_schedule_internal_poll_dispatch
 .text.cyw43_driver_init
                0x100073dc       0x38 CMakeFiles/myBlink_w.dir/C_/Program_Files/Raspberry_Pi/Pico_SDK_v1.5.1/pico-sdk/src/rp2_common/pico_cyw43_driver/cyw43_driver.c.obj
                0x100073dc                cyw43_driver_init
 .text.cyw43_driver_deinit
                0x10007414       0x64 CMakeFiles/myBlink_w.dir/C_/Program_Files/Raspberry_Pi/Pico_SDK_v1.5.1/pico-sdk/src/rp2_common/pico_cyw43_driver/cyw43_driver.c.obj
                0x10007414                cyw43_driver_deinit
 .text.storage_read_blocks
                0x10007478        0x6 CMakeFiles/myBlink_w.dir/C_/Program_Files/Raspberry_Pi/Pico_SDK_v1.5.1/pico-sdk/src/rp2_common/pico_cyw43_driver/cyw43_driver.c.obj
                0x10007478                storage_read_blocks
 *fill*         0x1000747e        0x2 
 .text.cyw43_hal_generate_laa_mac
                0x10007480       0x34 CMakeFiles/myBlink_w.dir/C_/Program_Files/Raspberry_Pi/Pico_SDK_v1.5.1/pico-sdk/src/rp2_common/pico_cyw43_driver/cyw43_driver.c.obj
                0x10007480                cyw43_hal_generate_laa_mac
 .text.cyw43_thread_enter
                0x100074b4       0x14 CMakeFiles/myBlink_w.dir/C_/Program_Files/Raspberry_Pi/Pico_SDK_v1.5.1/pico-sdk/src/rp2_common/pico_cyw43_driver/cyw43_driver.c.obj
                0x100074b4                cyw43_thread_enter
 .text.cyw43_thread_exit
                0x100074c8       0x14 CMakeFiles/myBlink_w.dir/C_/Program_Files/Raspberry_Pi/Pico_SDK_v1.5.1/pico-sdk/src/rp2_common/pico_cyw43_driver/cyw43_driver.c.obj
                0x100074c8                cyw43_thread_exit
 .text.cyw43_thread_lock_check
                0x100074dc       0x14 CMakeFiles/myBlink_w.dir/C_/Program_Files/Raspberry_Pi/Pico_SDK_v1.5.1/pico-sdk/src/rp2_common/pico_cyw43_driver/cyw43_driver.c.obj
                0x100074dc                cyw43_thread_lock_check
 .text.cyw43_await_background_or_timeout_us
                0x100074f0       0x60 CMakeFiles/myBlink_w.dir/C_/Program_Files/Raspberry_Pi/Pico_SDK_v1.5.1/pico-sdk/src/rp2_common/pico_cyw43_driver/cyw43_driver.c.obj
                0x100074f0                cyw43_await_background_or_timeout_us
 .text.cyw43_delay_ms
                0x10007550       0x70 CMakeFiles/myBlink_w.dir/C_/Program_Files/Raspberry_Pi/Pico_SDK_v1.5.1/pico-sdk/src/rp2_common/pico_cyw43_driver/cyw43_driver.c.obj
                0x10007550                cyw43_delay_ms
 .text.cyw43_cb_tcpip_deinit
                0x100075c0        0x2 CMakeFiles/myBlink_w.dir/C_/Program_Files/Raspberry_Pi/Pico_SDK_v1.5.1/pico-sdk/src/rp2_common/pico_cyw43_driver/cyw43_driver.c.obj
                0x100075c0                cyw43_cb_tcpip_deinit
 .text.cyw43_cb_tcpip_set_link_up
                0x100075c2        0x6 CMakeFiles/myBlink_w.dir/C_/Program_Files/Raspberry_Pi/Pico_SDK_v1.5.1/pico-sdk/src/rp2_common/pico_cyw43_driver/cyw43_driver.c.obj
                0x100075c2                cyw43_cb_tcpip_set_link_up
 .text.cyw43_cb_tcpip_set_link_down
                0x100075c8        0x6 CMakeFiles/myBlink_w.dir/C_/Program_Files/Raspberry_Pi/Pico_SDK_v1.5.1/pico-sdk/src/rp2_common/pico_cyw43_driver/cyw43_driver.c.obj
                0x100075c8                cyw43_cb_tcpip_set_link_down
 .text.cyw43_cb_process_ethernet
                0x100075ce        0x6 CMakeFiles/myBlink_w.dir/C_/Program_Files/Raspberry_Pi/Pico_SDK_v1.5.1/pico-sdk/src/rp2_common/pico_cyw43_driver/cyw43_driver.c.obj
                0x100075ce                cyw43_cb_process_ethernet
 .text.async_context_threadsafe_background_acquire_lock_blocking
                0x100075d4        0xa CMakeFiles/myBlink_w.dir/C_/Program_Files/Raspberry_Pi/Pico_SDK_v1.5.1/pico-sdk/src/rp2_common/pico_async_context/async_context_threadsafe_background.c.obj
 .text.async_context_threadsafe_background_wake_up
                0x100075de       0x16 CMakeFiles/myBlink_w.dir/C_/Program_Files/Raspberry_Pi/Pico_SDK_v1.5.1/pico-sdk/src/rp2_common/pico_async_context/async_context_threadsafe_background.c.obj
 .text.alarm_handler
                0x100075f4       0x14 CMakeFiles/myBlink_w.dir/C_/Program_Files/Raspberry_Pi/Pico_SDK_v1.5.1/pico-sdk/src/rp2_common/pico_async_context/async_context_threadsafe_background.c.obj
 .text.async_context_threadsafe_background_set_work_pending
                0x10007608        0xc CMakeFiles/myBlink_w.dir/C_/Program_Files/Raspberry_Pi/Pico_SDK_v1.5.1/pico-sdk/src/rp2_common/pico_async_context/async_context_threadsafe_background.c.obj
 .text.async_context_threadsafe_background_lock_check
                0x10007614       0x2c CMakeFiles/myBlink_w.dir/C_/Program_Files/Raspberry_Pi/Pico_SDK_v1.5.1/pico-sdk/src/rp2_common/pico_async_context/async_context_threadsafe_background.c.obj
 .text.process_under_lock
                0x10007640       0xfc CMakeFiles/myBlink_w.dir/C_/Program_Files/Raspberry_Pi/Pico_SDK_v1.5.1/pico-sdk/src/rp2_common/pico_async_context/async_context_threadsafe_background.c.obj
 .text.lock_release
                0x1000773c       0x1e CMakeFiles/myBlink_w.dir/C_/Program_Files/Raspberry_Pi/Pico_SDK_v1.5.1/pico-sdk/src/rp2_common/pico_async_context/async_context_threadsafe_background.c.obj
 .text.async_context_threadsafe_background_execute_sync
                0x1000775a       0x1e CMakeFiles/myBlink_w.dir/C_/Program_Files/Raspberry_Pi/Pico_SDK_v1.5.1/pico-sdk/src/rp2_common/pico_async_context/async_context_threadsafe_background.c.obj
                0x1000775a                async_context_threadsafe_background_execute_sync
 .text.async_context_threadsafe_background_release_lock
                0x10007778        0x8 CMakeFiles/myBlink_w.dir/C_/Program_Files/Raspberry_Pi/Pico_SDK_v1.5.1/pico-sdk/src/rp2_common/pico_async_context/async_context_threadsafe_background.c.obj
 .text.low_prio_irq_deinit
                0x10007780       0x50 CMakeFiles/myBlink_w.dir/C_/Program_Files/Raspberry_Pi/Pico_SDK_v1.5.1/pico-sdk/src/rp2_common/pico_async_context/async_context_threadsafe_background.c.obj
 .text.async_context_threadsafe_background_deinit
                0x100077d0       0x58 CMakeFiles/myBlink_w.dir/C_/Program_Files/Raspberry_Pi/Pico_SDK_v1.5.1/pico-sdk/src/rp2_common/pico_async_context/async_context_threadsafe_background.c.obj
 .text.low_priority_irq_handler
                0x10007828       0x78 CMakeFiles/myBlink_w.dir/C_/Program_Files/Raspberry_Pi/Pico_SDK_v1.5.1/pico-sdk/src/rp2_common/pico_async_context/async_context_threadsafe_background.c.obj
 .text.async_context_threadsafe_background_wait_for_work_until
                0x100078a0        0xa CMakeFiles/myBlink_w.dir/C_/Program_Files/Raspberry_Pi/Pico_SDK_v1.5.1/pico-sdk/src/rp2_common/pico_async_context/async_context_threadsafe_background.c.obj
 .text.async_context_threadsafe_background_wait_until
                0x100078aa       0x1a CMakeFiles/myBlink_w.dir/C_/Program_Files/Raspberry_Pi/Pico_SDK_v1.5.1/pico-sdk/src/rp2_common/pico_async_context/async_context_threadsafe_background.c.obj
 .text.async_context_threadsafe_background_when_pending_worker
                0x100078c4       0x20 CMakeFiles/myBlink_w.dir/C_/Program_Files/Raspberry_Pi/Pico_SDK_v1.5.1/pico-sdk/src/rp2_common/pico_async_context/async_context_threadsafe_background.c.obj
 .text.async_context_threadsafe_background_add_when_pending_worker
                0x100078e4       0x20 CMakeFiles/myBlink_w.dir/C_/Program_Files/Raspberry_Pi/Pico_SDK_v1.5.1/pico-sdk/src/rp2_common/pico_async_context/async_context_threadsafe_background.c.obj
 .text.async_context_threadsafe_background_remove_at_time_worker
                0x10007904       0x20 CMakeFiles/myBlink_w.dir/C_/Program_Files/Raspberry_Pi/Pico_SDK_v1.5.1/pico-sdk/src/rp2_common/pico_async_context/async_context_threadsafe_background.c.obj
 .text.async_context_threadsafe_background_add_at_time_worker
                0x10007924       0x20 CMakeFiles/myBlink_w.dir/C_/Program_Files/Raspberry_Pi/Pico_SDK_v1.5.1/pico-sdk/src/rp2_common/pico_async_context/async_context_threadsafe_background.c.obj
 .text.low_prio_irq_init
                0x10007944       0x80 CMakeFiles/myBlink_w.dir/C_/Program_Files/Raspberry_Pi/Pico_SDK_v1.5.1/pico-sdk/src/rp2_common/pico_async_context/async_context_threadsafe_background.c.obj
 .text.async_context_threadsafe_background_default_config
                0x100079c4        0xa CMakeFiles/myBlink_w.dir/C_/Program_Files/Raspberry_Pi/Pico_SDK_v1.5.1/pico-sdk/src/rp2_common/pico_async_context/async_context_threadsafe_background.c.obj
                0x100079c4                async_context_threadsafe_background_default_config
 *fill*         0x100079ce        0x2 
 .text.async_context_threadsafe_background_init
                0x100079d0       0x74 CMakeFiles/myBlink_w.dir/C_/Program_Files/Raspberry_Pi/Pico_SDK_v1.5.1/pico-sdk/src/rp2_common/pico_async_context/async_context_threadsafe_background.c.obj
                0x100079d0                async_context_threadsafe_background_init
 .text.async_context_base_add_at_time_worker
                0x10007a44       0x1c CMakeFiles/myBlink_w.dir/C_/Program_Files/Raspberry_Pi/Pico_SDK_v1.5.1/pico-sdk/src/rp2_common/pico_async_context/async_context_base.c.obj
                0x10007a44                async_context_base_add_at_time_worker
 .text.async_context_base_remove_at_time_worker
                0x10007a60       0x1c CMakeFiles/myBlink_w.dir/C_/Program_Files/Raspberry_Pi/Pico_SDK_v1.5.1/pico-sdk/src/rp2_common/pico_async_context/async_context_base.c.obj
                0x10007a60                async_context_base_remove_at_time_worker
 .text.async_context_base_add_when_pending_worker
                0x10007a7c       0x1c CMakeFiles/myBlink_w.dir/C_/Program_Files/Raspberry_Pi/Pico_SDK_v1.5.1/pico-sdk/src/rp2_common/pico_async_context/async_context_base.c.obj
                0x10007a7c                async_context_base_add_when_pending_worker
 .text.async_context_base_remove_when_pending_worker
                0x10007a98       0x1c CMakeFiles/myBlink_w.dir/C_/Program_Files/Raspberry_Pi/Pico_SDK_v1.5.1/pico-sdk/src/rp2_common/pico_async_context/async_context_base.c.obj
                0x10007a98                async_context_base_remove_when_pending_worker
 .text.async_context_base_remove_ready_at_time_worker
                0x10007ab4       0x94 CMakeFiles/myBlink_w.dir/C_/Program_Files/Raspberry_Pi/Pico_SDK_v1.5.1/pico-sdk/src/rp2_common/pico_async_context/async_context_base.c.obj
                0x10007ab4                async_context_base_remove_ready_at_time_worker
 .text.async_context_base_refresh_next_timeout
                0x10007b48       0x4c CMakeFiles/myBlink_w.dir/C_/Program_Files/Raspberry_Pi/Pico_SDK_v1.5.1/pico-sdk/src/rp2_common/pico_async_context/async_context_base.c.obj
                0x10007b48                async_context_base_refresh_next_timeout
 .text.async_context_base_execute_once
                0x10007b94       0x48 CMakeFiles/myBlink_w.dir/C_/Program_Files/Raspberry_Pi/Pico_SDK_v1.5.1/pico-sdk/src/rp2_common/pico_async_context/async_context_base.c.obj
                0x10007b94                async_context_base_execute_once
 .text.memcmp   0x10007bdc       0x48 c:/progra~1/raspbe~1/picosd~1.1/gcc-ar~1/bin/../lib/gcc/arm-none-eabi/10.3.1/../../../../arm-none-eabi/lib/thumb/v6-m/nofp\libg.a(lib_a-memcmp.o)
                0x10007bdc                memcmp
 .text.memmove  0x10007c24       0xac c:/progra~1/raspbe~1/picosd~1.1/gcc-ar~1/bin/../lib/gcc/arm-none-eabi/10.3.1/../../../../arm-none-eabi/lib/thumb/v6-m/nofp\libg.a(lib_a-memmove.o)
                0x10007c24                memmove
 .text.strlen   0x10007cd0       0x5c c:/progra~1/raspbe~1/picosd~1.1/gcc-ar~1/bin/../lib/gcc/arm-none-eabi/10.3.1/../../../../arm-none-eabi/lib/thumb/v6-m/nofp\libg.a(lib_a-strlen-stub.o)
                0x10007cd0                strlen
 .text.strncmp  0x10007d2c       0x74 c:/progra~1/raspbe~1/picosd~1.1/gcc-ar~1/bin/../lib/gcc/arm-none-eabi/10.3.1/../../../../arm-none-eabi/lib/thumb/v6-m/nofp\libg.a(lib_a-strncmp.o)
                0x10007d2c                strncmp
 *(.fini)
 .fini          0x10007da0        0x4 c:/progra~1/raspbe~1/picosd~1.1/gcc-ar~1/bin/../lib/gcc/arm-none-eabi/10.3.1/thumb/v6-m/nofp/crti.o
                0x10007da0                _fini
 *fill*         0x10007da4        0x4 
 .fini.__stub   0x10007da8       0xa0 linker stubs
 *crtbegin.o(.ctors)
 *crtbegin?.o(.ctors)
 *(EXCLUDE_FILE(*crtend.o *crtend?.o) .ctors)
 *(SORT_BY_NAME(.ctors.*))
 *(.ctors)
 *crtbegin.o(.dtors)
 *crtbegin?.o(.dtors)
 *(EXCLUDE_FILE(*crtend.o *crtend?.o) .dtors)
 *(SORT_BY_NAME(.dtors.*))
 *(.dtors)
 *(.eh_frame*)
 .eh_frame      0x10007e48        0x0 c:/progra~1/raspbe~1/picosd~1.1/gcc-ar~1/bin/../lib/gcc/arm-none-eabi/10.3.1/thumb/v6-m/nofp/crtbegin.o
                0x10007e48                . = ALIGN (0x4)

.glue_7         0x10007e48        0x0
 .glue_7        0x10007e48        0x0 linker stubs

.glue_7t        0x10007e48        0x0
 .glue_7t       0x10007e48        0x0 linker stubs

.vfp11_veneer   0x10007e48        0x0
 .vfp11_veneer  0x10007e48        0x0 linker stubs

.v4_bx          0x10007e48        0x0
 .v4_bx         0x10007e48        0x0 linker stubs

.iplt           0x10007e48        0x0
 .iplt          0x10007e48        0x0 c:/progra~1/raspbe~1/picosd~1.1/gcc-ar~1/bin/../lib/gcc/arm-none-eabi/10.3.1/thumb/v6-m/nofp/crtbegin.o

.rodata         0x10007e48    0x39a5c
 *(EXCLUDE_FILE(*libm.a: *libc.a:*lib_a-mem*.o *libgcc.a:) .rodata*)
 .rodata.main.str1.4
                0x10007e48       0x12 CMakeFiles/myBlink_w.dir/myBlink_w.c.obj
 *fill*         0x10007e5a        0x2 
 .rodata        0x10007e5c        0xc CMakeFiles/myBlink_w.dir/myBlink_w.c.obj
 .rodata.gpio_add_raw_irq_handler_with_order_priority_masked.str1.4
                0x10007e68       0x87 CMakeFiles/myBlink_w.dir/C_/Program_Files/Raspberry_Pi/Pico_SDK_v1.5.1/pico-sdk/src/rp2_common/hardware_gpio/gpio.c.obj
 *fill*         0x10007eef        0x1 
 .rodata.gpio_remove_raw_irq_handler_masked.str1.4
                0x10007ef0       0x29 CMakeFiles/myBlink_w.dir/C_/Program_Files/Raspberry_Pi/Pico_SDK_v1.5.1/pico-sdk/src/rp2_common/hardware_gpio/gpio.c.obj
 *fill*         0x10007f19        0x3 
 .rodata.__func__.0
                0x10007f1c       0x23 CMakeFiles/myBlink_w.dir/C_/Program_Files/Raspberry_Pi/Pico_SDK_v1.5.1/pico-sdk/src/rp2_common/hardware_gpio/gpio.c.obj
 *fill*         0x10007f3f        0x1 
 .rodata.__func__.1
                0x10007f40       0x34 CMakeFiles/myBlink_w.dir/C_/Program_Files/Raspberry_Pi/Pico_SDK_v1.5.1/pico-sdk/src/rp2_common/hardware_gpio/gpio.c.obj
 .rodata.hw_claim_clear.str1.4
                0x10007f74       0x7d CMakeFiles/myBlink_w.dir/C_/Program_Files/Raspberry_Pi/Pico_SDK_v1.5.1/pico-sdk/src/rp2_common/hardware_claim/claim.c.obj
 *fill*         0x10007ff1        0x3 
 .rodata.__func__.0
                0x10007ff4        0xf CMakeFiles/myBlink_w.dir/C_/Program_Files/Raspberry_Pi/Pico_SDK_v1.5.1/pico-sdk/src/rp2_common/hardware_claim/claim.c.obj
 *fill*         0x10008003        0x1 
 .rodata.make_branch.str1.4
                0x10008004       0x89 CMakeFiles/myBlink_w.dir/C_/Program_Files/Raspberry_Pi/Pico_SDK_v1.5.1/pico-sdk/src/rp2_common/hardware_irq/irq.c.obj
 *fill*         0x1000808d        0x3 
 .rodata.insert_branch_and_link.str1.4
                0x10008090       0x10 CMakeFiles/myBlink_w.dir/C_/Program_Files/Raspberry_Pi/Pico_SDK_v1.5.1/pico-sdk/src/rp2_common/hardware_irq/irq.c.obj
 .rodata.irq_set_exclusive_handler.str1.4
                0x100080a0       0x36 CMakeFiles/myBlink_w.dir/C_/Program_Files/Raspberry_Pi/Pico_SDK_v1.5.1/pico-sdk/src/rp2_common/hardware_irq/irq.c.obj
 *fill*         0x100080d6        0x2 
 .rodata.irq_add_shared_handler.str1.4
                0x100080d8       0xd9 CMakeFiles/myBlink_w.dir/C_/Program_Files/Raspberry_Pi/Pico_SDK_v1.5.1/pico-sdk/src/rp2_common/hardware_irq/irq.c.obj
 *fill*         0x100081b1        0x3 
 .rodata.irq_remove_handler.str1.4
                0x100081b4       0x3a CMakeFiles/myBlink_w.dir/C_/Program_Files/Raspberry_Pi/Pico_SDK_v1.5.1/pico-sdk/src/rp2_common/hardware_irq/irq.c.obj
 *fill*         0x100081ee        0x2 
 .rodata.irq_add_tail_to_free_list.str1.4
                0x100081f0       0x3a CMakeFiles/myBlink_w.dir/C_/Program_Files/Raspberry_Pi/Pico_SDK_v1.5.1/pico-sdk/src/rp2_common/hardware_irq/irq.c.obj
 *fill*         0x1000822a        0x2 
 .rodata.user_irq_claim_unused.str1.4
                0x1000822c       0x1b CMakeFiles/myBlink_w.dir/C_/Program_Files/Raspberry_Pi/Pico_SDK_v1.5.1/pico-sdk/src/rp2_common/hardware_irq/irq.c.obj
 *fill*         0x10008247        0x1 
 .rodata.__func__.0
                0x10008248       0x1a CMakeFiles/myBlink_w.dir/C_/Program_Files/Raspberry_Pi/Pico_SDK_v1.5.1/pico-sdk/src/rp2_common/hardware_irq/irq.c.obj
 *fill*         0x10008262        0x2 
 .rodata.__func__.1
                0x10008264       0x17 CMakeFiles/myBlink_w.dir/C_/Program_Files/Raspberry_Pi/Pico_SDK_v1.5.1/pico-sdk/src/rp2_common/hardware_irq/irq.c.obj
 *fill*         0x1000827b        0x1 
 .rodata.__func__.2
                0x1000827c       0x13 CMakeFiles/myBlink_w.dir/C_/Program_Files/Raspberry_Pi/Pico_SDK_v1.5.1/pico-sdk/src/rp2_common/hardware_irq/irq.c.obj
 *fill*         0x1000828f        0x1 
 .rodata.__func__.3
                0x10008290        0xc CMakeFiles/myBlink_w.dir/C_/Program_Files/Raspberry_Pi/Pico_SDK_v1.5.1/pico-sdk/src/rp2_common/hardware_irq/irq.c.obj
 .rodata.__func__.4
                0x1000829c        0xf CMakeFiles/myBlink_w.dir/C_/Program_Files/Raspberry_Pi/Pico_SDK_v1.5.1/pico-sdk/src/rp2_common/hardware_irq/irq.c.obj
 *fill*         0x100082ab        0x1 
 .rodata.__func__.5
                0x100082ac       0x17 CMakeFiles/myBlink_w.dir/C_/Program_Files/Raspberry_Pi/Pico_SDK_v1.5.1/pico-sdk/src/rp2_common/hardware_irq/irq.c.obj
 *fill*         0x100082c3        0x1 
 .rodata.__func__.6
                0x100082c4       0x1a CMakeFiles/myBlink_w.dir/C_/Program_Files/Raspberry_Pi/Pico_SDK_v1.5.1/pico-sdk/src/rp2_common/hardware_irq/irq.c.obj
 *fill*         0x100082de        0x2 
 .rodata.str1.4
                0x100082e0      0x125 CMakeFiles/myBlink_w.dir/C_/Program_Files/Raspberry_Pi/Pico_SDK_v1.5.1/pico-sdk/src/common/pico_sync/mutex.c.obj
 *fill*         0x10008405        0x3 
 .rodata.__func__.0
                0x10008408       0x15 CMakeFiles/myBlink_w.dir/C_/Program_Files/Raspberry_Pi/Pico_SDK_v1.5.1/pico-sdk/src/common/pico_sync/mutex.c.obj
 *fill*         0x1000841d        0x3 
 .rodata.__func__.1
                0x10008420        0xb CMakeFiles/myBlink_w.dir/C_/Program_Files/Raspberry_Pi/Pico_SDK_v1.5.1/pico-sdk/src/common/pico_sync/mutex.c.obj
 *fill*         0x1000842b        0x1 
 .rodata.__func__.3
                0x1000842c       0x18 CMakeFiles/myBlink_w.dir/C_/Program_Files/Raspberry_Pi/Pico_SDK_v1.5.1/pico-sdk/src/common/pico_sync/mutex.c.obj
 .rodata.__func__.5
                0x10008444       0x1a CMakeFiles/myBlink_w.dir/C_/Program_Files/Raspberry_Pi/Pico_SDK_v1.5.1/pico-sdk/src/common/pico_sync/mutex.c.obj
 *fill*         0x1000845e        0x2 
 .rodata.__func__.6
                0x10008460       0x1f CMakeFiles/myBlink_w.dir/C_/Program_Files/Raspberry_Pi/Pico_SDK_v1.5.1/pico-sdk/src/common/pico_sync/mutex.c.obj
 *fill*         0x1000847f        0x1 
 .rodata.repeating_timer_callback.str1.4
                0x10008480       0x67 CMakeFiles/myBlink_w.dir/C_/Program_Files/Raspberry_Pi/Pico_SDK_v1.5.1/pico-sdk/src/common/pico_time/time.c.obj
 *fill*         0x100084e7        0x1 
 .rodata.timer_pool_entry_comparator.str1.4
                0x100084e8       0x22 CMakeFiles/myBlink_w.dir/C_/Program_Files/Raspberry_Pi/Pico_SDK_v1.5.1/pico-sdk/src/common/pico_time/time.c.obj
 *fill*         0x1000850a        0x2 
 .rodata.ph_add_child_node.str1.4
                0x1000850c       0xb2 CMakeFiles/myBlink_w.dir/C_/Program_Files/Raspberry_Pi/Pico_SDK_v1.5.1/pico-sdk/src/common/pico_time/time.c.obj
 *fill*         0x100085be        0x2 
 .rodata.add_alarm_under_lock.str1.4
                0x100085c0       0x28 CMakeFiles/myBlink_w.dir/C_/Program_Files/Raspberry_Pi/Pico_SDK_v1.5.1/pico-sdk/src/common/pico_time/time.c.obj
                                 0x2b (size before relaxing)
 .rodata.alarm_pool_alarm_callback.str1.4
                0x100085e8       0x98 CMakeFiles/myBlink_w.dir/C_/Program_Files/Raspberry_Pi/Pico_SDK_v1.5.1/pico-sdk/src/common/pico_time/time.c.obj
                                0x118 (size before relaxing)
 .rodata.alarm_pool_get_default.str1.4
                0x10008680       0x21 CMakeFiles/myBlink_w.dir/C_/Program_Files/Raspberry_Pi/Pico_SDK_v1.5.1/pico-sdk/src/common/pico_time/time.c.obj
 *fill*         0x100086a1        0x3 
 .rodata.alarm_pool_cancel_alarm.str1.4
                0x100086a4       0x27 CMakeFiles/myBlink_w.dir/C_/Program_Files/Raspberry_Pi/Pico_SDK_v1.5.1/pico-sdk/src/common/pico_time/time.c.obj
 *fill*         0x100086cb        0x1 
 .rodata.sleep_until.str1.4
                0x100086cc       0x4d CMakeFiles/myBlink_w.dir/C_/Program_Files/Raspberry_Pi/Pico_SDK_v1.5.1/pico-sdk/src/common/pico_time/time.c.obj
 *fill*         0x10008719        0x3 
 .rodata.__func__.1
                0x1000871c       0x18 CMakeFiles/myBlink_w.dir/C_/Program_Files/Raspberry_Pi/Pico_SDK_v1.5.1/pico-sdk/src/common/pico_time/time.c.obj
 .rodata.__func__.10
                0x10008734       0x15 CMakeFiles/myBlink_w.dir/C_/Program_Files/Raspberry_Pi/Pico_SDK_v1.5.1/pico-sdk/src/common/pico_time/time.c.obj
 *fill*         0x10008749        0x3 
 .rodata.__func__.11
                0x1000874c       0x1a CMakeFiles/myBlink_w.dir/C_/Program_Files/Raspberry_Pi/Pico_SDK_v1.5.1/pico-sdk/src/common/pico_time/time.c.obj
 *fill*         0x10008766        0x2 
 .rodata.__func__.12
                0x10008768        0xa CMakeFiles/myBlink_w.dir/C_/Program_Files/Raspberry_Pi/Pico_SDK_v1.5.1/pico-sdk/src/common/pico_time/time.c.obj
 *fill*         0x10008772        0x2 
 .rodata.__func__.3
                0x10008774       0x17 CMakeFiles/myBlink_w.dir/C_/Program_Files/Raspberry_Pi/Pico_SDK_v1.5.1/pico-sdk/src/common/pico_time/time.c.obj
 *fill*         0x1000878b        0x1 
 .rodata.__func__.4
                0x1000878c       0x12 CMakeFiles/myBlink_w.dir/C_/Program_Files/Raspberry_Pi/Pico_SDK_v1.5.1/pico-sdk/src/common/pico_time/time.c.obj
 *fill*         0x1000879e        0x2 
 .rodata.__func__.5
                0x100087a0        0xd CMakeFiles/myBlink_w.dir/C_/Program_Files/Raspberry_Pi/Pico_SDK_v1.5.1/pico-sdk/src/common/pico_time/time.c.obj
 *fill*         0x100087ad        0x3 
 .rodata.__func__.6
                0x100087b0       0x12 CMakeFiles/myBlink_w.dir/C_/Program_Files/Raspberry_Pi/Pico_SDK_v1.5.1/pico-sdk/src/common/pico_time/time.c.obj
 *fill*         0x100087c2        0x2 
 .rodata.__func__.7
                0x100087c4        0xf CMakeFiles/myBlink_w.dir/C_/Program_Files/Raspberry_Pi/Pico_SDK_v1.5.1/pico-sdk/src/common/pico_time/time.c.obj
 *fill*         0x100087d3        0x1 
 .rodata.__func__.8
                0x100087d4        0xc CMakeFiles/myBlink_w.dir/C_/Program_Files/Raspberry_Pi/Pico_SDK_v1.5.1/pico-sdk/src/common/pico_time/time.c.obj
 .rodata.__func__.9
                0x100087e0       0x15 CMakeFiles/myBlink_w.dir/C_/Program_Files/Raspberry_Pi/Pico_SDK_v1.5.1/pico-sdk/src/common/pico_time/time.c.obj
 *fill*         0x100087f5        0x3 
 .rodata.at_the_end_of_time
                0x100087f8        0x8 CMakeFiles/myBlink_w.dir/C_/Program_Files/Raspberry_Pi/Pico_SDK_v1.5.1/pico-sdk/src/common/pico_time/time.c.obj
                0x100087f8                at_the_end_of_time
 .rodata.hardware_alarm_claim.str1.4
                0x10008800       0x22 CMakeFiles/myBlink_w.dir/C_/Program_Files/Raspberry_Pi/Pico_SDK_v1.5.1/pico-sdk/src/rp2_common/hardware_timer/timer.c.obj
 .rodata.busy_wait_us.str1.4
                0x10008822       0x7d CMakeFiles/myBlink_w.dir/C_/Program_Files/Raspberry_Pi/Pico_SDK_v1.5.1/pico-sdk/src/rp2_common/hardware_timer/timer.c.obj
 *fill*         0x10008822        0x2 
 .rodata.hardware_alarm_set_target.str1.4
                0x10008824       0x81 CMakeFiles/myBlink_w.dir/C_/Program_Files/Raspberry_Pi/Pico_SDK_v1.5.1/pico-sdk/src/rp2_common/hardware_timer/timer.c.obj
 *fill*         0x100088a5        0x3 
 .rodata.__func__.0
                0x100088a8       0x1a CMakeFiles/myBlink_w.dir/C_/Program_Files/Raspberry_Pi/Pico_SDK_v1.5.1/pico-sdk/src/rp2_common/hardware_timer/timer.c.obj
 *fill*         0x100088c2        0x2 
 .rodata.__func__.1
                0x100088c4       0x15 CMakeFiles/myBlink_w.dir/C_/Program_Files/Raspberry_Pi/Pico_SDK_v1.5.1/pico-sdk/src/rp2_common/hardware_timer/timer.c.obj
 .rodata.ph_add_child_node.str1.4
                0x100088d9       0xb2 CMakeFiles/myBlink_w.dir/C_/Program_Files/Raspberry_Pi/Pico_SDK_v1.5.1/pico-sdk/src/common/pico_util/pheap.c.obj
 *fill*         0x100088d9        0x3 
 .rodata.ph_remove_any_head.str1.4
                0x100088dc       0xa8 CMakeFiles/myBlink_w.dir/C_/Program_Files/Raspberry_Pi/Pico_SDK_v1.5.1/pico-sdk/src/common/pico_util/pheap.c.obj
                                 0xbc (size before relaxing)
 .rodata.ph_remove_and_free_node.str1.4
                0x10008984       0x1e CMakeFiles/myBlink_w.dir/C_/Program_Files/Raspberry_Pi/Pico_SDK_v1.5.1/pico-sdk/src/common/pico_util/pheap.c.obj
                                 0x26 (size before relaxing)
 *fill*         0x100089a2        0x2 
 .rodata.__func__.0
                0x100089a4       0x18 CMakeFiles/myBlink_w.dir/C_/Program_Files/Raspberry_Pi/Pico_SDK_v1.5.1/pico-sdk/src/common/pico_util/pheap.c.obj
 .rodata.__func__.1
                0x100089bc       0x13 CMakeFiles/myBlink_w.dir/C_/Program_Files/Raspberry_Pi/Pico_SDK_v1.5.1/pico-sdk/src/common/pico_util/pheap.c.obj
 *fill*         0x100089cf        0x1 
 .rodata.__func__.2
                0x100089d0       0x12 CMakeFiles/myBlink_w.dir/C_/Program_Files/Raspberry_Pi/Pico_SDK_v1.5.1/pico-sdk/src/common/pico_util/pheap.c.obj
 *fill*         0x100089e2        0x2 
 .rodata.__func__.3
                0x100089e4        0xc CMakeFiles/myBlink_w.dir/C_/Program_Files/Raspberry_Pi/Pico_SDK_v1.5.1/pico-sdk/src/common/pico_util/pheap.c.obj
 .rodata.clock_configure.str1.4
                0x100089f0       0x73 CMakeFiles/myBlink_w.dir/C_/Program_Files/Raspberry_Pi/Pico_SDK_v1.5.1/pico-sdk/src/rp2_common/hardware_clocks/clocks.c.obj
 *fill*         0x10008a63        0x1 
 .rodata.__func__.1
                0x10008a64       0x10 CMakeFiles/myBlink_w.dir/C_/Program_Files/Raspberry_Pi/Pico_SDK_v1.5.1/pico-sdk/src/rp2_common/hardware_clocks/clocks.c.obj
 .rodata.pll_init.str1.4
                0x10008a74      0x140 CMakeFiles/myBlink_w.dir/C_/Program_Files/Raspberry_Pi/Pico_SDK_v1.5.1/pico-sdk/src/rp2_common/hardware_pll/pll.c.obj
 .rodata.__func__.0
                0x10008bb4        0x9 CMakeFiles/myBlink_w.dir/C_/Program_Files/Raspberry_Pi/Pico_SDK_v1.5.1/pico-sdk/src/rp2_common/hardware_pll/pll.c.obj
 *fill*         0x10008bbd        0x3 
 .rodata.__assert_func.str1.4
                0x10008bc0       0x3f CMakeFiles/myBlink_w.dir/C_/Program_Files/Raspberry_Pi/Pico_SDK_v1.5.1/pico-sdk/src/rp2_common/pico_runtime/runtime.c.obj
                                 0x43 (size before relaxing)
 *fill*         0x10008bff        0x1 
 .rodata.runtime_init.str1.4
                0x10008c00       0x7d CMakeFiles/myBlink_w.dir/C_/Program_Files/Raspberry_Pi/Pico_SDK_v1.5.1/pico-sdk/src/rp2_common/pico_runtime/runtime.c.obj
 *fill*         0x10008c7d        0x3 
 .rodata.panic.str1.4
                0x10008c80       0x10 CMakeFiles/myBlink_w.dir/C_/Program_Files/Raspberry_Pi/Pico_SDK_v1.5.1/pico-sdk/src/rp2_common/pico_runtime/runtime.c.obj
                                 0x12 (size before relaxing)
 .rodata.panic_unsupported.str1.4
                0x10008c90        0xe CMakeFiles/myBlink_w.dir/C_/Program_Files/Raspberry_Pi/Pico_SDK_v1.5.1/pico-sdk/src/rp2_common/pico_runtime/runtime.c.obj
 *fill*         0x10008c9e        0x2 
 .rodata.__func__.2
                0x10008ca0        0xd CMakeFiles/myBlink_w.dir/C_/Program_Files/Raspberry_Pi/Pico_SDK_v1.5.1/pico-sdk/src/rp2_common/pico_runtime/runtime.c.obj
 *fill*         0x10008cad        0x3 
 .rodata._ftoa.str1.4
                0x10008cb0       0x15 CMakeFiles/myBlink_w.dir/C_/Program_Files/Raspberry_Pi/Pico_SDK_v1.5.1/pico-sdk/src/rp2_common/pico_printf/printf.c.obj
 *fill*         0x10008cc5        0x3 
 .rodata._vsnprintf
                0x10008cc8      0x1e0 CMakeFiles/myBlink_w.dir/C_/Program_Files/Raspberry_Pi/Pico_SDK_v1.5.1/pico-sdk/src/rp2_common/pico_printf/printf.c.obj
 .rodata.pow10.0
                0x10008ea8       0x50 CMakeFiles/myBlink_w.dir/C_/Program_Files/Raspberry_Pi/Pico_SDK_v1.5.1/pico-sdk/src/rp2_common/pico_printf/printf.c.obj
 .rodata.missing_double_func_shim.str1.4
                0x10008ef8       0x18 CMakeFiles/myBlink_w.dir/C_/Program_Files/Raspberry_Pi/Pico_SDK_v1.5.1/pico-sdk/src/rp2_common/pico_double/double_init_rom.c.obj
 .rodata.__aeabi_double_init.str1.4
                0x10008f10       0xb8 CMakeFiles/myBlink_w.dir/C_/Program_Files/Raspberry_Pi/Pico_SDK_v1.5.1/pico-sdk/src/rp2_common/pico_double/double_init_rom.c.obj
 .rodata.__func__.0
                0x10008fc8       0x14 CMakeFiles/myBlink_w.dir/C_/Program_Files/Raspberry_Pi/Pico_SDK_v1.5.1/pico-sdk/src/rp2_common/pico_double/double_init_rom.c.obj
 .rodata.missing_float_func_shim.str1.4
                0x10008fdc        0x1 CMakeFiles/myBlink_w.dir/C_/Program_Files/Raspberry_Pi/Pico_SDK_v1.5.1/pico-sdk/src/rp2_common/pico_float/float_init_rom.c.obj
 .rodata.__aeabi_float_init.str1.4
                0x10008fdc       0x96 CMakeFiles/myBlink_w.dir/C_/Program_Files/Raspberry_Pi/Pico_SDK_v1.5.1/pico-sdk/src/rp2_common/pico_float/float_init_rom.c.obj
 *fill*         0x10009072        0x2 
 .rodata.__func__.0
                0x10009074       0x13 CMakeFiles/myBlink_w.dir/C_/Program_Files/Raspberry_Pi/Pico_SDK_v1.5.1/pico-sdk/src/rp2_common/pico_float/float_init_rom.c.obj
 *fill*         0x10009087        0x1 
 .rodata.str1.4
                0x10009088       0x40 CMakeFiles/myBlink_w.dir/C_/Program_Files/Raspberry_Pi/Pico_SDK_v1.5.1/pico-sdk/src/rp2_common/pico_standard_link/binary_info.c.obj
 .rodata.__bi_44
                0x100090c8        0xc CMakeFiles/myBlink_w.dir/C_/Program_Files/Raspberry_Pi/Pico_SDK_v1.5.1/pico-sdk/src/rp2_common/pico_standard_link/binary_info.c.obj
 .rodata.__bi_75
                0x100090d4        0xc CMakeFiles/myBlink_w.dir/C_/Program_Files/Raspberry_Pi/Pico_SDK_v1.5.1/pico-sdk/src/rp2_common/pico_standard_link/binary_info.c.obj
 .rodata.__bi_81
                0x100090e0        0xc CMakeFiles/myBlink_w.dir/C_/Program_Files/Raspberry_Pi/Pico_SDK_v1.5.1/pico-sdk/src/rp2_common/pico_standard_link/binary_info.c.obj
 .rodata.stdout_serialize_begin.str1.4
                0x100090ec       0x7d CMakeFiles/myBlink_w.dir/C_/Program_Files/Raspberry_Pi/Pico_SDK_v1.5.1/pico-sdk/src/rp2_common/pico_stdio/stdio.c.obj
 .rodata.__func__.3
                0x100090ec       0x15 CMakeFiles/myBlink_w.dir/C_/Program_Files/Raspberry_Pi/Pico_SDK_v1.5.1/pico-sdk/src/rp2_common/pico_stdio/stdio.c.obj
 *fill*         0x10009101        0x3 
 .rodata.crlf_str.2
                0x10009104        0x2 CMakeFiles/myBlink_w.dir/C_/Program_Files/Raspberry_Pi/Pico_SDK_v1.5.1/pico-sdk/src/rp2_common/pico_stdio/stdio.c.obj
 *fill*         0x10009106        0x2 
 .rodata.str1.4
                0x10009108       0x2c CMakeFiles/myBlink_w.dir/C_/Program_Files/Raspberry_Pi/Pico_SDK_v1.5.1/pico-sdk/src/rp2_common/pico_stdio_uart/stdio_uart.c.obj
 .rodata.__bi_33.4
                0x10009134        0xc CMakeFiles/myBlink_w.dir/C_/Program_Files/Raspberry_Pi/Pico_SDK_v1.5.1/pico-sdk/src/rp2_common/pico_stdio_uart/stdio_uart.c.obj
 .rodata.__bi_34.5
                0x10009140        0x8 CMakeFiles/myBlink_w.dir/C_/Program_Files/Raspberry_Pi/Pico_SDK_v1.5.1/pico-sdk/src/rp2_common/pico_stdio_uart/stdio_uart.c.obj
 .rodata.str1.4
                0x10009148      0x176 CMakeFiles/myBlink_w.dir/C_/Program_Files/Raspberry_Pi/Pico_SDK_v1.5.1/pico-sdk/src/rp2_common/hardware_flash/flash.c.obj
 *fill*         0x100092be        0x2 
 .rodata.__func__.0
                0x100092c0        0xd CMakeFiles/myBlink_w.dir/C_/Program_Files/Raspberry_Pi/Pico_SDK_v1.5.1/pico-sdk/src/rp2_common/hardware_flash/flash.c.obj
 *fill*         0x100092cd        0x3 
 .rodata.cyw43_spi_init.str1.4
                0x100092d0       0x7c CMakeFiles/myBlink_w.dir/C_/Program_Files/Raspberry_Pi/Pico_SDK_v1.5.1/pico-sdk/src/rp2_common/pico_cyw43_driver/cyw43_bus_pio_spi.c.obj
 .rodata.cyw43_spi_transfer.str1.4
                0x1000934c      0x11b CMakeFiles/myBlink_w.dir/C_/Program_Files/Raspberry_Pi/Pico_SDK_v1.5.1/pico-sdk/src/rp2_common/pico_cyw43_driver/cyw43_bus_pio_spi.c.obj
 *fill*         0x10009467        0x1 
 .rodata.read_reg_u32_swap.str1.4